Component: ARM Compiler 5.06 update 6 (build 750) Tool: armlink [4d35ed]

==============================================================================

Section Cross References

    main.o(.text) refers to hw3.o(.text) for hw3_main
    project_hardware_init.o(.text) refers to main.o(.text) for DisableInterrupts
    project_hardware_init.o(.text) refers to serial_debug.o(.text) for init_serial_debug
    project_hardware_init.o(.text) refers to eeprom.o(.text) for eeprom_init
    project_hardware_init.o(.text) refers to ft6x06.o(.text) for ft6x06_init
    project_hardware_init.o(.text) refers to lcd.o(.text) for lcd_config_gpio
    project_hardware_init.o(.text) refers to ps2-new.o(.text) for ps2_initialize
    project_hardware_init.o(.text) refers to launchpad_io.o(.text) for lp_io_init
    project_hardware_init.o(.text) refers to timers.o(.text) for gp_timer_config_32
    project_hardware_init.o(.text) refers to io_expander.o(.text) for io_expander_init
    project_interrupts.o(.text) refers to _scanf_str.o(.text) for _scanf_string
    project_interrupts.o(.text) refers to hw3.o(.text) for contact_edge
    project_interrupts.o(.text) refers to launchpad_io.o(.text) for lp_io_set_pin
    project_interrupts.o(.text) refers to lcd.o(.text) for lcd_draw_rectangle_centered
    project_interrupts.o(.text) refers to memseta.o(.text) for __aeabi_memclr
    project_interrupts.o(.text) refers to __0scanf.o(.text) for __0scanf
    project_interrupts.o(.text) refers to project_interrupts.o(.data) for PS2_X_DATA
    project_interrupts.o(.text) refers to project_images.o(.constdata) for car2WidthPixels
    project_interrupts.o(.text) refers to hw3.o(.data) for CAR21_Y_COORD
    project_interrupts.o(.text) refers to project_interrupts.o(.bss) for input
    project_interrupts.o(.text) refers to io_expander.o(.text) for io_expander_read_reg
    hw3_staff.o(.text) refers to hw3_staff.o(.data) for lfsr
    hw3_staff.o(.text) refers to hw3_staff.o(.constdata) for MOV_DIR
    ps2-new.o(.text) refers to gpio_port.o(.text) for gpio_enable_port
    hw3.o(.text) refers to eeprom.o(.text) for eeprom_byte_write
    hw3.o(.text) refers to printf1.o(i.__0printf$1) for __2printf
    hw3.o(.text) refers to hw3.o(.data) for screen_height
    hw3.o(.text) refers to hw3.o(.bss) for first
    hw3.o(.text) refers to project_images.o(.constdata) for invaderWidthPixels
    hw3.o(.text) refers to lcd.o(.text) for lcd_draw_image
    hw3.o(.text) refers to project_hardware_init.o(.text) for initializeBoard
    hw3.o(.text) refers to ft6x06.o(.text) for ft6x06_read_td_status
    hw3.o(.text) refers to timers.o(.text) for gp_timer_wait
    hw3.o(.text) refers to hw3.o(.conststring) for .conststring
    pc_buffer.o(.text) refers to malloc.o(i.malloc) for malloc
    accel.o(.text) refers to spi_select.o(.text) for spi_select_init
    accel.o(.text) refers to gpio_port.o(.text) for gpio_enable_port
    accel.o(.text) refers to spi.o(.text) for initialize_spi
    eeprom.o(.text) refers to i2c.o(.text) for i2cVerifyBaseAddr
    eeprom.o(.text) refers to gpio_port.o(.text) for gpio_enable_port
    ft6x06.o(.text) refers to i2c.o(.text) for I2CMasterBusy
    ft6x06.o(.text) refers to gpio_port.o(.text) for gpio_enable_port
    lcd.o(.text) refers to gpio_port.o(.text) for gpio_enable_port
    serial_debug.o(.text) refers to gpio_port.o(.text) for gpio_enable_port
    serial_debug.o(.text) refers to pc_buffer.o(.text) for pc_buffer_init
    serial_debug.o(.text) refers to uart.o(.text) for uart_init
    serial_debug.o(.text) refers to main.o(.text) for DisableInterrupts
    serial_debug.o(.text) refers to serial_debug.o(.data) for Rx_Interrupts_Enabled
    serial_debug.o(.text) refers to serial_debug.o(.bss) for UART0_Tx_Buffer
    serial_debug.o(.text) refers to stdout.o(.data) for __stdout
    spi_select.o(.text) refers to gpio_port.o(.text) for gpio_enable_port
    io_expander.o(.text) refers to gpio_port.o(.text) for gpio_enable_port
    io_expander.o(.text) refers to i2c.o(.text) for initializeI2CMaster
    startup_tm4c123.o(RESET) refers to startup_tm4c123.o(STACK) for __initial_sp
    startup_tm4c123.o(RESET) refers to startup_tm4c123.o(.text) for Reset_Handler
    startup_tm4c123.o(RESET) refers to serial_debug.o(.text) for UART0_Handler
    startup_tm4c123.o(RESET) refers to project_interrupts.o(.text) for ADC0SS2_Handler
    startup_tm4c123.o(.text) refers to system_tm4c123.o(.text) for SystemInit
    startup_tm4c123.o(.text) refers to entry.o(.ARM.Collect$$$$00000000) for __main
    system_tm4c123.o(.text) refers to system_tm4c123.o(.data) for SystemCoreClock
    entry.o(.ARM.Collect$$$$00000000) refers (Special) to entry10a.o(.ARM.Collect$$$$0000000D) for __rt_final_cpp
    entry.o(.ARM.Collect$$$$00000000) refers (Special) to entry11a.o(.ARM.Collect$$$$0000000F) for __rt_final_exit
[...]
    printf7.o(i.__0fprintf$7) refers to printf7.o(i._printf_core) for _printf_core
    printf7.o(i.__0fprintf$7) refers to serial_debug.o(.text) for fputc
    printf7.o(i.__0printf$7) refers to printf7.o(i._printf_core) for _printf_core
    printf7.o(i.__0printf$7) refers to serial_debug.o(.text) for fputc
    printf7.o(i.__0printf$7) refers to stdout.o(.data) for __stdout
    printf7.o(i.__0snprintf$7) refers to printf7.o(i._printf_core) for _printf_core
    printf7.o(i.__0snprintf$7) refers to printf7.o(i._snputc) for _snputc
    printf7.o(i.__0sprintf$7) refers to printf7.o(i._printf_core) for _printf_core
    printf7.o(i.__0sprintf$7) refers to printf7.o(i._sputc) for _sputc
    printf7.o(i.__0vfprintf$7) refers to printf7.o(i._printf_core) for _printf_core
    printf7.o(i.__0vfprintf$7) refers to serial_debug.o(.text) for fputc
    printf7.o(i.__0vprintf$7) refers to printf7.o(i._printf_core) for _printf_core
    printf7.o(i.__0vprintf$7) refers to serial_debug.o(.text) for fputc
    printf7.o(i.__0vprintf$7) refers to stdout.o(.data) for __stdout
    printf7.o(i.__0vsnprintf$7) refers to printf7.o(i._printf_core) for _printf_core
    printf7.o(i.__0vsnprintf$7) refers to printf7.o(i._snputc) for _snputc
    printf7.o(i.__0vsprintf$7) refers to printf7.o(i._printf_core) for _printf_core
    printf7.o(i.__0vsprintf$7) refers to printf7.o(i._sputc) for _sputc
    printf7.o(i._printf_core) refers to printf7.o(i._printf_pre_padding) for _printf_pre_padding
    printf7.o(i._printf_core) refers to uldiv.o(.text) for __aeabi_uldivmod
    printf7.o(i._printf_core) refers to printf7.o(i._printf_post_padding) for _printf_post_padding
    printf8.o(i.__0fprintf$8) refers to printf8.o(i._printf_core) for _printf_core
    printf8.o(i.__0fprintf$8) refers to serial_debug.o(.text) for fputc
    printf8.o(i.__0printf$8) refers to printf8.o(i._printf_core) for _printf_core
    printf8.o(i.__0printf$8) refers to serial_debug.o(.text) for fputc
    printf8.o(i.__0printf$8) refers to stdout.o(.data) for __stdout
    printf8.o(i.__0snprintf$8) refers to printf8.o(i._printf_core) for _printf_core
    printf8.o(i.__0snprintf$8) refers to printf8.o(i._snputc) for _snputc
    printf8.o(i.__0sprintf$8) refers to printf8.o(i._printf_core) for _printf_core
    printf8.o(i.__0sprintf$8) refers to printf8.o(i._sputc) for _sputc
    printf8.o(i.__0vfprintf$8) refers to printf8.o(i._printf_core) for _printf_core
    printf8.o(i.__0vfprintf$8) refers to serial_debug.o(.text) for fputc
    printf8.o(i.__0vprintf$8) refers to printf8.o(i._printf_core) for _printf_core
    printf8.o(i.__0vprintf$8) refers to serial_debug.o(.text) for fputc
    printf8.o(i.__0vprintf$8) refers to stdout.o(.data) for __stdout
    printf8.o(i.__0vsnprintf$8) refers to printf8.o(i._printf_core) for _printf_core
    printf8.o(i.__0vsnprintf$8) refers to printf8.o(i._snputc) for _snputc
    printf8.o(i.__0vsprintf$8) refers to printf8.o(i._printf_core) for _printf_core
    printf8.o(i.__0vsprintf$8) refers to printf8.o(i._sputc) for _sputc
    printf8.o(i._printf_core) refers to printf8.o(i._printf_pre_padding) for _printf_pre_padding
    printf8.o(i._printf_core) refers to uldiv.o(.text) for __aeabi_uldivmod
    printf8.o(i._printf_core) refers to printf8.o(i._printf_post_padding) for _printf_post_padding
    printfa.o(i.__0fprintf) refers (Special) to iusefp.o(.text) for __I$use$fp
    printfa.o(i.__0fprintf) refers to printfa.o(i._printf_core) for _printf_core
    printfa.o(i.__0fprintf) refers to serial_debug.o(.text) for fputc
    printfa.o(i.__0printf) refers (Special) to iusefp.o(.text) for __I$use$fp
    printfa.o(i.__0printf) refers to printfa.o(i._printf_core) for _printf_core
    printfa.o(i.__0printf) refers to serial_debug.o(.text) for fputc
    printfa.o(i.__0printf) refers to stdout.o(.data) for __stdout
    printfa.o(i.__0snprintf) refers (Special) to iusefp.o(.text) for __I$use$fp
    printfa.o(i.__0snprintf) refers to printfa.o(i._printf_core) for _printf_core
    printfa.o(i.__0snprintf) refers to printfa.o(i._snputc) for _snputc
    printfa.o(i.__0sprintf) refers (Special) to iusefp.o(.text) for __I$use$fp
    printfa.o(i.__0sprintf) refers to printfa.o(i._printf_core) for _printf_core
    printfa.o(i.__0sprintf) refers to printfa.o(i._sputc) for _sputc
    printfa.o(i.__0vfprintf) refers (Special) to iusefp.o(.text) for __I$use$fp
    printfa.o(i.__0vfprintf) refers to printfa.o(i._printf_core) for _printf_core
    printfa.o(i.__0vfprintf) refers to serial_debug.o(.text) for fputc
    printfa.o(i.__0vprintf) refers (Special) to iusefp.o(.text) for __I$use$fp
    printfa.o(i.__0vprintf) refers to printfa.o(i._printf_core) for _printf_core
    printfa.o(i.__0vprintf) refers to serial_debug.o(.text) for fputc
    printfa.o(i.__0vprintf) refers to stdout.o(.data) for __stdout
    printfa.o(i.__0vsnprintf) refers (Special) to iusefp.o(.text) for __I$use$fp
    printfa.o(i.__0vsnprintf) refers to printfa.o(i._printf_core) for _printf_core
    printfa.o(i.__0vsnprintf) refers to printfa.o(i._snputc) for _snputc
    printfa.o(i.__0vsprintf) refers (Special) to iusefp.o(.text) for __I$use$fp
    printfa.o(i.__0vsprintf) refers to printfa.o(i._printf_core) for _printf_core
    printfa.o(i.__0vsprintf) refers to printfa.o(i._sputc) for _sputc
    printfa.o(i._fp_digits) refers (Special) to iusefp.o(.text) for __I$use$fp
    printfa.o(i._fp_digits) refers to dmul.o(.text) for __aeabi_dmul
    printfa.o(i._fp_digits) refers to ddiv.o(.text) for __aeabi_ddiv
    printfa.o(i._fp_digits) refers to cdrcmple.o(.text) for __aeabi_cdrcmple
    printfa.o(i._fp_digits) refers to dadd.o(.text) for __aeabi_dadd
    printfa.o(i._fp_digits) refers to dfixul.o(.text) for __aeabi_d2ulz
    printfa.o(i._fp_digits) refers to uldiv.o(.text) for __aeabi_uldivmod
    printfa.o(i._printf_core) refers (Special) to iusefp.o(.text) for __I$use$fp
    printfa.o(i._printf_core) refers to printfa.o(i._printf_pre_padding) for _printf_pre_padding
    printfa.o(i._printf_core) refers to uldiv.o(.text) for __aeabi_uldivmod
    printfa.o(i._printf_core) refers to printfa.o(i._printf_post_padding) for _printf_post_padding
    printfa.o(i._printf_core) refers to printfa.o(i._fp_digits) for _fp_digits
    printfa.o(i._printf_core) refers to uidiv.o(.text) for __aeabi_uidivmod
    printfa.o(i._printf_post_padding) refers (Special) to iusefp.o(.text) for __I$use$fp
    printfa.o(i._printf_pre_padding) refers (Special) to iusefp.o(.text) for __I$use$fp
    printfa.o(i._snputc) refers (Special) to iusefp.o(.text) for __I$use$fp
    printfa.o(i._sputc) refers (Special) to iusefp.o(.text) for __I$use$fp
    malloc.o(i.free) refers to mvars.o(.data) for __microlib_freelist
    malloc.o(i.malloc) refers to mvars.o(.data) for __microlib_freelist_initialised
    malloc.o(i.malloc) refers to mvars.o(.data) for __microlib_freelist
    malloc.o(i.malloc) refers to startup_tm4c123.o(HEAP) for __heap_base
    mallocr.o(i.__free$realloc) refers to mvars.o(.data) for __microlib_freelist
    mallocr.o(i.__malloc$realloc) refers to mallocr.o(i.internal_alloc) for internal_alloc
    mallocr.o(i.__malloc$realloc) refers to mvars.o(.data) for __microlib_freelist_initialised
    mallocr.o(i.__malloc$realloc) refers to startup_tm4c123.o(HEAP) for __heap_base
    mallocr.o(i.__malloc$realloc) refers to mvars.o(.data) for __microlib_freelist
    mallocr.o(i.internal_alloc) refers to memcpya.o(.text) for __aeabi_memcpy
    mallocr.o(i.internal_alloc) refers to mvars.o(.data) for __microlib_freelist
    mallocr.o(i.realloc) refers to mallocr.o(i.__free$realloc) for __free$realloc
    mallocr.o(i.realloc) refers to mallocr.o(i.internal_alloc) for internal_alloc
    mallocr.o(i.realloc) refers to mallocr.o(i.__malloc$realloc) for __malloc$realloc
    mallocr.o(i.realloc) refers to mvars.o(.data) for __microlib_freelist
    malloca.o(i.__aligned_malloc) refers to mvars.o(.data) for __microlib_freelist_initialised
    malloca.o(i.__aligned_malloc) refers to mvars.o(.data) for __microlib_freelist
    malloca.o(i.__aligned_malloc) refers to startup_tm4c123.o(HEAP) for __heap_base
    malloca.o(i.__free$memalign) refers to mvars.o(.data) for __microlib_freelist
    malloca.o(i.__malloc$memalign) refers to malloca.o(i.__aligned_malloc) for __aligned_malloc
    mallocra.o(i.__aligned_malloc$realloc) refers to mallocra.o(i.internal_alloc) for internal_alloc
    mallocra.o(i.__aligned_malloc$realloc) refers to mvars.o(.data) for __microlib_freelist_initialised
    mallocra.o(i.__aligned_malloc$realloc) refers to startup_tm4c123.o(HEAP) for __heap_base
    mallocra.o(i.__aligned_malloc$realloc) refers to mvars.o(.data) for __microlib_freelist
    mallocra.o(i.__free$realloc$memalign) refers to mvars.o(.data) for __microlib_freelist
    mallocra.o(i.__malloc$realloc$memalign) refers to mallocra.o(i.__aligned_malloc$realloc) for __aligned_malloc$realloc
    mallocra.o(i.__realloc$memalign) refers to mallocra.o(i.__free$realloc$memalign) for __free$realloc$memalign
    mallocra.o(i.__realloc$memalign) refers to mallocra.o(i.internal_alloc) for internal_alloc
    mallocra.o(i.__realloc$memalign) refers to mallocra.o(i.__malloc$realloc$memalign) for __malloc$realloc$memalign
    mallocra.o(i.__realloc$memalign) refers to mvars.o(.data) for __microlib_freelist
    mallocra.o(i.internal_alloc) refers to memcpya.o(.text) for __aeabi_memcpy
    mallocra.o(i.internal_alloc) refers to mvars.o(.data) for __microlib_freelist
    __0scanf.o(.text) refers to scanf_char_file.o(.text) for __vfscanf_char_file
    __0scanf.o(.text) refers to stdin.o(.data) for __stdin
    entry2.o(.ARM.Collect$$$$00000001) refers to entry2.o(.ARM.Collect$$$$00002712) for __lit__00000000
    entry2.o(.ARM.Collect$$$$00002712) refers to startup_tm4c123.o(STACK) for __initial_sp
    entry2.o(__vectab_stack_and_reset_area) refers to startup_tm4c123.o(STACK) for __initial_sp
    entry2.o(__vectab_stack_and_reset_area) refers to entry.o(.ARM.Collect$$$$00000000) for __main
    entry5.o(.ARM.Collect$$$$00000004) refers to init.o(.text) for __scatterload
    entry9a.o(.ARM.Collect$$$$0000000B) refers to main.o(.text) for main
    entry9b.o(.ARM.Collect$$$$0000000C) refers to main.o(.text) for main
    uldiv.o(.text) refers to llushr.o(.text) for __aeabi_llsr
    uldiv.o(.text) refers to llshl.o(.text) for __aeabi_llsl
    scanf_char_file.o(.text) refers to scanf_char.o(.text) for __vfscanf_char
    scanf_char_file.o(.text) refers to serial_debug.o(.text) for fgetc
    scanf_char_file.o(.text) refers to fgetc_b.o(.text) for __backspace
    dadd.o(.text) refers to llshl.o(.text) for __aeabi_llsl
    dadd.o(.text) refers to llsshr.o(.text) for __aeabi_lasr
    dadd.o(.text) refers to depilogue.o(.text) for _double_epilogue
    dmul.o(.text) refers to depilogue.o(.text) for _double_epilogue
    ddiv.o(.text) refers to depilogue.o(.text) for _double_round
    dfixul.o(.text) refers to llushr.o(.text) for __aeabi_llsr
    dfixul.o(.text) refers to llshl.o(.text) for __aeabi_llsl
    init.o(.text) refers to entry5.o(.ARM.Collect$$$$00000004) for __main_after_scatterload
    fgetc_b.o(.text) refers (Special) to iusesemig.o(.text) for __I$use$semihosting$fgetc
    fgetc_b.o(.text) refers (Special) to semi.o(.text) for __semihosting_library_function
    fgetc_b.o(.text) refers to fgetc_b.o(.data) for .data
    fgetc_b.o(.data) refers (Special) to iusesemig.o(.text) for __I$use$semihosting$fgetc
    fgetc_b.o(.data) refers (Special) to semi.o(.text) for __semihosting_library_function
    scanf_char.o(.text) refers to _scanf.o(.text) for __vfscanf
    scanf_char.o(.text) refers to isspace_c.o(.text) for isspace
    depilogue.o(.text) refers to llshl.o(.text) for __aeabi_llsl
    depilogue.o(.text) refers to llushr.o(.text) for __aeabi_llsr
    isspace_c.o(.text) refers to ctype_c.o(.text) for __ctype_lookup
    _scanf.o(.text) refers (Weak) to _scanf_str.o(.text) for _scanf_string
    ctype_c.o(.text) refers to ctype_c.o(.constdata) for .constdata


==============================================================================

Removing Unused input sections from the image.

    Removing main.o(.rev16_text), (4 bytes).
    Removing main.o(.revsh_text), (4 bytes).
    Removing main.o(.rrx_text), (6 bytes).
    Removing project_hardware_init.o(.rev16_text), (4 bytes).
    Removing project_hardware_init.o(.revsh_text), (4 bytes).
    Removing project_hardware_init.o(.rrx_text), (6 bytes).
    Removing project_interrupts.o(.rev16_text), (4 bytes).
    Removing project_interrupts.o(.revsh_text), (4 bytes).
    Removing project_interrupts.o(.rrx_text), (6 bytes).
    Removing hw3_staff.o(.rev16_text), (4 bytes).
    Removing hw3_staff.o(.revsh_text), (4 bytes).
    Removing hw3_staff.o(.rrx_text), (6 bytes).
    Removing hw3_staff.o(.text), (124 bytes).
    Removing hw3_staff.o(.constdata), (20 bytes).
    Removing hw3_staff.o(.data), (2 bytes).
    Removing ps2-new.o(.rev16_text), (4 bytes).
    Removing ps2-new.o(.revsh_text), (4 bytes).
    Removing ps2-new.o(.rrx_text), (6 bytes).
    Removing hw3.o(.rev16_text), (4 bytes).
    Removing hw3.o(.revsh_text), (4 bytes).
    Removing hw3.o(.rrx_text), (6 bytes).
    Removing adc.o(.rev16_text), (4 bytes).
    Removing adc.o(.revsh_text), (4 bytes).
    Removing adc.o(.rrx_text), (6 bytes).
    Removing adc.o(.text), (296 bytes).
    Removing gpio_port.o(.rev16_text), (4 bytes).
    Removing gpio_port.o(.revsh_text), (4 bytes).
    Removing gpio_port.o(.rrx_text), (6 bytes).
    Removing i2c.o(.rev16_text), (4 bytes).
    Removing i2c.o(.revsh_text), (4 bytes).
    Removing i2c.o(.rrx_text), (6 bytes).
    Removing spi.o(.rev16_text), (4 bytes).
    Removing spi.o(.revsh_text), (4 bytes).
    Removing spi.o(.rrx_text), (6 bytes).
    Removing spi.o(.text), (352 bytes).
    Removing timers.o(.rev16_text), (4 bytes).
    Removing timers.o(.revsh_text), (4 bytes).
    Removing timers.o(.rrx_text), (6 bytes).
    Removing uart.o(.rev16_text), (4 bytes).
    Removing uart.o(.revsh_text), (4 bytes).
    Removing uart.o(.rrx_text), (6 bytes).
    Removing gptimer.o(.rev16_text), (4 bytes).
    Removing gptimer.o(.revsh_text), (4 bytes).
    Removing gptimer.o(.rrx_text), (6 bytes).
    Removing gptimer.o(.text), (892 bytes).
    Removing accel.o(.rev16_text), (4 bytes).
    Removing accel.o(.revsh_text), (4 bytes).
    Removing accel.o(.rrx_text), (6 bytes).
    Removing accel.o(.text), (224 bytes).
    Removing eeprom.o(.rev16_text), (4 bytes).
    Removing eeprom.o(.revsh_text), (4 bytes).
    Removing eeprom.o(.rrx_text), (6 bytes).
    Removing ft6x06.o(.rev16_text), (4 bytes).
    Removing ft6x06.o(.revsh_text), (4 bytes).
    Removing ft6x06.o(.rrx_text), (6 bytes).
    Removing launchpad_io.o(.rev16_text), (4 bytes).
    Removing launchpad_io.o(.revsh_text), (4 bytes).
    Removing launchpad_io.o(.rrx_text), (6 bytes).
    Removing lcd.o(.rev16_text), (4 bytes).
    Removing lcd.o(.revsh_text), (4 bytes).
    Removing lcd.o(.rrx_text), (6 bytes).
    Removing serial_debug.o(.rev16_text), (4 bytes).
    Removing serial_debug.o(.revsh_text), (4 bytes).
    Removing serial_debug.o(.rrx_text), (6 bytes).
    Removing spi_select.o(.rev16_text), (4 bytes).
    Removing spi_select.o(.revsh_text), (4 bytes).
    Removing spi_select.o(.rrx_text), (6 bytes).
    Removing spi_select.o(.text), (164 bytes).
    Removing ws2812b.o(FLASH), (160 bytes).
    Removing ece353_images.o(.constdata), (5991 bytes).
    Removing lcd_images.o(.constdata), (4864 bytes).
    Removing io_expander.o(.rev16_text), (4 bytes).
    Removing io_expander.o(.revsh_text), (4 bytes).
    Removing io_expander.o(.rrx_text), (6 bytes).
    Removing system_tm4c123.o(.rev16_text), (4 bytes).
    Removing system_tm4c123.o(.revsh_text), (4 bytes).
    Removing system_tm4c123.o(.rrx_text), (6 bytes).
    Removing dadd.o(.text), (334 bytes).
    Removing dmul.o(.text), (228 bytes).
    Removing ddiv.o(.text), (222 bytes).
    Removing dfixul.o(.text), (48 bytes).
    Removing cdrcmple.o(.text), (48 bytes).
    Removing depilogue.o(.text), (186 bytes).

83 unused section(s) (total 14463 bytes) removed from the image.

==============================================================================

Image Symbol Table

    Local Symbols

    Symbol Name                              Value     Ov Type        Size  Object(Section)

    RESET                                    0x00000000   Section      620  startup_tm4c123.o(RESET)
    ../clib/microlib/ctype/ctype.c           0x00000000   Number         0  ctype_c.o ABSOLUTE
    ../clib/microlib/ctype/ctype.c           0x00000000   Number         0  isspace_c.o ABSOLUTE
    ../clib/microlib/division.c              0x00000000   Number         0  uldiv.o ABSOLUTE
    ../clib/microlib/division.c              0x00000000   Number         0  uidiv.o ABSOLUTE
    ../clib/microlib/init/entry.s            0x00000000   Number         0  entry7a.o ABSOLUTE
    ../clib/microlib/init/entry.s            0x00000000   Number         0  entry7b.o ABSOLUTE
    ../clib/microlib/init/entry.s            0x00000000   Number         0  entry11b.o ABSOLUTE
    ../clib/microlib/init/entry.s            0x00000000   Number         0  entry11a.o ABSOLUTE
    ../clib/microlib/init/entry.s            0x00000000   Number         0  entry10b.o ABSOLUTE
    ../clib/microlib/init/entry.s            0x00000000   Number         0  entry9b.o ABSOLUTE
    ../clib/microlib/init/entry.s            0x00000000   Number         0  entry9a.o ABSOLUTE
    ../clib/microlib/init/entry.s            0x00000000   Number         0  entry8b.o ABSOLUTE
    ../clib/microlib/init/entry.s            0x00000000   Number         0  entry8a.o ABSOLUTE
    ../clib/microlib/init/entry.s            0x00000000   Number         0  entry2.o ABSOLUTE
    ../clib/microlib/init/entry.s            0x00000000   Number         0  entry10a.o ABSOLUTE
    ../clib/microlib/init/entry.s            0x00000000   Number         0  entry.o ABSOLUTE
    ../clib/microlib/init/entry.s            0x00000000   Number         0  entry5.o ABSOLUTE
    ../clib/microlib/longlong.c              0x00000000   Number         0  llsshr.o ABSOLUTE
    ../clib/microlib/longlong.c              0x00000000   Number         0  llushr.o ABSOLUTE
    ../clib/microlib/longlong.c              0x00000000   Number         0  llshl.o ABSOLUTE
    ../clib/microlib/malloc/malloc.c         0x00000000   Number         0  mallocra.o ABSOLUTE
    ../clib/microlib/malloc/malloc.c         0x00000000   Number         0  malloca.o ABSOLUTE
    ../clib/microlib/malloc/malloc.c         0x00000000   Number         0  mallocr.o ABSOLUTE
    ../clib/microlib/malloc/malloc.c         0x00000000   Number         0  malloc.o ABSOLUTE
    ../clib/microlib/malloc/mvars.c          0x00000000   Number         0  mvars.o ABSOLUTE
    ../clib/microlib/printf/printf.c         0x00000000   Number         0  printfb.o ABSOLUTE
    ../clib/microlib/printf/printf.c         0x00000000   Number         0  printf8.o ABSOLUTE
    ../clib/microlib/printf/printf.c         0x00000000   Number         0  printf7.o ABSOLUTE
    ../clib/microlib/printf/printf.c         0x00000000   Number         0  printf6.o ABSOLUTE
    ../clib/microlib/printf/printf.c         0x00000000   Number         0  printf5.o ABSOLUTE
    ../clib/microlib/printf/printf.c         0x00000000   Number         0  printfa.o ABSOLUTE
    ../clib/microlib/printf/printf.c         0x00000000   Number         0  printf4.o ABSOLUTE
    ../clib/microlib/printf/printf.c         0x00000000   Number         0  printf3.o ABSOLUTE
    ../clib/microlib/printf/printf.c         0x00000000   Number         0  printf2.o ABSOLUTE
    ../clib/microlib/printf/printf.c         0x00000000   Number         0  printf1.o ABSOLUTE
    ../clib/microlib/printf/printf.c         0x00000000   Number         0  printf0.o ABSOLUTE
    ../clib/microlib/printf/stubs.s          0x00000000   Number         0  stubs.o ABSOLUTE
    ../clib/microlib/stdio/fgetc.c           0x00000000   Number         0  fgetc_b.o ABSOLUTE
    ../clib/microlib/stdio/semi.s            0x00000000   Number         0  semi.o ABSOLUTE
    ../clib/microlib/stdio/streams.c         0x00000000   Number         0  stdin.o ABSOLUTE
    ../clib/microlib/stdio/streams.c         0x00000000   Number         0  stdout.o ABSOLUTE
    ../clib/microlib/string/memcpy.c         0x00000000   Number         0  memcpyb.o ABSOLUTE
    ../clib/microlib/string/memcpy.c         0x00000000   Number         0  memcpya.o ABSOLUTE
    ../clib/microlib/string/memset.c         0x00000000   Number         0  memseta.o ABSOLUTE
    ../clib/microlib/stubs.s                 0x00000000   Number         0  iusefp.o ABSOLUTE
    ../clib/microlib/stubs.s                 0x00000000   Number         0  iusesemig.o ABSOLUTE
    ../clib/scanf.c                          0x00000000   Number         0  _scanf_str.o ABSOLUTE
    ../clib/scanf.c                          0x00000000   Number         0  scanf_char_file.o ABSOLUTE
    ../clib/scanf.c                          0x00000000   Number         0  scanf_char.o ABSOLUTE
    ../clib/scanf.c                          0x00000000   Number         0  _scanf.o ABSOLUTE
    ../clib/scanf.c                          0x00000000   Number         0  __0scanf.o ABSOLUTE
    ../fplib/microlib/fpadd.c                0x00000000   Number         0  dadd.o ABSOLUTE
    ../fplib/microlib/fpdiv.c                0x00000000   Number         0  ddiv.o ABSOLUTE
    ../fplib/microlib/fpepilogue.c           0x00000000   Number         0  depilogue.o ABSOLUTE
    ../fplib/microlib/fpfix.c                0x00000000   Number         0  dfixul.o ABSOLUTE
    ../fplib/microlib/fpmul.c                0x00000000   Number         0  dmul.o ABSOLUTE
    ..\\ece353_project_game\\drivers\\c\\adc.c 0x00000000   Number         0  adc.o ABSOLUTE
    ..\\ece353_project_game\\drivers\\c\\gpio_port.c 0x00000000   Number         0  gpio_port.o ABSOLUTE
    ..\\ece353_project_game\\drivers\\c\\i2c.c 0x00000000   Number         0  i2c.o ABSOLUTE
    ..\\ece353_project_game\\drivers\\c\\spi.c 0x00000000   Number         0  spi.o ABSOLUTE
    ..\\ece353_project_game\\drivers\\c\\timers.c 0x00000000   Number         0  timers.o ABSOLUTE
    ..\\ece353_project_game\\drivers\\c\\uart.c 0x00000000   Number         0  uart.o ABSOLUTE
    ..\\ece353_project_game\\peripherals\\c\\accel.c 0x00000000   Number         0  accel.o ABSOLUTE
    ..\\ece353_project_game\\peripherals\\c\\eeprom.c 0x00000000   Number         0  eeprom.o ABSOLUTE
    ..\\ece353_project_game\\peripherals\\c\\ft6x06.c 0x00000000   Number         0  ft6x06.o ABSOLUTE
    ..\\ece353_project_game\\peripherals\\c\\launchpad_io.c 0x00000000   Number         0  launchpad_io.o ABSOLUTE
    ..\\ece353_project_game\\peripherals\\c\\lcd.c 0x00000000   Number         0  lcd.o ABSOLUTE
    ..\\ece353_project_game\\peripherals\\c\\serial_debug.c 0x00000000   Number         0  serial_debug.o ABSOLUTE
    ..\\ece353_project_game\\peripherals\\c\\spi_select.c 0x00000000   Number         0  spi_select.o ABSOLUTE
    ..\ece353_project_game\drivers\c\adc.c   0x00000000   Number         0  adc.o ABSOLUTE
    ..\ece353_project_game\drivers\c\gpio_port.c 0x00000000   Number         0  gpio_port.o ABSOLUTE
    ..\ece353_project_game\drivers\c\i2c.c   0x00000000   Number         0  i2c.o ABSOLUTE
    ..\ece353_project_game\drivers\c\pc_buffer.c 0x00000000   Number         0  pc_buffer.o ABSOLUTE
    ..\ece353_project_game\drivers\c\spi.c   0x00000000   Number         0  spi.o ABSOLUTE
    ..\ece353_project_game\drivers\c\timers.c 0x00000000   Number         0  timers.o ABSOLUTE
    ..\ece353_project_game\drivers\c\uart.c  0x00000000   Number         0  uart.o ABSOLUTE
    ..\ece353_project_game\peripherals\c\accel.c 0x00000000   Number         0  accel.o ABSOLUTE
    ..\ece353_project_game\peripherals\c\eeprom.c 0x00000000   Number         0  eeprom.o ABSOLUTE
    ..\ece353_project_game\peripherals\c\ft6x06.c 0x00000000   Number         0  ft6x06.o ABSOLUTE
    ..\ece353_project_game\peripherals\c\launchpad_io.c 0x00000000   Number         0  launchpad_io.o ABSOLUTE
    ..\ece353_project_game\peripherals\c\lcd.c 0x00000000   Number         0  lcd.o ABSOLUTE
    ..\ece353_project_game\peripherals\c\serial_debug.c 0x00000000   Number         0  serial_debug.o ABSOLUTE
    ..\ece353_project_game\peripherals\c\spi_select.c 0x00000000   Number         0  spi_select.o ABSOLUTE
    ..\ece353_project_game\peripherals\c\ws2812b.s 0x00000000   Number         0  ws2812b.o ABSOLUTE
    RTE\Device\TM4C123GH6PM\startup_TM4C123.s 0x00000000   Number         0  startup_tm4c123.o ABSOLUTE
    RTE\Device\TM4C123GH6PM\system_TM4C123.c 0x00000000   Number         0  system_tm4c123.o ABSOLUTE
    RTE\\Device\\TM4C123GH6PM\\system_TM4C123.c 0x00000000   Number         0  system_tm4c123.o ABSOLUTE
    cdrcmple.s                               0x00000000   Number         0  cdrcmple.o ABSOLUTE
    dc.s                                     0x00000000   Number         0  dc.o ABSOLUTE
    drivers\\c\\gptimer.c                    0x00000000   Number         0  gptimer.o ABSOLUTE
    drivers\c\gptimer.c                      0x00000000   Number         0  gptimer.o ABSOLUTE
    handlers.s                               0x00000000   Number         0  handlers.o ABSOLUTE
    hw3.c                                    0x00000000   Number         0  hw3.o ABSOLUTE
    hw3.c                                    0x00000000   Number         0  hw3.o ABSOLUTE
    hw3_staff.c                              0x00000000   Number         0  hw3_staff.o ABSOLUTE
    hw3_staff.c                              0x00000000   Number         0  hw3_staff.o ABSOLUTE
    init.s                                   0x00000000   Number         0  init.o ABSOLUTE
    main.c                                   0x00000000   Number         0  main.o ABSOLUTE
    main.c                                   0x00000000   Number         0  main.o ABSOLUTE
    peripherals\\c\\io_expander.c            0x00000000   Number         0  io_expander.o ABSOLUTE
    peripherals\c\ece353_images.c            0x00000000   Number         0  ece353_images.o ABSOLUTE
    peripherals\c\io_expander.c              0x00000000   Number         0  io_expander.o ABSOLUTE
    peripherals\c\lcd_images.c               0x00000000   Number         0  lcd_images.o ABSOLUTE
    project_hardware_init.c                  0x00000000   Number         0  project_hardware_init.o ABSOLUTE
    project_hardware_init.c                  0x00000000   Number         0  project_hardware_init.o ABSOLUTE
    project_images.c                         0x00000000   Number         0  project_images.o ABSOLUTE
    project_interrupts.c                     0x00000000   Number         0  project_interrupts.o ABSOLUTE
    project_interrupts.c                     0x00000000   Number         0  project_interrupts.o ABSOLUTE
    ps2-new.c                                0x00000000   Number         0  ps2-new.o ABSOLUTE
    ps2-new.c                                0x00000000   Number         0  ps2-new.o ABSOLUTE
    .ARM.Collect$$$$00000000                 0x0000026c   Section        0  entry.o(.ARM.Collect$$$$00000000)
    .ARM.Collect$$$$00000001                 0x0000026c   Section        4  entry2.o(.ARM.Collect$$$$00000001)
    .ARM.Collect$$$$00000004                 0x00000270   Section        4  entry5.o(.ARM.Collect$$$$00000004)
    .ARM.Collect$$$$00000008                 0x00000274   Section        0  entry7b.o(.ARM.Collect$$$$00000008)
    .ARM.Collect$$$$0000000A                 0x00000274   Section        0  entry8b.o(.ARM.Collect$$$$0000000A)
    .ARM.Collect$$$$0000000B                 0x00000274   Section        8  entry9a.o(.ARM.Collect$$$$0000000B)
    .ARM.Collect$$$$0000000D                 0x0000027c   Section        0  entry10a.o(.ARM.Collect$$$$0000000D)
    .ARM.Collect$$$$0000000F                 0x0000027c   Section        0  entry11a.o(.ARM.Collect$$$$0000000F)
    .ARM.Collect$$$$00002712                 0x0000027c   Section        4  entry2.o(.ARM.Collect$$$$00002712)
    __lit__00000000                          0x0000027c   Data           4  entry2.o(.ARM.Collect$$$$00002712)
    .text                                    0x00000280   Section        0  main.o(.text)
    .text                                    0x00000290   Section        0  project_hardware_init.o(.text)
    .text                                    0x0000035c   Section        0  project_interrupts.o(.text)
    .text                                    0x0000089c   Section        0  ps2-new.o(.text)
    initialize_adc_gpio_pins                 0x0000089d   Thumb Code    34  ps2-new.o(.text)
    ps2_configure_adc                        0x000008bf   Thumb Code   118  ps2-new.o(.text)
    .text                                    0x000009b4   Section        0  hw3.o(.text)
    .text                                    0x000018fc   Section        0  gpio_port.o(.text)
    verify_base_addr                         0x000018fd   Thumb Code    64  gpio_port.o(.text)
    .text                                    0x00001bc0   Section        0  i2c.o(.text)
    .text                                    0x00001dc8   Section        0  pc_buffer.o(.text)
    .text                                    0x00001e44   Section        0  timers.o(.text)
    __NVIC_EnableIRQ                         0x00001e45   Thumb Code    34  timers.o(.text)
    __NVIC_SetPriority                       0x00001e67   Thumb Code    32  timers.o(.text)
    verify_base_addr                         0x00001e87   Thumb Code    64  timers.o(.text)
    get_clock_masks                          0x00001f11   Thumb Code   106  timers.o(.text)
    .text                                    0x00002150   Section        0  uart.o(.text)
    .text                                    0x000023d4   Section        0  eeprom.o(.text)
    eeprom_wait_for_write                    0x000023d5   Thumb Code    68  eeprom.o(.text)
    .text                                    0x0000255c   Section        0  ft6x06.o(.text)
    ft6x06_set_addr                          0x0000255d   Thumb Code    52  ft6x06.o(.text)
    ft6x06_read_data                         0x00002591   Thumb Code    52  ft6x06.o(.text)
    .text                                    0x00002700   Section        0  launchpad_io.o(.text)
    .text                                    0x000027c4   Section        0  lcd.o(.text)
    lcd_write_cmd_u8                         0x000027df   Thumb Code    40  lcd.o(.text)
    lcd_write_data_u8                        0x00002807   Thumb Code    28  lcd.o(.text)
    lcd_write_data_u16                       0x00002823   Thumb Code    48  lcd.o(.text)
    .text                                    0x0000330c   Section        0  serial_debug.o(.text)
    .text                                    0x00003508   Section        0  io_expander.o(.text)
    .text                                    0x000036c4   Section      252  startup_tm4c123.o(.text)
    $v0                                      0x000036c4   Number         0  startup_tm4c123.o(.text)
    .text                                    0x000037c0   Section        0  system_tm4c123.o(.text)
    getOscClk                                0x000037c1   Thumb Code   182  system_tm4c123.o(.text)
    .text                                    0x00003a10   Section        0  memseta.o(.text)
    .text                                    0x00003a34   Section        0  __0scanf.o(.text)
    .text                                    0x00003a54   Section        0  _scanf_str.o(.text)
    .text                                    0x00003b34   Section        0  uidiv.o(.text)
    .text                                    0x00003b60   Section        0  scanf_char_file.o(.text)
    .text                                    0x00003b74   Section       36  init.o(.text)
    .text                                    0x00003b98   Section        0  fgetc_b.o(.text)
    .text                                    0x00003bc4   Section        0  scanf_char.o(.text)
    _scanf_char_input                        0x00003bc5   Thumb Code    12  scanf_char.o(.text)
    .text                                    0x00003bec   Section        0  isspace_c.o(.text)
    .text                                    0x00003bec   Section        0  semi.o(.text)
    .text                                    0x00003bf8   Section        0  _scanf.o(.text)
    .text                                    0x00003f24   Section        0  ctype_c.o(.text)
    .text                                    0x00003f24   Section        0  iusesemig.o(.text)
    i.__0printf$1                            0x00003f4c   Section        0  printf1.o(i.__0printf$1)
    i.__scatterload_copy                     0x00003f6c   Section       14  handlers.o(i.__scatterload_copy)
    i.__scatterload_null                     0x00003f7a   Section        2  handlers.o(i.__scatterload_null)
    i.__scatterload_zeroinit                 0x00003f7c   Section       14  handlers.o(i.__scatterload_zeroinit)
    i._printf_core                           0x00003f8c   Section        0  printf1.o(i._printf_core)
    _printf_core                             0x00003f8d   Thumb Code   336  printf1.o(i._printf_core)
    i.malloc                                 0x000040e0   Section        0  malloc.o(i.malloc)
    .constdata                               0x0000414c   Section     6606  project_images.o(.constdata)
    .constdata                               0x00005b1a   Section       64  ctype_c.o(.constdata)
    .conststring                             0x00005b5c   Section       69  hw3.o(.conststring)
    .data                                    0x20000000   Section       28  project_interrupts.o(.data)
    PS2_X_DATA                               0x20000000   Data           2  project_interrupts.o(.data)
    PS2_Y_DATA                               0x20000002   Data           2  project_interrupts.o(.data)
    PS2_DIR                                  0x20000004   Data           1  project_interrupts.o(.data)
    VIRUS1_DIR                               0x20000005   Data           1  project_interrupts.o(.data)
    VIRUS2_DIR                               0x20000006   Data           1  project_interrupts.o(.data)
    move_count                               0x20000008   Data           2  project_interrupts.o(.data)
    debounce_io_down                         0x20000018   Data           4  project_interrupts.o(.data)
    .data                                    0x2000001c   Section      129  hw3.o(.data)
    .data                                    0x2000009d   Section        2  serial_debug.o(.data)
    Rx_Interrupts_Enabled                    0x2000009d   Data           1  serial_debug.o(.data)
    Tx_Interrupts_Enabled                    0x2000009e   Data           1  serial_debug.o(.data)
    .data                                    0x200000a0   Section        4  system_tm4c123.o(.data)
    .data                                    0x200000a4   Section        4  stdout.o(.data)
    .data                                    0x200000a8   Section        4  stdin.o(.data)
    .data                                    0x200000ac   Section        4  mvars.o(.data)
    .data                                    0x200000b0   Section        4  mvars.o(.data)
    .data                                    0x200000b4   Section        3  fgetc_b.o(.data)
    ungetc_sp                                0x200000b4   Data           1  fgetc_b.o(.data)
    ungetc_stack                             0x200000b5   Data           2  fgetc_b.o(.data)
    .bss                                     0x200000b8   Section       80  project_interrupts.o(.bss)
    .bss                                     0x20000108   Section       32  hw3.o(.bss)
    .bss                                     0x20000128   Section       28  serial_debug.o(.bss)
    HEAP                                     0x20000148   Section        0  startup_tm4c123.o(HEAP)
    STACK                                    0x20000148   Section     4096  startup_tm4c123.o(STACK)

    Global Symbols

    Symbol Name                              Value     Ov Type        Size  Object(Section)

    BuildAttributes$$THM_ISAv4$E$P$D$K$B$S$7EM$VFPi3$EXTD16$VFPS$VFMA$PE$A:L22UL41UL21$X:L11$S22US41US21$IEEE1$IW$USESV6$~STKCKD$USESV7$~SHL$OSPACE$ROPI$EBA8$MICROLIB$REQ8$EABIv2 0x00000000   Number         0  anon$$obj.o ABSOLUTE
    __ARM_use_no_argv                        0x00000000   Number         0  main.o ABSOLUTE
    __Vectors                                0x00000000   Data           4  startup_tm4c123.o(RESET)
    _printf_a                                0x00000000   Number         0  stubs.o ABSOLUTE
    _printf_c                                0x00000000   Number         0  stubs.o ABSOLUTE
    _printf_charcount                        0x00000000   Number         0  stubs.o ABSOLUTE
    _printf_d                                0x00000000   Number         0  stubs.o ABSOLUTE
    _printf_e                                0x00000000   Number         0  stubs.o ABSOLUTE
    _printf_f                                0x00000000   Number         0  stubs.o ABSOLUTE
    _printf_flags                            0x00000000   Number         0  stubs.o ABSOLUTE
    _printf_fp_dec                           0x00000000   Number         0  stubs.o ABSOLUTE
    _printf_fp_hex                           0x00000000   Number         0  stubs.o ABSOLUTE
    _printf_g                                0x00000000   Number         0  stubs.o ABSOLUTE
    _printf_i                                0x00000000   Number         0  stubs.o ABSOLUTE
    _printf_int_dec                          0x00000000   Number         0  stubs.o ABSOLUTE
    _printf_l                                0x00000000   Number         0  stubs.o ABSOLUTE
    _printf_lc                               0x00000000   Number         0  stubs.o ABSOLUTE
    _printf_ll                               0x00000000   Number         0  stubs.o ABSOLUTE
    _printf_lld                              0x00000000   Number         0  stubs.o ABSOLUTE
    _printf_lli                              0x00000000   Number         0  stubs.o ABSOLUTE
    _printf_llo                              0x00000000   Number         0  stubs.o ABSOLUTE
    _printf_llu                              0x00000000   Number         0  stubs.o ABSOLUTE
    _printf_llx                              0x00000000   Number         0  stubs.o ABSOLUTE
    _printf_longlong_dec                     0x00000000   Number         0  stubs.o ABSOLUTE
    _printf_longlong_hex                     0x00000000   Number         0  stubs.o ABSOLUTE
    _printf_longlong_oct                     0x00000000   Number         0  stubs.o ABSOLUTE
    _printf_ls                               0x00000000   Number         0  stubs.o ABSOLUTE
    _printf_mbtowc                           0x00000000   Number         0  stubs.o ABSOLUTE
    _printf_n                                0x00000000   Number         0  stubs.o ABSOLUTE
    _printf_o                                0x00000000   Number         0  stubs.o ABSOLUTE
    _printf_p                                0x00000000   Number         0  stubs.o ABSOLUTE
    _printf_percent                          0x00000000   Number         0  stubs.o ABSOLUTE
    _printf_pre_padding                      0x00000000   Number         0  stubs.o ABSOLUTE
    _printf_return_value                     0x00000000   Number         0  stubs.o ABSOLUTE
    _printf_s                                0x00000000   Number         0  stubs.o ABSOLUTE
    _printf_sizespec                         0x00000000   Number         0  stubs.o ABSOLUTE
    _printf_str                              0x00000000   Number         0  stubs.o ABSOLUTE
    _printf_truncate_signed                  0x00000000   Number         0  stubs.o ABSOLUTE
    _printf_truncate_unsigned                0x00000000   Number         0  stubs.o ABSOLUTE
    _printf_u                                0x00000000   Number         0  stubs.o ABSOLUTE
    _printf_wc                               0x00000000   Number         0  stubs.o ABSOLUTE
    _printf_wctomb                           0x00000000   Number         0  stubs.o ABSOLUTE
    _printf_widthprec                        0x00000000   Number         0  stubs.o ABSOLUTE
    _printf_x                                0x00000000   Number         0  stubs.o ABSOLUTE
    __cpp_initialize__aeabi_                  - Undefined Weak Reference
    __cxa_finalize                            - Undefined Weak Reference
    __decompress                              - Undefined Weak Reference
    _clock_init                               - Undefined Weak Reference
    _microlib_exit                            - Undefined Weak Reference
    _scanf_int                                - Undefined Weak Reference
    _scanf_longlong                           - Undefined Weak Reference
    _scanf_real                               - Undefined Weak Reference
    __Vectors_End                            0x0000026c   Data           0  startup_tm4c123.o(RESET)
    __Vectors_Size                           0x0000026c   Number         0  startup_tm4c123.o ABSOLUTE
    __main                                   0x0000026d   Thumb Code     0  entry.o(.ARM.Collect$$$$00000000)
    _main_stk                                0x0000026d   Thumb Code     0  entry2.o(.ARM.Collect$$$$00000001)
    _main_scatterload                        0x00000271   Thumb Code     0  entry5.o(.ARM.Collect$$$$00000004)
    __main_after_scatterload                 0x00000275   Thumb Code     0  entry5.o(.ARM.Collect$$$$00000004)
    _main_clock                              0x00000275   Thumb Code     0  entry7b.o(.ARM.Collect$$$$00000008)
    _main_cpp_init                           0x00000275   Thumb Code     0  entry8b.o(.ARM.Collect$$$$0000000A)
    _main_init                               0x00000275   Thumb Code     0  entry9a.o(.ARM.Collect$$$$0000000B)
    __rt_final_cpp                           0x0000027d   Thumb Code     0  entry10a.o(.ARM.Collect$$$$0000000D)
    __rt_final_exit                          0x0000027d   Thumb Code     0  entry11a.o(.ARM.Collect$$$$0000000F)
    DisableInterrupts                        0x00000281   Thumb Code     4  main.o(.text)
    EnableInterrupts                         0x00000285   Thumb Code     4  main.o(.text)
    main                                     0x00000289   Thumb Code     8  main.o(.text)
    initializeBoard                          0x00000291   Thumb Code   168  project_hardware_init.o(.text)
    ps2_get_direction                        0x0000035d   Thumb Code    80  project_interrupts.o(.text)
    TIMER0A_Handler                          0x000003ad   Thumb Code   160  project_interrupts.o(.text)
    TIMER1A_Handler                          0x0000044d   Thumb Code    48  project_interrupts.o(.text)
    TIMER2A_Handler                          0x0000047d   Thumb Code   254  project_interrupts.o(.text)
    TIMER3A_Handler                          0x0000057b   Thumb Code   198  project_interrupts.o(.text)
    TIMER4A_Handler                          0x00000641   Thumb Code    26  project_interrupts.o(.text)
    TIMER5A_Handler                          0x0000065b   Thumb Code   216  project_interrupts.o(.text)
    ADC0SS2_Handler                          0x00000733   Thumb Code   272  project_interrupts.o(.text)
    button_pressed                           0x00000843   Thumb Code    48  project_interrupts.o(.text)
    GPIOF_Handler                            0x00000873   Thumb Code    24  project_interrupts.o(.text)
    ps2_initialize_adc                       0x00000935   Thumb Code    88  ps2-new.o(.text)
    ps2_initialize                           0x0000098d   Thumb Code    12  ps2-new.o(.text)
    ps2_get_x                                0x00000999   Thumb Code     2  ps2-new.o(.text)
    ps2_get_y                                0x0000099b   Thumb Code     2  ps2-new.o(.text)
    contact_edge                             0x000009b5   Thumb Code   202  hw3.o(.text)
    check_game_over                          0x00000a7f   Thumb Code   204  hw3.o(.text)
    contact_boundary                         0x00000b4b   Thumb Code   270  hw3.o(.text)
    move_image                               0x00000c59   Thumb Code    64  hw3.o(.text)
    getTheRightNumberHelper                  0x00000c99   Thumb Code    64  hw3.o(.text)
    getTheRightNumber                        0x00000cd9   Thumb Code   106  hw3.o(.text)
    writeHighScore                           0x00000d43   Thumb Code    56  hw3.o(.text)
    getHighScore                             0x00000d7b   Thumb Code   168  hw3.o(.text)
    renderHighScore                          0x00000e23   Thumb Code   130  hw3.o(.text)
    renderUserScore                          0x00000ea5   Thumb Code   130  hw3.o(.text)
    hw3_main                                 0x00000f27   Thumb Code  2444  hw3.o(.text)
    gpio_get_irq_num                         0x0000193d   Thumb Code    74  gpio_port.o(.text)
    gpio_enable_port                         0x00001987   Thumb Code   156  gpio_port.o(.text)
    gpio_config_digital_enable               0x00001a23   Thumb Code    34  gpio_port.o(.text)
    gpio_config_enable_output                0x00001a45   Thumb Code    34  gpio_port.o(.text)
    gpio_config_enable_input                 0x00001a67   Thumb Code    34  gpio_port.o(.text)
    gpio_config_enable_pullup                0x00001a89   Thumb Code    34  gpio_port.o(.text)
    gpio_config_enable_pulldown              0x00001aab   Thumb Code    34  gpio_port.o(.text)
    gpio_config_analog_enable                0x00001acd   Thumb Code    34  gpio_port.o(.text)
    gpio_config_alternate_function           0x00001aef   Thumb Code    34  gpio_port.o(.text)
    gpio_config_port_control                 0x00001b11   Thumb Code    54  gpio_port.o(.text)
    gpio_config_open_drain                   0x00001b47   Thumb Code    34  gpio_port.o(.text)
    gpio_config_falling_edge_irq             0x00001b69   Thumb Code    56  gpio_port.o(.text)
    initializeI2CMaster                      0x00001bc1   Thumb Code   160  i2c.o(.text)
    i2cVerifyBaseAddr                        0x00001c61   Thumb Code    36  i2c.o(.text)
    i2cSetSlaveAddr                          0x00001c85   Thumb Code    30  i2c.o(.text)
    i2cStop                                  0x00001ca3   Thumb Code    26  i2c.o(.text)
    I2CMasterBusy                            0x00001cbd   Thumb Code    34  i2c.o(.text)
    I2CMasterAdrAck                          0x00001cdf   Thumb Code    34  i2c.o(.text)
    I2CMasterDatAck                          0x00001d01   Thumb Code    34  i2c.o(.text)
    i2cSendByte                              0x00001d23   Thumb Code    82  i2c.o(.text)
    i2cGetByte                               0x00001d75   Thumb Code    60  i2c.o(.text)
    pc_buffer_init                           0x00001dc9   Thumb Code    26  pc_buffer.o(.text)
    pc_buffer_add                            0x00001de3   Thumb Code    28  pc_buffer.o(.text)
    pc_buffer_remove                         0x00001dff   Thumb Code    30  pc_buffer.o(.text)
    pc_buffer_empty                          0x00001e1d   Thumb Code    18  pc_buffer.o(.text)
    pc_buffer_full                           0x00001e2f   Thumb Code    22  pc_buffer.o(.text)
    timer_get_irq_num                        0x00001ec7   Thumb Code    74  timers.o(.text)
    gp_timer_wait                            0x00001f7b   Thumb Code    64  timers.o(.text)
    gp_timer_config_32                       0x00001fbb   Thumb Code   190  timers.o(.text)
    gp_timer_config_16                       0x00002079   Thumb Code   190  timers.o(.text)
    verify_uart_base                         0x00002151   Thumb Code    54  uart.o(.text)
    uart_get_rcgc_mask                       0x00002187   Thumb Code    68  uart.o(.text)
    uart_get_pr_mask                         0x000021cb   Thumb Code    68  uart.o(.text)
    uart_get_irq_num                         0x0000220f   Thumb Code    68  uart.o(.text)
    uart_tx_poll                             0x00002253   Thumb Code    38  uart.o(.text)
    uart_tx_poll_string                      0x00002279   Thumb Code    50  uart.o(.text)
    uart_rx_poll                             0x000022ab   Thumb Code    70  uart.o(.text)
    uart_init                                0x000022f1   Thumb Code   210  uart.o(.text)
    eeprom_byte_write                        0x00002419   Thumb Code    76  eeprom.o(.text)
    eeprom_byte_read                         0x00002465   Thumb Code    88  eeprom.o(.text)
    eeprom_init                              0x000024bd   Thumb Code   156  eeprom.o(.text)
    ft6x06_read_td_status                    0x000025c5   Thumb Code    24  ft6x06.o(.text)
    ft6x06_read_x                            0x000025dd   Thumb Code    52  ft6x06.o(.text)
    ft6x06_read_y                            0x00002611   Thumb Code    80  ft6x06.o(.text)
    ft6x06_init                              0x00002661   Thumb Code   156  ft6x06.o(.text)
    lp_io_set_pin                            0x00002701   Thumb Code    18  launchpad_io.o(.text)
    lp_io_clear_pin                          0x00002713   Thumb Code    18  launchpad_io.o(.text)
    lp_io_read_pin                           0x00002725   Thumb Code    22  launchpad_io.o(.text)
    lp_io_init                               0x0000273b   Thumb Code   112  launchpad_io.o(.text)
    delayms                                  0x000027c5   Thumb Code    26  lcd.o(.text)
    lcd_set_pos                              0x00002853   Thumb Code    58  lcd.o(.text)
    lcd_clear_screen                         0x0000288d   Thumb Code    52  lcd.o(.text)
    lcd_draw_box                             0x000028c1   Thumb Code   138  lcd.o(.text)
    lcd_draw_rectangle                       0x0000294b   Thumb Code    82  lcd.o(.text)
    lcd_draw_rectangle_centered              0x0000299d   Thumb Code   152  lcd.o(.text)
    lcd_draw_pixel                           0x00002a35   Thumb Code    28  lcd.o(.text)
    lcd_draw_char                            0x00002a51   Thumb Code   556  lcd.o(.text)
    lcd_draw_image                           0x00002c7d   Thumb Code   242  lcd.o(.text)
    lcd_draw_color_image                     0x00002d6f   Thumb Code   142  lcd.o(.text)
    lcd_config_gpio                          0x00002dfd   Thumb Code   190  lcd.o(.text)
    lcd_config_screen                        0x00002ebb   Thumb Code   548  lcd.o(.text)
    lcd_draw_line                            0x000030df   Thumb Code   200  lcd.o(.text)
    lcd_draw_circle                          0x000031a7   Thumb Code   356  lcd.o(.text)
    init_serial_debug                        0x0000330d   Thumb Code    90  serial_debug.o(.text)
    serial_debug_rx                          0x00003367   Thumb Code    58  serial_debug.o(.text)
    serial_debug_tx                          0x000033a1   Thumb Code    82  serial_debug.o(.text)
    fputc                                    0x000033f3   Thumb Code    66  serial_debug.o(.text)
    fgetc                                    0x00003435   Thumb Code    50  serial_debug.o(.text)
    UART0_Handler                            0x00003467   Thumb Code   138  serial_debug.o(.text)
    io_expander_init                         0x00003509   Thumb Code   156  io_expander.o(.text)
    io_expander_write_reg                    0x000035a5   Thumb Code    38  io_expander.o(.text)
    io_expander_read_reg                     0x000035cb   Thumb Code    52  io_expander.o(.text)
    setUpButtons                             0x000035ff   Thumb Code   182  io_expander.o(.text)
    Reset_Handler                            0x000036c5   Thumb Code     8  startup_tm4c123.o(.text)
    NMI_Handler                              0x000036cd   Thumb Code     2  startup_tm4c123.o(.text)
    HardFault_Handler                        0x000036cf   Thumb Code     2  startup_tm4c123.o(.text)
    MemManage_Handler                        0x000036d1   Thumb Code     2  startup_tm4c123.o(.text)
    BusFault_Handler                         0x000036d3   Thumb Code     2  startup_tm4c123.o(.text)
    UsageFault_Handler                       0x000036d5   Thumb Code     2  startup_tm4c123.o(.text)
    SVC_Handler                              0x000036d7   Thumb Code     2  startup_tm4c123.o(.text)
    DebugMon_Handler                         0x000036d9   Thumb Code     2  startup_tm4c123.o(.text)
    PendSV_Handler                           0x000036db   Thumb Code     2  startup_tm4c123.o(.text)
    SysTick_Handler                          0x000036dd   Thumb Code     2  startup_tm4c123.o(.text)
    GPIOA_Handler                            0x000036df   Thumb Code     2  startup_tm4c123.o(.text)
    GPIOB_Handler                            0x000036e1   Thumb Code     2  startup_tm4c123.o(.text)
    GPIOC_Handler                            0x000036e3   Thumb Code     2  startup_tm4c123.o(.text)
    GPIOD_Handler                            0x000036e5   Thumb Code     2  startup_tm4c123.o(.text)
    GPIOE_Handler                            0x000036e7   Thumb Code     2  startup_tm4c123.o(.text)
    UART1_Handler                            0x000036eb   Thumb Code     2  startup_tm4c123.o(.text)
    SSI0_Handler                             0x000036ed   Thumb Code     2  startup_tm4c123.o(.text)
    I2C0_Handler                             0x000036ef   Thumb Code     2  startup_tm4c123.o(.text)
    PMW0_FAULT_Handler                       0x000036f1   Thumb Code     2  startup_tm4c123.o(.text)
    PWM0_0_Handler                           0x000036f3   Thumb Code     2  startup_tm4c123.o(.text)
    PWM0_1_Handler                           0x000036f5   Thumb Code     2  startup_tm4c123.o(.text)
    PWM0_2_Handler                           0x000036f7   Thumb Code     2  startup_tm4c123.o(.text)
    QEI0_Handler                             0x000036f9   Thumb Code     2  startup_tm4c123.o(.text)
    ADC0SS0_Handler                          0x000036fb   Thumb Code     2  startup_tm4c123.o(.text)
    ADC0SS1_Handler                          0x000036fd   Thumb Code     2  startup_tm4c123.o(.text)
    ADC0SS3_Handler                          0x00003701   Thumb Code     2  startup_tm4c123.o(.text)
    WDT0_Handler                             0x00003703   Thumb Code     2  startup_tm4c123.o(.text)
    TIMER0B_Handler                          0x00003707   Thumb Code     2  startup_tm4c123.o(.text)
    TIMER1B_Handler                          0x0000370b   Thumb Code     2  startup_tm4c123.o(.text)
    TIMER2B_Handler                          0x0000370f   Thumb Code     2  startup_tm4c123.o(.text)
    COMP0_Handler                            0x00003711   Thumb Code     2  startup_tm4c123.o(.text)
    COMP1_Handler                            0x00003713   Thumb Code     2  startup_tm4c123.o(.text)
    COMP2_Handler                            0x00003715   Thumb Code     2  startup_tm4c123.o(.text)
    SYSCTL_Handler                           0x00003717   Thumb Code     2  startup_tm4c123.o(.text)
    FLASH_Handler                            0x00003719   Thumb Code     2  startup_tm4c123.o(.text)
    GPIOG_Handler                            0x0000371d   Thumb Code     2  startup_tm4c123.o(.text)
    GPIOH_Handler                            0x0000371f   Thumb Code     2  startup_tm4c123.o(.text)
    UART2_Handler                            0x00003721   Thumb Code     2  startup_tm4c123.o(.text)
    SSI1_Handler                             0x00003723   Thumb Code     2  startup_tm4c123.o(.text)
    TIMER3B_Handler                          0x00003727   Thumb Code     2  startup_tm4c123.o(.text)
    I2C1_Handler                             0x00003729   Thumb Code     2  startup_tm4c123.o(.text)
    QEI1_Handler                             0x0000372b   Thumb Code     2  startup_tm4c123.o(.text)
    CAN0_Handler                             0x0000372d   Thumb Code     2  startup_tm4c123.o(.text)
    CAN1_Handler                             0x0000372f   Thumb Code     2  startup_tm4c123.o(.text)
    CAN2_Handler                             0x00003731   Thumb Code     2  startup_tm4c123.o(.text)
    HIB_Handler                              0x00003733   Thumb Code     2  startup_tm4c123.o(.text)
    USB0_Handler                             0x00003735   Thumb Code     2  startup_tm4c123.o(.text)
    PWM0_3_Handler                           0x00003737   Thumb Code     2  startup_tm4c123.o(.text)
    UDMA_Handler                             0x00003739   Thumb Code     2  startup_tm4c123.o(.text)
    UDMAERR_Handler                          0x0000373b   Thumb Code     2  startup_tm4c123.o(.text)
    ADC1SS0_Handler                          0x0000373d   Thumb Code     2  startup_tm4c123.o(.text)
    ADC1SS1_Handler                          0x0000373f   Thumb Code     2  startup_tm4c123.o(.text)
    ADC1SS2_Handler                          0x00003741   Thumb Code     2  startup_tm4c123.o(.text)
    ADC1SS3_Handler                          0x00003743   Thumb Code     2  startup_tm4c123.o(.text)
    GPIOJ_Handler                            0x00003745   Thumb Code     2  startup_tm4c123.o(.text)
    GPIOK_Handler                            0x00003747   Thumb Code     2  startup_tm4c123.o(.text)
    GPIOL_Handler                            0x00003749   Thumb Code     2  startup_tm4c123.o(.text)
    SSI2_Handler                             0x0000374b   Thumb Code     2  startup_tm4c123.o(.text)
    SSI3_Handler                             0x0000374d   Thumb Code     2  startup_tm4c123.o(.text)
    UART3_Handler                            0x0000374f   Thumb Code     2  startup_tm4c123.o(.text)
    UART4_Handler                            0x00003751   Thumb Code     2  startup_tm4c123.o(.text)
    UART5_Handler                            0x00003753   Thumb Code     2  startup_tm4c123.o(.text)
    UART6_Handler                            0x00003755   Thumb Code     2  startup_tm4c123.o(.text)
    UART7_Handler                            0x00003757   Thumb Code     2  startup_tm4c123.o(.text)
    I2C2_Handler                             0x00003759   Thumb Code     2  startup_tm4c123.o(.text)
    I2C3_Handler                             0x0000375b   Thumb Code     2  startup_tm4c123.o(.text)
    TIMER4B_Handler                          0x0000375f   Thumb Code     2  startup_tm4c123.o(.text)
    TIMER5B_Handler                          0x00003763   Thumb Code     2  startup_tm4c123.o(.text)
    WTIMER0A_Handler                         0x00003765   Thumb Code     2  startup_tm4c123.o(.text)
    WTIMER0B_Handler                         0x00003767   Thumb Code     2  startup_tm4c123.o(.text)
    WTIMER1A_Handler                         0x00003769   Thumb Code     2  startup_tm4c123.o(.text)
    WTIMER1B_Handler                         0x0000376b   Thumb Code     2  startup_tm4c123.o(.text)
    WTIMER2A_Handler                         0x0000376d   Thumb Code     2  startup_tm4c123.o(.text)
    WTIMER2B_Handler                         0x0000376f   Thumb Code     2  startup_tm4c123.o(.text)
    WTIMER3A_Handler                         0x00003771   Thumb Code     2  startup_tm4c123.o(.text)
    WTIMER3B_Handler                         0x00003773   Thumb Code     2  startup_tm4c123.o(.text)
    WTIMER4A_Handler                         0x00003775   Thumb Code     2  startup_tm4c123.o(.text)
    WTIMER4B_Handler                         0x00003777   Thumb Code     2  startup_tm4c123.o(.text)
    WTIMER5A_Handler                         0x00003779   Thumb Code     2  startup_tm4c123.o(.text)
    WTIMER5B_Handler                         0x0000377b   Thumb Code     2  startup_tm4c123.o(.text)
    FPU_Handler                              0x0000377d   Thumb Code     2  startup_tm4c123.o(.text)
    I2C4_Handler                             0x0000377f   Thumb Code     2  startup_tm4c123.o(.text)
    I2C5_Handler                             0x00003781   Thumb Code     2  startup_tm4c123.o(.text)
    GPIOM_Handler                            0x00003783   Thumb Code     2  startup_tm4c123.o(.text)
    GPION_Handler                            0x00003785   Thumb Code     2  startup_tm4c123.o(.text)
    QEI2_Handler                             0x00003787   Thumb Code     2  startup_tm4c123.o(.text)
    GPIOP0_Handler                           0x00003789   Thumb Code     2  startup_tm4c123.o(.text)
    GPIOP1_Handler                           0x0000378b   Thumb Code     2  startup_tm4c123.o(.text)
    GPIOP2_Handler                           0x0000378d   Thumb Code     2  startup_tm4c123.o(.text)
    GPIOP3_Handler                           0x0000378f   Thumb Code     2  startup_tm4c123.o(.text)
    GPIOP4_Handler                           0x00003791   Thumb Code     2  startup_tm4c123.o(.text)
    GPIOP5_Handler                           0x00003793   Thumb Code     2  startup_tm4c123.o(.text)
    GPIOP6_Handler                           0x00003795   Thumb Code     2  startup_tm4c123.o(.text)
    GPIOP7_Handler                           0x00003797   Thumb Code     2  startup_tm4c123.o(.text)
    GPIOQ0_Handler                           0x00003799   Thumb Code     2  startup_tm4c123.o(.text)
    GPIOQ1_Handler                           0x0000379b   Thumb Code     2  startup_tm4c123.o(.text)
    GPIOQ2_Handler                           0x0000379d   Thumb Code     2  startup_tm4c123.o(.text)
    GPIOQ3_Handler                           0x0000379f   Thumb Code     2  startup_tm4c123.o(.text)
    GPIOQ4_Handler                           0x000037a1   Thumb Code     2  startup_tm4c123.o(.text)
    GPIOQ5_Handler                           0x000037a3   Thumb Code     2  startup_tm4c123.o(.text)
    GPIOQ6_Handler                           0x000037a5   Thumb Code     2  startup_tm4c123.o(.text)
    GPIOQ7_Handler                           0x000037a7   Thumb Code     2  startup_tm4c123.o(.text)
    GPIOR_Handler                            0x000037a9   Thumb Code     2  startup_tm4c123.o(.text)
    GPIOS_Handler                            0x000037ab   Thumb Code     2  startup_tm4c123.o(.text)
    PMW1_0_Handler                           0x000037ad   Thumb Code     2  startup_tm4c123.o(.text)
    PWM1_1_Handler                           0x000037af   Thumb Code     2  startup_tm4c123.o(.text)
    PWM1_2_Handler                           0x000037b1   Thumb Code     2  startup_tm4c123.o(.text)
    PWM1_3_Handler                           0x000037b3   Thumb Code     2  startup_tm4c123.o(.text)
    PWM1_FAULT_Handler                       0x000037b5   Thumb Code     2  startup_tm4c123.o(.text)
    SystemCoreClockUpdate                    0x00003877   Thumb Code   184  system_tm4c123.o(.text)
    SystemInit                               0x0000392f   Thumb Code   112  system_tm4c123.o(.text)
    __aeabi_memset                           0x00003a11   Thumb Code    14  memseta.o(.text)
    __aeabi_memset4                          0x00003a11   Thumb Code     0  memseta.o(.text)
    __aeabi_memset8                          0x00003a11   Thumb Code     0  memseta.o(.text)
    __aeabi_memclr                           0x00003a1f   Thumb Code     4  memseta.o(.text)
    __aeabi_memclr4                          0x00003a1f   Thumb Code     0  memseta.o(.text)
    __aeabi_memclr8                          0x00003a1f   Thumb Code     0  memseta.o(.text)
    _memset$wrapper                          0x00003a23   Thumb Code    18  memseta.o(.text)
    __0scanf                                 0x00003a35   Thumb Code    26  __0scanf.o(.text)
    _scanf_string                            0x00003a55   Thumb Code   224  _scanf_str.o(.text)
    __aeabi_uidiv                            0x00003b35   Thumb Code     0  uidiv.o(.text)
    __aeabi_uidivmod                         0x00003b35   Thumb Code    44  uidiv.o(.text)
    __vfscanf_char_file                      0x00003b61   Thumb Code    12  scanf_char_file.o(.text)
    __scatterload                            0x00003b75   Thumb Code    28  init.o(.text)
    __scatterload_rt2                        0x00003b75   Thumb Code     0  init.o(.text)
    _fgetc$bs                                0x00003b99   Thumb Code    28  fgetc_b.o(.text)
    __backspace                              0x00003bb5   Thumb Code    10  fgetc_b.o(.text)
    __vfscanf_char                           0x00003bd1   Thumb Code    20  scanf_char.o(.text)
    __semihosting_library_function           0x00003bed   Thumb Code     0  semi.o(.text)
    isspace                                  0x00003bed   Thumb Code    10  isspace_c.o(.text)
    __vfscanf                                0x00003bf9   Thumb Code   808  _scanf.o(.text)
    __I$use$semihosting$fgetc                0x00003f25   Thumb Code     0  iusesemig.o(.text)
    __ctype_lookup                           0x00003f25   Thumb Code    34  ctype_c.o(.text)
    __0printf$1                              0x00003f4d   Thumb Code    22  printf1.o(i.__0printf$1)
    __1printf$1                              0x00003f4d   Thumb Code     0  printf1.o(i.__0printf$1)
    __2printf                                0x00003f4d   Thumb Code     0  printf1.o(i.__0printf$1)
    __scatterload_copy                       0x00003f6d   Thumb Code    14  handlers.o(i.__scatterload_copy)
    __scatterload_null                       0x00003f7b   Thumb Code     2  handlers.o(i.__scatterload_null)
    __scatterload_zeroinit                   0x00003f7d   Thumb Code    14  handlers.o(i.__scatterload_zeroinit)
    malloc                                   0x000040e1   Thumb Code    92  malloc.o(i.malloc)
    space_shipBitmaps                        0x0000414c   Data         252  project_images.o(.constdata)
    space_shipWidthPixels                    0x00004248   Data           1  project_images.o(.constdata)
    space_shipHeightPixels                   0x00004249   Data           1  project_images.o(.constdata)
    invaderBitmaps                           0x0000424a   Data          54  project_images.o(.constdata)
    invaderWidthPixels                       0x00004280   Data           1  project_images.o(.constdata)
    invaderHeightPixels                      0x00004281   Data           1  project_images.o(.constdata)
    target1Bitmaps                           0x00004282   Data        1250  project_images.o(.constdata)
    target1WidthPixels                       0x00004764   Data           1  project_images.o(.constdata)
    target1HeightPixels                      0x00004765   Data           1  project_images.o(.constdata)
    target2Bitmaps                           0x00004766   Data         300  project_images.o(.constdata)
    target2WidthPixels                       0x00004892   Data           1  project_images.o(.constdata)
    target2HeightPixels                      0x00004893   Data           1  project_images.o(.constdata)
    car1Bitmaps                              0x00004894   Data         100  project_images.o(.constdata)
    car1WidthPixels                          0x000048f8   Data           1  project_images.o(.constdata)
    car1HeightPixels                         0x000048f9   Data           1  project_images.o(.constdata)
    car2Bitmaps                              0x000048fa   Data         140  project_images.o(.constdata)
    car2WidthPixels                          0x00004986   Data           1  project_images.o(.constdata)
    car2HeightPixels                         0x00004987   Data           1  project_images.o(.constdata)
    welcomeScreenTitleBitmaps                0x00004988   Data        1034  project_images.o(.constdata)
    welcomeScreenTitleWidthPixels            0x00004d92   Data           1  project_images.o(.constdata)
    welcomeScreenTitleHeightPixels           0x00004d93   Data           1  project_images.o(.constdata)
    touchAnywhereBitmap                      0x00004d94   Data        1276  project_images.o(.constdata)
    touchAnywhereWidthPixels                 0x00005290   Data           1  project_images.o(.constdata)
    touchAnywhereHeightPixels                0x00005291   Data           1  project_images.o(.constdata)
    gameOverBitmaps                          0x00005292   Data         480  project_images.o(.constdata)
    gameOverWidthPixels                      0x00005472   Data           1  project_images.o(.constdata)
    gameOverHeightPixels                     0x00005473   Data           1  project_images.o(.constdata)
    highScoreBitmaps                         0x00005474   Data         300  project_images.o(.constdata)
    highScoreWidthPixels                     0x000055a0   Data           1  project_images.o(.constdata)
    highScoreHeightPixels                    0x000055a1   Data           1  project_images.o(.constdata)
    virus_noDetailBitmaps                    0x000055a2   Data          72  project_images.o(.constdata)
    virus_noDetailWidthPixels                0x000055ea   Data           1  project_images.o(.constdata)
    virus_noDetailHeightPixels               0x000055eb   Data           1  project_images.o(.constdata)
    virus_detailBitmaps                      0x000055ec   Data          72  project_images.o(.constdata)
    virus_detailWidthPixels                  0x00005634   Data           1  project_images.o(.constdata)
    virus_detailHeightPixels                 0x00005635   Data           1  project_images.o(.constdata)
    zeroBitmap                               0x00005636   Data          90  project_images.o(.constdata)
    zeroWidthPixels                          0x00005690   Data           1  project_images.o(.constdata)
    zeroHeightPixels                         0x00005691   Data           1  project_images.o(.constdata)
    oneBitmap                                0x00005692   Data          90  project_images.o(.constdata)
    oneWidthPixels                           0x000056ec   Data           1  project_images.o(.constdata)
    oneHeightPixels                          0x000056ed   Data           1  project_images.o(.constdata)
    twoBitmap                                0x000056ee   Data          90  project_images.o(.constdata)
    twoWidthPixels                           0x00005748   Data           1  project_images.o(.constdata)
    twoHeightPixels                          0x00005749   Data           1  project_images.o(.constdata)
    threeBitmap                              0x0000574a   Data          90  project_images.o(.constdata)
    threeWidthPixels                         0x000057a4   Data           1  project_images.o(.constdata)
    threeHeightPixels                        0x000057a5   Data           1  project_images.o(.constdata)
    fourBitmap                               0x000057a6   Data          90  project_images.o(.constdata)
    fourWidthPixels                          0x00005800   Data           1  project_images.o(.constdata)
    fourHeightPixels                         0x00005801   Data           1  project_images.o(.constdata)
    fiveBitmap                               0x00005802   Data          90  project_images.o(.constdata)
    fiveWidthPixels                          0x0000585c   Data           1  project_images.o(.constdata)
    fiveHeightPixels                         0x0000585d   Data           1  project_images.o(.constdata)
    sixBitmap                                0x0000585e   Data          90  project_images.o(.constdata)
    sixWidthPixels                           0x000058b8   Data           1  project_images.o(.constdata)
    sixHeightPixels                          0x000058b9   Data           1  project_images.o(.constdata)
    sevenBitmap                              0x000058ba   Data          90  project_images.o(.constdata)
    sevenWidthPixels                         0x00005914   Data           1  project_images.o(.constdata)
    sevenHeightPixels                        0x00005915   Data           1  project_images.o(.constdata)
    eightBitmap                              0x00005916   Data          90  project_images.o(.constdata)
    eightWidthPixels                         0x00005970   Data           1  project_images.o(.constdata)
    eightHeightPixels                        0x00005971   Data           1  project_images.o(.constdata)
    nineBitmap                               0x00005972   Data          90  project_images.o(.constdata)
    nineWidthPixels                          0x000059cc   Data           1  project_images.o(.constdata)
    nineHeightPixels                         0x000059cd   Data           1  project_images.o(.constdata)
    scoreBitmap                              0x000059ce   Data         330  project_images.o(.constdata)
    scoreWidthPixels                         0x00005b18   Data           1  project_images.o(.constdata)
    scoreHeightPixels                        0x00005b19   Data           1  project_images.o(.constdata)
    __ctype_categories                       0x00005b1a   Data          64  ctype_c.o(.constdata)
    Region$$Table$$Base                      0x00005ba4   Number         0  anon$$obj.o(Region$$Table)
    Region$$Table$$Limit                     0x00005bc4   Number         0  anon$$obj.o(Region$$Table)
    touch_edge21                             0x2000000a   Data           1  project_interrupts.o(.data)
    touch_edge22                             0x2000000b   Data           1  project_interrupts.o(.data)
    LED                                      0x2000000c   Data           4  project_interrupts.o(.data)
    target_boundary                          0x20000010   Data           1  project_interrupts.o(.data)
    user_boundary                            0x20000011   Data           1  project_interrupts.o(.data)
    touch_edge11                             0x20000012   Data           1  project_interrupts.o(.data)
    touch_edge12                             0x20000013   Data           1  project_interrupts.o(.data)
    touch_edge31                             0x20000014   Data           1  project_interrupts.o(.data)
    touch_edge32                             0x20000015   Data           1  project_interrupts.o(.data)
    CAR11_X_COORD                            0x2000001c   Data           2  hw3.o(.data)
    CAR11_Y_COORD                            0x2000001e   Data           2  hw3.o(.data)
    CAR12_X_COORD                            0x20000020   Data           2  hw3.o(.data)
    CAR12_Y_COORD                            0x20000022   Data           2  hw3.o(.data)
    CAR21_X_COORD                            0x20000024   Data           2  hw3.o(.data)
    CAR21_Y_COORD                            0x20000026   Data           2  hw3.o(.data)
    CAR22_X_COORD                            0x20000028   Data           2  hw3.o(.data)
    CAR22_Y_COORD                            0x2000002a   Data           2  hw3.o(.data)
    VIRUS1_X_COORD                           0x2000002c   Data           2  hw3.o(.data)
    VIRUS1_Y_COORD                           0x2000002e   Data           2  hw3.o(.data)
    VIRUS2_X_COORD                           0x20000030   Data           2  hw3.o(.data)
    VIRUS2_Y_COORD                           0x20000032   Data           2  hw3.o(.data)
    PLAYER_X_COORD                           0x20000034   Data           2  hw3.o(.data)
    PLAYER_Y_COORD                           0x20000036   Data           2  hw3.o(.data)
    CAR11_X_PAUSE                            0x20000038   Data           2  hw3.o(.data)
    CAR11_Y_PAUSE                            0x2000003a   Data           2  hw3.o(.data)
    CAR12_X_PAUSE                            0x2000003c   Data           2  hw3.o(.data)
    CAR12_Y_PAUSE                            0x2000003e   Data           2  hw3.o(.data)
    CAR21_X_PAUSE                            0x20000040   Data           2  hw3.o(.data)
    CAR21_Y_PAUSE                            0x20000042   Data           2  hw3.o(.data)
    CAR22_X_PAUSE                            0x20000044   Data           2  hw3.o(.data)
    CAR22_Y_PAUSE                            0x20000046   Data           2  hw3.o(.data)
    VIRUS1_X_PAUSE                           0x20000048   Data           2  hw3.o(.data)
    VIRUS1_Y_PAUSE                           0x2000004a   Data           2  hw3.o(.data)
    VIRUS2_X_PAUSE                           0x2000004c   Data           2  hw3.o(.data)
    VIRUS2_Y_PAUSE                           0x2000004e   Data           2  hw3.o(.data)
    PLAYER_X_PAUSE                           0x20000050   Data           2  hw3.o(.data)
    PLAYER_Y_PAUSE                           0x20000052   Data           2  hw3.o(.data)
    highScore                                0x20000054   Data           2  hw3.o(.data)
    userScore                                0x20000056   Data           2  hw3.o(.data)
    virusFrameCounter                        0x20000058   Data           1  hw3.o(.data)
    ALERT_VIRUS1                             0x20000059   Data           1  hw3.o(.data)
    ALERT_CAR1                               0x2000005a   Data           1  hw3.o(.data)
    ALERT_PAUSE                              0x2000005b   Data           1  hw3.o(.data)
    ALERT_TRUCK1                             0x2000005c   Data           1  hw3.o(.data)
    ALERT_VIRUS2                             0x2000005d   Data           1  hw3.o(.data)
    ALERT_CAR2                               0x2000005e   Data           1  hw3.o(.data)
    ALERT_TRUCK2                             0x2000005f   Data           1  hw3.o(.data)
    ALERT_PLAYER                             0x20000060   Data           1  hw3.o(.data)
    ALERT_RAISE_SCORE                        0x20000061   Data           1  hw3.o(.data)
    SWITCH_IMAGE                             0x20000062   Data           1  hw3.o(.data)
    ALERT_BUTTON                             0x20000063   Data           1  hw3.o(.data)
    ERASE_CAR                                0x20000064   Data           1  hw3.o(.data)
    ERASE_TRUCK                              0x20000065   Data           1  hw3.o(.data)
    gameOverFirstTime                        0x20000066   Data           1  hw3.o(.data)
    virusBitMapVar                           0x20000068   Data           4  hw3.o(.data)
    STUDENT_NAME                             0x2000006c   Data          37  hw3.o(.data)
    screen_height                            0x20000094   Data           4  hw3.o(.data)
    screen_width                             0x20000098   Data           4  hw3.o(.data)
    game_state                               0x2000009c   Data           1  hw3.o(.data)
    SystemCoreClock                          0x200000a0   Data           4  system_tm4c123.o(.data)
    __stdout                                 0x200000a4   Data           4  stdout.o(.data)
    __stdin                                  0x200000a8   Data           4  stdin.o(.data)
    __microlib_freelist                      0x200000ac   Data           4  mvars.o(.data)
    __microlib_freelist_initialised          0x200000b0   Data           4  mvars.o(.data)
    input                                    0x200000b8   Data          80  project_interrupts.o(.bss)
    first                                    0x20000108   Data          16  hw3.o(.bss)
    second                                   0x20000118   Data          16  hw3.o(.bss)
    UART0_Tx_Buffer                          0x20000128   Data          14  serial_debug.o(.bss)
    UART0_Rx_Buffer                          0x20000136   Data          14  serial_debug.o(.bss)
    __heap_base                              0x20000148   Data           0  startup_tm4c123.o(HEAP)
    __heap_limit                             0x20000148   Data           0  startup_tm4c123.o(HEAP)
    __initial_sp                             0x20001148   Data           0  startup_tm4c123.o(STACK)



==============================================================================

Memory Map of the image

  Image Entry point : 0x000036c5

  Load Region LR_1 (Base: 0x00000000, Size: 0x00005c7c, Max: 0xffffffff, ABSOLUTE)

    Execution Region ER_RO (Exec base: 0x00000000, Load base: 0x00000000, Size: 0x00005bc4, Max: 0xffffffff, ABSOLUTE)

    Exec Addr    Load Addr    Size         Type   Attr      Idx    E Section Name        Object

    0x00000000   0x00000000   0x0000026c   Data   RO          739    RESET               startup_tm4c123.o
    0x0000026c   0x0000026c   0x00000000   Code   RO          774  * .ARM.Collect$$$$00000000  mc_w.l(entry.o)
    0x0000026c   0x0000026c   0x00000004   Code   RO         1073    .ARM.Collect$$$$00000001  mc_w.l(entry2.o)
    0x00000270   0x00000270   0x00000004   Code   RO         1076    .ARM.Collect$$$$00000004  mc_w.l(entry5.o)
    0x00000274   0x00000274   0x00000000   Code   RO         1078    .ARM.Collect$$$$00000008  mc_w.l(entry7b.o)
    0x00000274   0x00000274   0x00000000   Code   RO         1080    .ARM.Collect$$$$0000000A  mc_w.l(entry8b.o)
    0x00000274   0x00000274   0x00000008   Code   RO         1081    .ARM.Collect$$$$0000000B  mc_w.l(entry9a.o)
    0x0000027c   0x0000027c   0x00000000   Code   RO         1083    .ARM.Collect$$$$0000000D  mc_w.l(entry10a.o)
    0x0000027c   0x0000027c   0x00000000   Code   RO         1085    .ARM.Collect$$$$0000000F  mc_w.l(entry11a.o)
    0x0000027c   0x0000027c   0x00000004   Code   RO         1074    .ARM.Collect$$$$00002712  mc_w.l(entry2.o)
    0x00000280   0x00000280   0x00000010   Code   RO            4    .text               main.o
    0x00000290   0x00000290   0x000000cc   Code   RO          149    .text               project_hardware_init.o
    0x0000035c   0x0000035c   0x00000540   Code   RO          173    .text               project_interrupts.o
    0x0000089c   0x0000089c   0x00000118   Code   RO          244    .text               ps2-new.o
    0x000009b4   0x000009b4   0x00000f48   Code   RO          272    .text               hw3.o
    0x000018fc   0x000018fc   0x000002c4   Code   RO          328    .text               gpio_port.o
    0x00001bc0   0x00001bc0   0x00000208   Code   RO          352    .text               i2c.o
    0x00001dc8   0x00001dc8   0x0000007c   Code   RO          373    .text               pc_buffer.o
    0x00001e44   0x00001e44   0x0000030c   Code   RO          418    .text               timers.o
    0x00002150   0x00002150   0x00000284   Code   RO          446    .text               uart.o
    0x000023d4   0x000023d4   0x00000188   Code   RO          524    .text               eeprom.o
    0x0000255c   0x0000255c   0x000001a4   Code   RO          548    .text               ft6x06.o
    0x00002700   0x00002700   0x000000c4   Code   RO          572    .text               launchpad_io.o
    0x000027c4   0x000027c4   0x00000b46   Code   RO          596    .text               lcd.o
    0x0000330a   0x0000330a   0x00000002   PAD
    0x0000330c   0x0000330c   0x000001fc   Code   RO          620    .text               serial_debug.o
    0x00003508   0x00003508   0x000001bc   Code   RO          709    .text               io_expander.o
    0x000036c4   0x000036c4   0x000000fc   Code   RO          740  * .text               startup_tm4c123.o
    0x000037c0   0x000037c0   0x00000250   Code   RO          747    .text               system_tm4c123.o
    0x00003a10   0x00003a10   0x00000024   Code   RO          778    .text               mc_w.l(memseta.o)
    0x00003a34   0x00003a34   0x00000020   Code   RO         1069    .text               mc_w.l(__0scanf.o)
    0x00003a54   0x00003a54   0x000000e0   Code   RO         1071    .text               mc_w.l(_scanf_str.o)
    0x00003b34   0x00003b34   0x0000002c   Code   RO         1088    .text               mc_w.l(uidiv.o)
    0x00003b60   0x00003b60   0x00000014   Code   RO         1098    .text               mc_w.l(scanf_char_file.o)
    0x00003b74   0x00003b74   0x00000024   Code   RO         1111    .text               mc_w.l(init.o)
    0x00003b98   0x00003b98   0x0000002c   Code   RO         1113    .text               mc_w.l(fgetc_b.o)
    0x00003bc4   0x00003bc4   0x00000028   Code   RO         1122    .text               mc_w.l(scanf_char.o)
    0x00003bec   0x00003bec   0x00000000   Code   RO         1126    .text               mc_w.l(semi.o)
    0x00003bec   0x00003bec   0x0000000a   Code   RO         1127    .text               mc_w.l(isspace_c.o)
    0x00003bf6   0x00003bf6   0x00000002   PAD
    0x00003bf8   0x00003bf8   0x0000032c   Code   RO         1129    .text               mc_w.l(_scanf.o)
    0x00003f24   0x00003f24   0x00000000   Code   RO         1131    .text               mc_w.l(iusesemig.o)
    0x00003f24   0x00003f24   0x00000028   Code   RO         1132    .text               mc_w.l(ctype_c.o)
    0x00003f4c   0x00003f4c   0x00000020   Code   RO          825    i.__0printf$1       mc_w.l(printf1.o)
    0x00003f6c   0x00003f6c   0x0000000e   Code   RO         1137    i.__scatterload_copy  mc_w.l(handlers.o)
    0x00003f7a   0x00003f7a   0x00000002   Code   RO         1138    i.__scatterload_null  mc_w.l(handlers.o)
    0x00003f7c   0x00003f7c   0x0000000e   Code   RO         1139    i.__scatterload_zeroinit  mc_w.l(handlers.o)
    0x00003f8a   0x00003f8a   0x00000002   PAD
    0x00003f8c   0x00003f8c   0x00000154   Code   RO          832    i._printf_core      mc_w.l(printf1.o)
    0x000040e0   0x000040e0   0x0000006c   Code   RO         1042    i.malloc            mc_w.l(malloc.o)
    0x0000414c   0x0000414c   0x000019ce   Data   RO          229    .constdata          project_images.o
    0x00005b1a   0x00005b1a   0x00000040   Data   RO         1133    .constdata          mc_w.l(ctype_c.o)
    0x00005b5a   0x00005b5a   0x00000002   PAD
    0x00005b5c   0x00005b5c   0x00000045   Data   RO          274    .conststring        hw3.o
    0x00005ba1   0x00005ba1   0x00000003   PAD
    0x00005ba4   0x00005ba4   0x00000020   Data   RO         1135    Region$$Table       anon$$obj.o


    Execution Region ER_RW (Exec base: 0x20000000, Load base: 0x00005bc4, Size: 0x000000b8, Max: 0xffffffff, ABSOLUTE)

    Exec Addr    Load Addr    Size         Type   Attr      Idx    E Section Name        Object

    0x20000000   0x00005bc4   0x0000001c   Data   RW          175    .data               project_interrupts.o
    0x2000001c   0x00005be0   0x00000081   Data   RW          275    .data               hw3.o
    0x2000009d   0x00005c61   0x00000002   Data   RW          622    .data               serial_debug.o
    0x2000009f   0x00005c63   0x00000001   PAD
    0x200000a0   0x00005c64   0x00000004   Data   RW          748    .data               system_tm4c123.o
    0x200000a4   0x00005c68   0x00000004   Data   RW          777    .data               mc_w.l(stdout.o)
    0x200000a8   0x00005c6c   0x00000004   Data   RW         1087    .data               mc_w.l(stdin.o)
    0x200000ac   0x00005c70   0x00000004   Data   RW         1096    .data               mc_w.l(mvars.o)
    0x200000b0   0x00005c74   0x00000004   Data   RW         1097    .data               mc_w.l(mvars.o)
    0x200000b4   0x00005c78   0x00000003   Data   RW         1114    .data               mc_w.l(fgetc_b.o)


    Execution Region ER_ZI (Exec base: 0x200000b8, Load base: 0x00005c7c, Size: 0x00001090, Max: 0xffffffff, ABSOLUTE)

    Exec Addr    Load Addr    Size         Type   Attr      Idx    E Section Name        Object

    0x200000b8        -       0x00000050   Zero   RW          174    .bss                project_interrupts.o
    0x20000108        -       0x00000020   Zero   RW          273    .bss                hw3.o
    0x20000128        -       0x0000001c   Zero   RW          621    .bss                serial_debug.o
    0x20000144   0x00005c7c   0x00000004   PAD
    0x20000148        -       0x00000000   Zero   RW          738    HEAP                startup_tm4c123.o
    0x20000148        -       0x00001000   Zero   RW          737    STACK               startup_tm4c123.o


==============================================================================

Image component sizes


      Code (inc. data)   RO Data    RW Data    ZI Data      Debug   Object Name

       392          4          0          0          0       2121   eeprom.o
       420          4          0          0          0       2448   ft6x06.o
       708         32          0          0          0       5374   gpio_port.o
      3912        710         69        129         32       8864   hw3.o
       520         24          0          0          0       3793   i2c.o
       444         16          0          0          0       1691   io_expander.o
       196         26          0          0          0       2114   launchpad_io.o
      2886         28          0          0          0       8348   lcd.o
        16          0          0          0          0      30563   main.o
       124          0          0          0          0       2055   pc_buffer.o
       204         36          0          0          0        598   project_hardware_init.o
         0          0       6606          0          0       4295   project_images.o
      1344        244          0         28         80       3393   project_interrupts.o
       280         24          0          0          0      31627   ps2-new.o
       508         24          0          2         28       5953   serial_debug.o
       252         10        620          0       4096       5452   startup_tm4c123.o
       592        138          0          4          0       1573   system_tm4c123.o
       780         26          0          0          0       3664   timers.o
       644         50          0          0          0       3608   uart.o

    ----------------------------------------------------------------------
     14224       1396       7330        164       4240     127534   Object Totals
         0          0         32          0          0          0   (incl. Generated)
         2          0          3          1          4          0   (incl. Padding)

    ----------------------------------------------------------------------

      Code (inc. data)   RO Data    RW Data    ZI Data      Debug   Library Member Name

        32          6          0          0          0         84   __0scanf.o
       812          4          0          0          0        112   _scanf.o
       224          0          0          0          0         96   _scanf_str.o
        40          6         64          0          0         68   ctype_c.o
         0          0          0          0          0          0   entry.o
         0          0          0          0          0          0   entry10a.o
         0          0          0          0          0          0   entry11a.o
         8          4          0          0          0          0   entry2.o
         4          0          0          0          0          0   entry5.o
         0          0          0          0          0          0   entry7b.o
         0          0          0          0          0          0   entry8b.o
         8          4          0          0          0          0   entry9a.o
        44          6          0          3          0        144   fgetc_b.o
        30          0          0          0          0          0   handlers.o
        36          8          0          0          0         68   init.o
        10          0          0          0          0         68   isspace_c.o
         0          0          0          0          0          0   iusesemig.o
       108         16          0          0          0         84   malloc.o
        36          0          0          0          0        108   memseta.o
         0          0          0          8          0          0   mvars.o
       372         14          0          0          0        184   printf1.o
        40          8          0          0          0         84   scanf_char.o
        20          8          0          0          0         68   scanf_char_file.o
         0          0          0          0          0          0   semi.o
         0          0          0          4          0          0   stdin.o
         0          0          0          4          0          0   stdout.o
        44          0          0          0          0         80   uidiv.o

    ----------------------------------------------------------------------
      1872         84         66         20          0       1248   Library Totals
         4          0          2          1          0          0   (incl. Padding)

    ----------------------------------------------------------------------

      Code (inc. data)   RO Data    RW Data    ZI Data      Debug   Library Name

      1868         84         64         19          0       1248   mc_w.l

    ----------------------------------------------------------------------
      1872         84         66         20          0       1248   Library Totals

    ----------------------------------------------------------------------

==============================================================================


      Code (inc. data)   RO Data    RW Data    ZI Data      Debug   

     16096       1480       7396        184       4240     125714   Grand Totals
     16096       1480       7396        184       4240     125714   ELF Image Totals
     16096       1480       7396        184          0          0   ROM Totals

==============================================================================

    Total RO  Size (Code + RO Data)                23492 (  22.94kB)
    Total RW  Size (RW Data + ZI Data)              4424 (   4.32kB)
    Total ROM Size (Code + RO Data + RW Data)      23676 (  23.12kB)

==============================================================================

