Component: ARM Compiler 5.06 update 6 (build 750) Tool: armlink [4d35ed]

==============================================================================

Section Cross References

    main.o(.text) refers to project_hardware_init.o(.text) for initializeBoard
    main.o(.text) refers to hw3.o(.text) for hw3_main
    project_hardware_init.o(.text) refers to main.o(.text) for DisableInterrupts
    project_hardware_init.o(.text) refers to timers.o(.text) for gp_timer_config_32
    project_hardware_init.o(.text) refers to serial_debug.o(.text) for init_serial_debug
    project_hardware_init.o(.text) refers to ft6x06.o(.text) for ft6x06_init
    project_interrupts.o(.text) refers to hw3.o(.text) for contact_edge
    project_interrupts.o(.text) refers to lcd.o(.text) for lcd_draw_image
    project_interrupts.o(.text) refers to launchpad_io.o(.text) for lp_io_set_pin
    project_interrupts.o(.text) refers to project_interrupts.o(.data) for PS2_X_DATA
    project_interrupts.o(.text) refers to project_images.o(.constdata) for car2WidthPixels
    project_interrupts.o(.text) refers to hw3.o(.data) for CAR21_X_COORD
    hw3_staff.o(.text) refers to hw3_staff.o(.data) for lfsr
    hw3_staff.o(.text) refers to hw3_staff.o(.constdata) for MOV_DIR
    ps2-new.o(.text) refers to gpio_port.o(.text) for gpio_enable_port
    hw3.o(.text) refers to lcd.o(.text) for lcd_config_gpio
    hw3.o(.text) refers to ps2-new.o(.text) for ps2_initialize
    hw3.o(.text) refers to launchpad_io.o(.text) for lp_io_init
    hw3.o(.text) refers to timers.o(.text) for gp_timer_config_32
    hw3.o(.text) refers to ft6x06.o(.text) for ft6x06_read_td_status
    hw3.o(.text) refers to hw3.o(.data) for screen_height
    hw3.o(.text) refers to hw3.o(.bss) for ship
    hw3.o(.text) refers to project_images.o(.constdata) for welcomeScreenTitleBitmaps
    pc_buffer.o(.text) refers to malloc.o(i.malloc) for malloc
    accel.o(.text) refers to spi_select.o(.text) for spi_select_init
    accel.o(.text) refers to gpio_port.o(.text) for gpio_enable_port
    accel.o(.text) refers to spi.o(.text) for initialize_spi
    eeprom.o(.text) refers to i2c.o(.text) for i2cVerifyBaseAddr
    eeprom.o(.text) refers to gpio_port.o(.text) for gpio_enable_port
    ft6x06.o(.text) refers to i2c.o(.text) for I2CMasterBusy
    ft6x06.o(.text) refers to gpio_port.o(.text) for gpio_enable_port
    lcd.o(.text) refers to gpio_port.o(.text) for gpio_enable_port
    serial_debug.o(.text) refers to gpio_port.o(.text) for gpio_enable_port
    serial_debug.o(.text) refers to pc_buffer.o(.text) for pc_buffer_init
    serial_debug.o(.text) refers to uart.o(.text) for uart_init
    serial_debug.o(.text) refers to main.o(.text) for DisableInterrupts
    serial_debug.o(.text) refers to serial_debug.o(.data) for Rx_Interrupts_Enabled
    serial_debug.o(.text) refers to serial_debug.o(.bss) for UART0_Tx_Buffer
    serial_debug.o(.text) refers to stdout.o(.data) for __stdout
    spi_select.o(.text) refers to gpio_port.o(.text) for gpio_enable_port
    startup_tm4c123.o(RESET) refers to startup_tm4c123.o(STACK) for __initial_sp
    startup_tm4c123.o(RESET) refers to startup_tm4c123.o(.text) for Reset_Handler
    startup_tm4c123.o(RESET) refers to serial_debug.o(.text) for UART0_Handler
    startup_tm4c123.o(RESET) refers to project_interrupts.o(.text) for ADC0SS2_Handler
    startup_tm4c123.o(.text) refers to system_tm4c123.o(.text) for SystemInit
    startup_tm4c123.o(.text) refers to entry.o(.ARM.Collect$$$$00000000) for __main
    system_tm4c123.o(.text) refers to system_tm4c123.o(.data) for SystemCoreClock
    entry.o(.ARM.Collect$$$$00000000) refers (Special) to entry10a.o(.ARM.Collect$$$$0000000D) for __rt_final_cpp
    entry.o(.ARM.Collect$$$$00000000) refers (Special) to entry11a.o(.ARM.Collect$$$$0000000F) for __rt_final_exit
    entry.o(.ARM.Collect$$$$00000000) refers (Special) to entry7b.o(.ARM.Collect$$$$00000008) for _main_clock
    entry.o(.ARM.Collect$$$$00000000) refers (Special) to entry8b.o(.ARM.Collect$$$$0000000A) for _main_cpp_init
    entry.o(.ARM.Collect$$$$00000000) refers (Special) to entry9a.o(.ARM.Collect$$$$0000000B) for _main_init
    entry.o(.ARM.Collect$$$$00000000) refers (Special) to entry5.o(.ARM.Collect$$$$00000004) for _main_scatterload
    entry.o(.ARM.Collect$$$$00000000) refers (Special) to entry2.o(.ARM.Collect$$$$00000001) for _main_stk
    malloc.o(i.free) refers to mvars.o(.data) for __microlib_freelist
    malloc.o(i.malloc) refers to mvars.o(.data) for __microlib_freelist_initialised
    malloc.o(i.malloc) refers to mvars.o(.data) for __microlib_freelist
    malloc.o(i.malloc) refers to startup_tm4c123.o(HEAP) for __heap_base
    mallocr.o(i.__free$realloc) refers to mvars.o(.data) for __microlib_freelist
    mallocr.o(i.__malloc$realloc) refers to mallocr.o(i.internal_alloc) for internal_alloc
    mallocr.o(i.__malloc$realloc) refers to mvars.o(.data) for __microlib_freelist_initialised
    mallocr.o(i.__malloc$realloc) refers to startup_tm4c123.o(HEAP) for __heap_base
    mallocr.o(i.__malloc$realloc) refers to mvars.o(.data) for __microlib_freelist
    mallocr.o(i.internal_alloc) refers to memcpya.o(.text) for __aeabi_memcpy
    mallocr.o(i.internal_alloc) refers to mvars.o(.data) for __microlib_freelist
    mallocr.o(i.realloc) refers to mallocr.o(i.__free$realloc) for __free$realloc
    mallocr.o(i.realloc) refers to mallocr.o(i.internal_alloc) for internal_alloc
    mallocr.o(i.realloc) refers to mallocr.o(i.__malloc$realloc) for __malloc$realloc
    mallocr.o(i.realloc) refers to mvars.o(.data) for __microlib_freelist
    malloca.o(i.__aligned_malloc) refers to mvars.o(.data) for __microlib_freelist_initialised
    malloca.o(i.__aligned_malloc) refers to mvars.o(.data) for __microlib_freelist
    malloca.o(i.__aligned_malloc) refers to startup_tm4c123.o(HEAP) for __heap_base
    malloca.o(i.__free$memalign) refers to mvars.o(.data) for __microlib_freelist
    malloca.o(i.__malloc$memalign) refers to malloca.o(i.__aligned_malloc) for __aligned_malloc
    mallocra.o(i.__aligned_malloc$realloc) refers to mallocra.o(i.internal_alloc) for internal_alloc
    mallocra.o(i.__aligned_malloc$realloc) refers to mvars.o(.data) for __microlib_freelist_initialised
    mallocra.o(i.__aligned_malloc$realloc) refers to startup_tm4c123.o(HEAP) for __heap_base
    mallocra.o(i.__aligned_malloc$realloc) refers to mvars.o(.data) for __microlib_freelist
    mallocra.o(i.__free$realloc$memalign) refers to mvars.o(.data) for __microlib_freelist
    mallocra.o(i.__malloc$realloc$memalign) refers to mallocra.o(i.__aligned_malloc$realloc) for __aligned_malloc$realloc
    mallocra.o(i.__realloc$memalign) refers to mallocra.o(i.__free$realloc$memalign) for __free$realloc$memalign
    mallocra.o(i.__realloc$memalign) refers to mallocra.o(i.internal_alloc) for internal_alloc
    mallocra.o(i.__realloc$memalign) refers to mallocra.o(i.__malloc$realloc$memalign) for __malloc$realloc$memalign
    mallocra.o(i.__realloc$memalign) refers to mvars.o(.data) for __microlib_freelist
    mallocra.o(i.internal_alloc) refers to memcpya.o(.text) for __aeabi_memcpy
    mallocra.o(i.internal_alloc) refers to mvars.o(.data) for __microlib_freelist
    entry2.o(.ARM.Collect$$$$00000001) refers to entry2.o(.ARM.Collect$$$$00002712) for __lit__00000000
    entry2.o(.ARM.Collect$$$$00002712) refers to startup_tm4c123.o(STACK) for __initial_sp
    entry2.o(__vectab_stack_and_reset_area) refers to startup_tm4c123.o(STACK) for __initial_sp
    entry2.o(__vectab_stack_and_reset_area) refers to entry.o(.ARM.Collect$$$$00000000) for __main
    entry5.o(.ARM.Collect$$$$00000004) refers to init.o(.text) for __scatterload
    entry9a.o(.ARM.Collect$$$$0000000B) refers to main.o(.text) for main
    entry9b.o(.ARM.Collect$$$$0000000C) refers to main.o(.text) for main
    init.o(.text) refers to entry5.o(.ARM.Collect$$$$00000004) for __main_after_scatterload


==============================================================================

Removing Unused input sections from the image.

    Removing main.o(.rev16_text), (4 bytes).
    Removing main.o(.revsh_text), (4 bytes).
    Removing main.o(.rrx_text), (6 bytes).
    Removing project_hardware_init.o(.rev16_text), (4 bytes).
    Removing project_hardware_init.o(.revsh_text), (4 bytes).
    Removing project_hardware_init.o(.rrx_text), (6 bytes).
    Removing project_interrupts.o(.rev16_text), (4 bytes).
    Removing project_interrupts.o(.revsh_text), (4 bytes).
    Removing project_interrupts.o(.rrx_text), (6 bytes).
    Removing hw3_staff.o(.rev16_text), (4 bytes).
    Removing hw3_staff.o(.revsh_text), (4 bytes).
    Removing hw3_staff.o(.rrx_text), (6 bytes).
    Removing hw3_staff.o(.text), (124 bytes).
    Removing hw3_staff.o(.constdata), (20 bytes).
    Removing hw3_staff.o(.data), (2 bytes).
    Removing ps2-new.o(.rev16_text), (4 bytes).
    Removing ps2-new.o(.revsh_text), (4 bytes).
    Removing ps2-new.o(.rrx_text), (6 bytes).
    Removing hw3.o(.rev16_text), (4 bytes).
    Removing hw3.o(.revsh_text), (4 bytes).
    Removing hw3.o(.rrx_text), (6 bytes).
    Removing adc.o(.rev16_text), (4 bytes).
    Removing adc.o(.revsh_text), (4 bytes).
    Removing adc.o(.rrx_text), (6 bytes).
    Removing adc.o(.text), (296 bytes).
    Removing gpio_port.o(.rev16_text), (4 bytes).
    Removing gpio_port.o(.revsh_text), (4 bytes).
    Removing gpio_port.o(.rrx_text), (6 bytes).
    Removing i2c.o(.rev16_text), (4 bytes).
    Removing i2c.o(.revsh_text), (4 bytes).
    Removing i2c.o(.rrx_text), (6 bytes).
    Removing spi.o(.rev16_text), (4 bytes).
    Removing spi.o(.revsh_text), (4 bytes).
    Removing spi.o(.rrx_text), (6 bytes).
    Removing spi.o(.text), (352 bytes).
    Removing timers.o(.rev16_text), (4 bytes).
    Removing timers.o(.revsh_text), (4 bytes).
    Removing timers.o(.rrx_text), (6 bytes).
    Removing uart.o(.rev16_text), (4 bytes).
    Removing uart.o(.revsh_text), (4 bytes).
    Removing uart.o(.rrx_text), (6 bytes).
    Removing gptimer.o(.rev16_text), (4 bytes).
    Removing gptimer.o(.revsh_text), (4 bytes).
    Removing gptimer.o(.rrx_text), (6 bytes).
    Removing gptimer.o(.text), (892 bytes).
    Removing accel.o(.rev16_text), (4 bytes).
    Removing accel.o(.revsh_text), (4 bytes).
    Removing accel.o(.rrx_text), (6 bytes).
    Removing accel.o(.text), (224 bytes).
    Removing eeprom.o(.rev16_text), (4 bytes).
    Removing eeprom.o(.revsh_text), (4 bytes).
    Removing eeprom.o(.rrx_text), (6 bytes).
    Removing eeprom.o(.text), (456 bytes).
    Removing ft6x06.o(.rev16_text), (4 bytes).
    Removing ft6x06.o(.revsh_text), (4 bytes).
    Removing ft6x06.o(.rrx_text), (6 bytes).
    Removing launchpad_io.o(.rev16_text), (4 bytes).
    Removing launchpad_io.o(.revsh_text), (4 bytes).
    Removing launchpad_io.o(.rrx_text), (6 bytes).
    Removing lcd.o(.rev16_text), (4 bytes).
    Removing lcd.o(.revsh_text), (4 bytes).
    Removing lcd.o(.rrx_text), (6 bytes).
    Removing serial_debug.o(.rev16_text), (4 bytes).
    Removing serial_debug.o(.revsh_text), (4 bytes).
    Removing serial_debug.o(.rrx_text), (6 bytes).
    Removing spi_select.o(.rev16_text), (4 bytes).
    Removing spi_select.o(.revsh_text), (4 bytes).
    Removing spi_select.o(.rrx_text), (6 bytes).
    Removing spi_select.o(.text), (164 bytes).
    Removing ws2812b.o(FLASH), (160 bytes).
    Removing ece353_images.o(.constdata), (5991 bytes).
    Removing lcd_images.o(.constdata), (4864 bytes).
    Removing system_tm4c123.o(.rev16_text), (4 bytes).
    Removing system_tm4c123.o(.revsh_text), (4 bytes).
    Removing system_tm4c123.o(.rrx_text), (6 bytes).

75 unused section(s) (total 13839 bytes) removed from the image.

==============================================================================

Image Symbol Table

    Local Symbols

    Symbol Name                              Value     Ov Type        Size  Object(Section)

    RESET                                    0x00000000   Section      620  startup_tm4c123.o(RESET)
    ../clib/microlib/init/entry.s            0x00000000   Number         0  entry10b.o ABSOLUTE
    ../clib/microlib/init/entry.s            0x00000000   Number         0  entry8b.o ABSOLUTE
    ../clib/microlib/init/entry.s            0x00000000   Number         0  entry10a.o ABSOLUTE
    ../clib/microlib/init/entry.s            0x00000000   Number         0  entry9a.o ABSOLUTE
    ../clib/microlib/init/entry.s            0x00000000   Number         0  entry9b.o ABSOLUTE
    ../clib/microlib/init/entry.s            0x00000000   Number         0  entry2.o ABSOLUTE
    ../clib/microlib/init/entry.s            0x00000000   Number         0  entry5.o ABSOLUTE
    ../clib/microlib/init/entry.s            0x00000000   Number         0  entry.o ABSOLUTE
    ../clib/microlib/init/entry.s            0x00000000   Number         0  entry7a.o ABSOLUTE
    ../clib/microlib/init/entry.s            0x00000000   Number         0  entry7b.o ABSOLUTE
    ../clib/microlib/init/entry.s            0x00000000   Number         0  entry8a.o ABSOLUTE
    ../clib/microlib/init/entry.s            0x00000000   Number         0  entry11b.o ABSOLUTE
    ../clib/microlib/init/entry.s            0x00000000   Number         0  entry11a.o ABSOLUTE
    ../clib/microlib/malloc/malloc.c         0x00000000   Number         0  malloc.o ABSOLUTE
    ../clib/microlib/malloc/malloc.c         0x00000000   Number         0  mallocra.o ABSOLUTE
    ../clib/microlib/malloc/malloc.c         0x00000000   Number         0  malloca.o ABSOLUTE
    ../clib/microlib/malloc/malloc.c         0x00000000   Number         0  mallocr.o ABSOLUTE
    ../clib/microlib/malloc/mvars.c          0x00000000   Number         0  mvars.o ABSOLUTE
    ../clib/microlib/stdio/streams.c         0x00000000   Number         0  stdout.o ABSOLUTE
    ../clib/microlib/string/memcpy.c         0x00000000   Number         0  memcpyb.o ABSOLUTE
    ../clib/microlib/string/memcpy.c         0x00000000   Number         0  memcpya.o ABSOLUTE
    ..\\ece353_project_game\\drivers\\c\\adc.c 0x00000000   Number         0  adc.o ABSOLUTE
    ..\\ece353_project_game\\drivers\\c\\gpio_port.c 0x00000000   Number         0  gpio_port.o ABSOLUTE
    ..\\ece353_project_game\\drivers\\c\\i2c.c 0x00000000   Number         0  i2c.o ABSOLUTE
    ..\\ece353_project_game\\drivers\\c\\spi.c 0x00000000   Number         0  spi.o ABSOLUTE
    ..\\ece353_project_game\\drivers\\c\\timers.c 0x00000000   Number         0  timers.o ABSOLUTE
    ..\\ece353_project_game\\drivers\\c\\uart.c 0x00000000   Number         0  uart.o ABSOLUTE
    ..\\ece353_project_game\\peripherals\\c\\accel.c 0x00000000   Number         0  accel.o ABSOLUTE
    ..\\ece353_project_game\\peripherals\\c\\eeprom.c 0x00000000   Number         0  eeprom.o ABSOLUTE
    ..\\ece353_project_game\\peripherals\\c\\ft6x06.c 0x00000000   Number         0  ft6x06.o ABSOLUTE
    ..\\ece353_project_game\\peripherals\\c\\launchpad_io.c 0x00000000   Number         0  launchpad_io.o ABSOLUTE
    ..\\ece353_project_game\\peripherals\\c\\lcd.c 0x00000000   Number         0  lcd.o ABSOLUTE
    ..\\ece353_project_game\\peripherals\\c\\serial_debug.c 0x00000000   Number         0  serial_debug.o ABSOLUTE
    ..\\ece353_project_game\\peripherals\\c\\spi_select.c 0x00000000   Number         0  spi_select.o ABSOLUTE
    ..\ece353_project_game\drivers\c\adc.c   0x00000000   Number         0  adc.o ABSOLUTE
    ..\ece353_project_game\drivers\c\gpio_port.c 0x00000000   Number         0  gpio_port.o ABSOLUTE
    ..\ece353_project_game\drivers\c\i2c.c   0x00000000   Number         0  i2c.o ABSOLUTE
    ..\ece353_project_game\drivers\c\pc_buffer.c 0x00000000   Number         0  pc_buffer.o ABSOLUTE
    ..\ece353_project_game\drivers\c\spi.c   0x00000000   Number         0  spi.o ABSOLUTE
    ..\ece353_project_game\drivers\c\timers.c 0x00000000   Number         0  timers.o ABSOLUTE
    ..\ece353_project_game\drivers\c\uart.c  0x00000000   Number         0  uart.o ABSOLUTE
    ..\ece353_project_game\peripherals\c\accel.c 0x00000000   Number         0  accel.o ABSOLUTE
    ..\ece353_project_game\peripherals\c\eeprom.c 0x00000000   Number         0  eeprom.o ABSOLUTE
    ..\ece353_project_game\peripherals\c\ft6x06.c 0x00000000   Number         0  ft6x06.o ABSOLUTE
    ..\ece353_project_game\peripherals\c\launchpad_io.c 0x00000000   Number         0  launchpad_io.o ABSOLUTE
    ..\ece353_project_game\peripherals\c\lcd.c 0x00000000   Number         0  lcd.o ABSOLUTE
    ..\ece353_project_game\peripherals\c\serial_debug.c 0x00000000   Number         0  serial_debug.o ABSOLUTE
    ..\ece353_project_game\peripherals\c\spi_select.c 0x00000000   Number         0  spi_select.o ABSOLUTE
    ..\ece353_project_game\peripherals\c\ws2812b.s 0x00000000   Number         0  ws2812b.o ABSOLUTE
    RTE\Device\TM4C123GH6PM\startup_TM4C123.s 0x00000000   Number         0  startup_tm4c123.o ABSOLUTE
    RTE\Device\TM4C123GH6PM\system_TM4C123.c 0x00000000   Number         0  system_tm4c123.o ABSOLUTE
    RTE\\Device\\TM4C123GH6PM\\system_TM4C123.c 0x00000000   Number         0  system_tm4c123.o ABSOLUTE
    dc.s                                     0x00000000   Number         0  dc.o ABSOLUTE
    drivers\\c\\gptimer.c                    0x00000000   Number         0  gptimer.o ABSOLUTE
    drivers\c\gptimer.c                      0x00000000   Number         0  gptimer.o ABSOLUTE
    handlers.s                               0x00000000   Number         0  handlers.o ABSOLUTE
    hw3.c                                    0x00000000   Number         0  hw3.o ABSOLUTE
    hw3.c                                    0x00000000   Number         0  hw3.o ABSOLUTE
    hw3_staff.c                              0x00000000   Number         0  hw3_staff.o ABSOLUTE
    hw3_staff.c                              0x00000000   Number         0  hw3_staff.o ABSOLUTE
    init.s                                   0x00000000   Number         0  init.o ABSOLUTE
    main.c                                   0x00000000   Number         0  main.o ABSOLUTE
    main.c                                   0x00000000   Number         0  main.o ABSOLUTE
    peripherals\c\ece353_images.c            0x00000000   Number         0  ece353_images.o ABSOLUTE
    peripherals\c\lcd_images.c               0x00000000   Number         0  lcd_images.o ABSOLUTE
    project_hardware_init.c                  0x00000000   Number         0  project_hardware_init.o ABSOLUTE
    project_hardware_init.c                  0x00000000   Number         0  project_hardware_init.o ABSOLUTE
    project_images.c                         0x00000000   Number         0  project_images.o ABSOLUTE
    project_interrupts.c                     0x00000000   Number         0  project_interrupts.o ABSOLUTE
    project_interrupts.c                     0x00000000   Number         0  project_interrupts.o ABSOLUTE
    ps2-new.c                                0x00000000   Number         0  ps2-new.o ABSOLUTE
    ps2-new.c                                0x00000000   Number         0  ps2-new.o ABSOLUTE
    .ARM.Collect$$$$00000000                 0x0000026c   Section        0  entry.o(.ARM.Collect$$$$00000000)
    .ARM.Collect$$$$00000001                 0x0000026c   Section        4  entry2.o(.ARM.Collect$$$$00000001)
    .ARM.Collect$$$$00000004                 0x00000270   Section        4  entry5.o(.ARM.Collect$$$$00000004)
    .ARM.Collect$$$$00000008                 0x00000274   Section        0  entry7b.o(.ARM.Collect$$$$00000008)
    .ARM.Collect$$$$0000000A                 0x00000274   Section        0  entry8b.o(.ARM.Collect$$$$0000000A)
    .ARM.Collect$$$$0000000B                 0x00000274   Section        8  entry9a.o(.ARM.Collect$$$$0000000B)
    .ARM.Collect$$$$0000000D                 0x0000027c   Section        0  entry10a.o(.ARM.Collect$$$$0000000D)
    .ARM.Collect$$$$0000000F                 0x0000027c   Section        0  entry11a.o(.ARM.Collect$$$$0000000F)
    .ARM.Collect$$$$00002712                 0x0000027c   Section        4  entry2.o(.ARM.Collect$$$$00002712)
    __lit__00000000                          0x0000027c   Data           4  entry2.o(.ARM.Collect$$$$00002712)
    .text                                    0x00000280   Section        0  main.o(.text)
    .text                                    0x00000294   Section        0  project_hardware_init.o(.text)
    .text                                    0x000002c4   Section        0  project_interrupts.o(.text)
    .text                                    0x0000072c   Section        0  ps2-new.o(.text)
    initialize_adc_gpio_pins                 0x0000072d   Thumb Code    34  ps2-new.o(.text)
    ps2_configure_adc                        0x0000074f   Thumb Code   118  ps2-new.o(.text)
    .text                                    0x00000844   Section        0  hw3.o(.text)
    .text                                    0x00001110   Section        0  gpio_port.o(.text)
    verify_base_addr                         0x00001111   Thumb Code    64  gpio_port.o(.text)
    .text                                    0x000013d4   Section        0  i2c.o(.text)
    .text                                    0x000015dc   Section        0  pc_buffer.o(.text)
    .text                                    0x00001658   Section        0  timers.o(.text)
    verify_base_addr                         0x00001659   Thumb Code    64  timers.o(.text)
    get_clock_masks                          0x000016e3   Thumb Code   106  timers.o(.text)
    .text                                    0x000018a0   Section        0  uart.o(.text)
    .text                                    0x00001b24   Section        0  ft6x06.o(.text)
    ft6x06_set_addr                          0x00001b25   Thumb Code    52  ft6x06.o(.text)
    ft6x06_read_data                         0x00001b59   Thumb Code    52  ft6x06.o(.text)
    .text                                    0x00001cc8   Section        0  launchpad_io.o(.text)
    .text                                    0x00001d8c   Section        0  lcd.o(.text)
    lcd_write_cmd_u8                         0x00001da7   Thumb Code    40  lcd.o(.text)
    lcd_write_data_u8                        0x00001dcf   Thumb Code    28  lcd.o(.text)
    lcd_write_data_u16                       0x00001deb   Thumb Code    48  lcd.o(.text)
    .text                                    0x000028d4   Section        0  serial_debug.o(.text)
    .text                                    0x00002ad0   Section      252  startup_tm4c123.o(.text)
    $v0                                      0x00002ad0   Number         0  startup_tm4c123.o(.text)
    .text                                    0x00002bcc   Section        0  system_tm4c123.o(.text)
    getOscClk                                0x00002bcd   Thumb Code   182  system_tm4c123.o(.text)
    .text                                    0x00002e1c   Section       36  init.o(.text)
    i.__scatterload_copy                     0x00002e40   Section       14  handlers.o(i.__scatterload_copy)
    i.__scatterload_null                     0x00002e4e   Section        2  handlers.o(i.__scatterload_null)
    i.__scatterload_zeroinit                 0x00002e50   Section       14  handlers.o(i.__scatterload_zeroinit)
    i.malloc                                 0x00002e60   Section        0  malloc.o(i.malloc)
    .constdata                               0x00002ecc   Section     5134  project_images.o(.constdata)
    .data                                    0x20000000   Section       20  project_interrupts.o(.data)
    PS2_X_DATA                               0x20000000   Data           2  project_interrupts.o(.data)
    PS2_Y_DATA                               0x20000002   Data           2  project_interrupts.o(.data)
    PS2_DIR                                  0x20000004   Data           1  project_interrupts.o(.data)
    VIRUS1_DIR                               0x20000005   Data           1  project_interrupts.o(.data)
    VIRUS2_DIR                               0x20000006   Data           1  project_interrupts.o(.data)
    move_count                               0x20000008   Data           2  project_interrupts.o(.data)
    .data                                    0x20000014   Section       93  hw3.o(.data)
    .data                                    0x20000071   Section        2  serial_debug.o(.data)
    Rx_Interrupts_Enabled                    0x20000071   Data           1  serial_debug.o(.data)
    Tx_Interrupts_Enabled                    0x20000072   Data           1  serial_debug.o(.data)
    .data                                    0x20000074   Section        4  system_tm4c123.o(.data)
    .data                                    0x20000078   Section        4  stdout.o(.data)
    .data                                    0x2000007c   Section        4  mvars.o(.data)
    .data                                    0x20000080   Section        4  mvars.o(.data)
    .bss                                     0x20000084   Section       32  hw3.o(.bss)
    .bss                                     0x200000a4   Section       28  serial_debug.o(.bss)
    HEAP                                     0x200000c0   Section        0  startup_tm4c123.o(HEAP)
    STACK                                    0x200000c0   Section     4096  startup_tm4c123.o(STACK)

    Global Symbols

    Symbol Name                              Value     Ov Type        Size  Object(Section)

    BuildAttributes$$THM_ISAv4$E$P$D$K$B$S$7EM$VFPi3$EXTD16$VFPS$VFMA$PE$A:L22UL41UL21$X:L11$S22US41US21$IEEE1$IW$USESV6$~STKCKD$USESV7$~SHL$OSPACE$EBA8$MICROLIB$REQ8$EABIv2 0x00000000   Number         0  anon$$obj.o ABSOLUTE
    __ARM_use_no_argv                        0x00000000   Number         0  main.o ABSOLUTE
    __Vectors                                0x00000000   Data           4  startup_tm4c123.o(RESET)
    __cpp_initialize__aeabi_                  - Undefined Weak Reference
    __cxa_finalize                            - Undefined Weak Reference
    __decompress                              - Undefined Weak Reference
    _clock_init                               - Undefined Weak Reference
    _microlib_exit                            - Undefined Weak Reference
    __Vectors_End                            0x0000026c   Data           0  startup_tm4c123.o(RESET)
    __Vectors_Size                           0x0000026c   Number         0  startup_tm4c123.o ABSOLUTE
    __main                                   0x0000026d   Thumb Code     0  entry.o(.ARM.Collect$$$$00000000)
    _main_stk                                0x0000026d   Thumb Code     0  entry2.o(.ARM.Collect$$$$00000001)
    _main_scatterload                        0x00000271   Thumb Code     0  entry5.o(.ARM.Collect$$$$00000004)
    __main_after_scatterload                 0x00000275   Thumb Code     0  entry5.o(.ARM.Collect$$$$00000004)
    _main_clock                              0x00000275   Thumb Code     0  entry7b.o(.ARM.Collect$$$$00000008)
    _main_cpp_init                           0x00000275   Thumb Code     0  entry8b.o(.ARM.Collect$$$$0000000A)
    _main_init                               0x00000275   Thumb Code     0  entry9a.o(.ARM.Collect$$$$0000000B)
    __rt_final_cpp                           0x0000027d   Thumb Code     0  entry10a.o(.ARM.Collect$$$$0000000D)
    __rt_final_exit                          0x0000027d   Thumb Code     0  entry11a.o(.ARM.Collect$$$$0000000F)
    DisableInterrupts                        0x00000281   Thumb Code     4  main.o(.text)
    EnableInterrupts                         0x00000285   Thumb Code     4  main.o(.text)
    main                                     0x00000289   Thumb Code    12  main.o(.text)
    initializeBoard                          0x00000295   Thumb Code    40  project_hardware_init.o(.text)
    ps2_get_direction                        0x000002c5   Thumb Code    80  project_interrupts.o(.text)
    TIMER0A_Handler                          0x00000315   Thumb Code   224  project_interrupts.o(.text)
    TIMER1A_Handler                          0x000003f5   Thumb Code    48  project_interrupts.o(.text)
    TIMER2A_Handler                          0x00000425   Thumb Code    72  project_interrupts.o(.text)
    TIMER3A_Handler                          0x0000046d   Thumb Code   224  project_interrupts.o(.text)
    TIMER4A_Handler                          0x0000054d   Thumb Code    26  project_interrupts.o(.text)
    TIMER5A_Handler                          0x00000567   Thumb Code   216  project_interrupts.o(.text)
    ADC0SS2_Handler                          0x0000063f   Thumb Code    44  project_interrupts.o(.text)
    ps2_initialize_adc                       0x000007c5   Thumb Code    88  ps2-new.o(.text)
    ps2_initialize                           0x0000081d   Thumb Code    12  ps2-new.o(.text)
    ps2_get_x                                0x00000829   Thumb Code     2  ps2-new.o(.text)
    ps2_get_y                                0x0000082b   Thumb Code     2  ps2-new.o(.text)
    contact_edge                             0x00000845   Thumb Code   202  hw3.o(.text)
    move_image                               0x0000090f   Thumb Code    64  hw3.o(.text)
    check_game_over                          0x0000094f   Thumb Code   204  hw3.o(.text)
    init_hardware                            0x00000a1b   Thumb Code   124  hw3.o(.text)
    hw3_main                                 0x00000a97   Thumb Code  1504  hw3.o(.text)
    gpio_get_irq_num                         0x00001151   Thumb Code    74  gpio_port.o(.text)
    gpio_enable_port                         0x0000119b   Thumb Code   156  gpio_port.o(.text)
    gpio_config_digital_enable               0x00001237   Thumb Code    34  gpio_port.o(.text)
    gpio_config_enable_output                0x00001259   Thumb Code    34  gpio_port.o(.text)
    gpio_config_enable_input                 0x0000127b   Thumb Code    34  gpio_port.o(.text)
    gpio_config_enable_pullup                0x0000129d   Thumb Code    34  gpio_port.o(.text)
    gpio_config_enable_pulldown              0x000012bf   Thumb Code    34  gpio_port.o(.text)
    gpio_config_analog_enable                0x000012e1   Thumb Code    34  gpio_port.o(.text)
    gpio_config_alternate_function           0x00001303   Thumb Code    34  gpio_port.o(.text)
    gpio_config_port_control                 0x00001325   Thumb Code    54  gpio_port.o(.text)
    gpio_config_open_drain                   0x0000135b   Thumb Code    34  gpio_port.o(.text)
    gpio_config_falling_edge_irq             0x0000137d   Thumb Code    56  gpio_port.o(.text)
    initializeI2CMaster                      0x000013d5   Thumb Code   160  i2c.o(.text)
    i2cVerifyBaseAddr                        0x00001475   Thumb Code    36  i2c.o(.text)
    i2cSetSlaveAddr                          0x00001499   Thumb Code    30  i2c.o(.text)
    i2cStop                                  0x000014b7   Thumb Code    26  i2c.o(.text)
    I2CMasterBusy                            0x000014d1   Thumb Code    34  i2c.o(.text)
    I2CMasterAdrAck                          0x000014f3   Thumb Code    34  i2c.o(.text)
    I2CMasterDatAck                          0x00001515   Thumb Code    34  i2c.o(.text)
    i2cSendByte                              0x00001537   Thumb Code    82  i2c.o(.text)
    i2cGetByte                               0x00001589   Thumb Code    60  i2c.o(.text)
    pc_buffer_init                           0x000015dd   Thumb Code    26  pc_buffer.o(.text)
    pc_buffer_add                            0x000015f7   Thumb Code    28  pc_buffer.o(.text)
    pc_buffer_remove                         0x00001613   Thumb Code    30  pc_buffer.o(.text)
    pc_buffer_empty                          0x00001631   Thumb Code    18  pc_buffer.o(.text)
    pc_buffer_full                           0x00001643   Thumb Code    22  pc_buffer.o(.text)
    timer_get_irq_num                        0x00001699   Thumb Code    74  timers.o(.text)
    gp_timer_wait                            0x0000174d   Thumb Code    64  timers.o(.text)
    gp_timer_config_32                       0x0000178d   Thumb Code   252  timers.o(.text)
    verify_uart_base                         0x000018a1   Thumb Code    54  uart.o(.text)
    uart_get_rcgc_mask                       0x000018d7   Thumb Code    68  uart.o(.text)
    uart_get_pr_mask                         0x0000191b   Thumb Code    68  uart.o(.text)
    uart_get_irq_num                         0x0000195f   Thumb Code    68  uart.o(.text)
    uart_tx_poll                             0x000019a3   Thumb Code    38  uart.o(.text)
    uart_tx_poll_string                      0x000019c9   Thumb Code    50  uart.o(.text)
    uart_rx_poll                             0x000019fb   Thumb Code    70  uart.o(.text)
    uart_init                                0x00001a41   Thumb Code   210  uart.o(.text)
    ft6x06_read_td_status                    0x00001b8d   Thumb Code    24  ft6x06.o(.text)
    ft6x06_read_x                            0x00001ba5   Thumb Code    52  ft6x06.o(.text)
    ft6x06_read_y                            0x00001bd9   Thumb Code    80  ft6x06.o(.text)
    ft6x06_init                              0x00001c29   Thumb Code   156  ft6x06.o(.text)
    lp_io_set_pin                            0x00001cc9   Thumb Code    18  launchpad_io.o(.text)
    lp_io_clear_pin                          0x00001cdb   Thumb Code    18  launchpad_io.o(.text)
    lp_io_read_pin                           0x00001ced   Thumb Code    22  launchpad_io.o(.text)
    lp_io_init                               0x00001d03   Thumb Code   112  launchpad_io.o(.text)
    delayms                                  0x00001d8d   Thumb Code    26  lcd.o(.text)
    lcd_set_pos                              0x00001e1b   Thumb Code    58  lcd.o(.text)
    lcd_clear_screen                         0x00001e55   Thumb Code    52  lcd.o(.text)
    lcd_draw_box                             0x00001e89   Thumb Code   138  lcd.o(.text)
    lcd_draw_rectangle                       0x00001f13   Thumb Code    82  lcd.o(.text)
    lcd_draw_rectangle_centered              0x00001f65   Thumb Code   152  lcd.o(.text)
    lcd_draw_pixel                           0x00001ffd   Thumb Code    28  lcd.o(.text)
    lcd_draw_char                            0x00002019   Thumb Code   556  lcd.o(.text)
    lcd_draw_image                           0x00002245   Thumb Code   242  lcd.o(.text)
    lcd_draw_color_image                     0x00002337   Thumb Code   142  lcd.o(.text)
    lcd_config_gpio                          0x000023c5   Thumb Code   190  lcd.o(.text)
    lcd_config_screen                        0x00002483   Thumb Code   548  lcd.o(.text)
    lcd_draw_line                            0x000026a7   Thumb Code   200  lcd.o(.text)
    lcd_draw_circle                          0x0000276f   Thumb Code   356  lcd.o(.text)
    init_serial_debug                        0x000028d5   Thumb Code    90  serial_debug.o(.text)
    serial_debug_rx                          0x0000292f   Thumb Code    58  serial_debug.o(.text)
    serial_debug_tx                          0x00002969   Thumb Code    82  serial_debug.o(.text)
    fputc                                    0x000029bb   Thumb Code    66  serial_debug.o(.text)
    fgetc                                    0x000029fd   Thumb Code    50  serial_debug.o(.text)
    UART0_Handler                            0x00002a2f   Thumb Code   138  serial_debug.o(.text)
    Reset_Handler                            0x00002ad1   Thumb Code     8  startup_tm4c123.o(.text)
    NMI_Handler                              0x00002ad9   Thumb Code     2  startup_tm4c123.o(.text)
    HardFault_Handler                        0x00002adb   Thumb Code     2  startup_tm4c123.o(.text)
    MemManage_Handler                        0x00002add   Thumb Code     2  startup_tm4c123.o(.text)
    BusFault_Handler                         0x00002adf   Thumb Code     2  startup_tm4c123.o(.text)
    UsageFault_Handler                       0x00002ae1   Thumb Code     2  startup_tm4c123.o(.text)
    SVC_Handler                              0x00002ae3   Thumb Code     2  startup_tm4c123.o(.text)
    DebugMon_Handler                         0x00002ae5   Thumb Code     2  startup_tm4c123.o(.text)
    PendSV_Handler                           0x00002ae7   Thumb Code     2  startup_tm4c123.o(.text)
    SysTick_Handler                          0x00002ae9   Thumb Code     2  startup_tm4c123.o(.text)
    GPIOA_Handler                            0x00002aeb   Thumb Code     2  startup_tm4c123.o(.text)
    GPIOB_Handler                            0x00002aed   Thumb Code     2  startup_tm4c123.o(.text)
    GPIOC_Handler                            0x00002aef   Thumb Code     2  startup_tm4c123.o(.text)
    GPIOD_Handler                            0x00002af1   Thumb Code     2  startup_tm4c123.o(.text)
    GPIOE_Handler                            0x00002af3   Thumb Code     2  startup_tm4c123.o(.text)
    UART1_Handler                            0x00002af7   Thumb Code     2  startup_tm4c123.o(.text)
    SSI0_Handler                             0x00002af9   Thumb Code     2  startup_tm4c123.o(.text)
    I2C0_Handler                             0x00002afb   Thumb Code     2  startup_tm4c123.o(.text)
    PMW0_FAULT_Handler                       0x00002afd   Thumb Code     2  startup_tm4c123.o(.text)
    PWM0_0_Handler                           0x00002aff   Thumb Code     2  startup_tm4c123.o(.text)
    PWM0_1_Handler                           0x00002b01   Thumb Code     2  startup_tm4c123.o(.text)
    PWM0_2_Handler                           0x00002b03   Thumb Code     2  startup_tm4c123.o(.text)
    QEI0_Handler                             0x00002b05   Thumb Code     2  startup_tm4c123.o(.text)
    ADC0SS0_Handler                          0x00002b07   Thumb Code     2  startup_tm4c123.o(.text)
    ADC0SS1_Handler                          0x00002b09   Thumb Code     2  startup_tm4c123.o(.text)
    ADC0SS3_Handler                          0x00002b0d   Thumb Code     2  startup_tm4c123.o(.text)
    WDT0_Handler                             0x00002b0f   Thumb Code     2  startup_tm4c123.o(.text)
    TIMER0B_Handler                          0x00002b13   Thumb Code     2  startup_tm4c123.o(.text)
    TIMER1B_Handler                          0x00002b17   Thumb Code     2  startup_tm4c123.o(.text)
    TIMER2B_Handler                          0x00002b1b   Thumb Code     2  startup_tm4c123.o(.text)
    COMP0_Handler                            0x00002b1d   Thumb Code     2  startup_tm4c123.o(.text)
    COMP1_Handler                            0x00002b1f   Thumb Code     2  startup_tm4c123.o(.text)
    COMP2_Handler                            0x00002b21   Thumb Code     2  startup_tm4c123.o(.text)
    SYSCTL_Handler                           0x00002b23   Thumb Code     2  startup_tm4c123.o(.text)
    FLASH_Handler                            0x00002b25   Thumb Code     2  startup_tm4c123.o(.text)
    GPIOF_Handler                            0x00002b27   Thumb Code     2  startup_tm4c123.o(.text)
    GPIOG_Handler                            0x00002b29   Thumb Code     2  startup_tm4c123.o(.text)
    GPIOH_Handler                            0x00002b2b   Thumb Code     2  startup_tm4c123.o(.text)
    UART2_Handler                            0x00002b2d   Thumb Code     2  startup_tm4c123.o(.text)
    SSI1_Handler                             0x00002b2f   Thumb Code     2  startup_tm4c123.o(.text)
    TIMER3B_Handler                          0x00002b33   Thumb Code     2  startup_tm4c123.o(.text)
    I2C1_Handler                             0x00002b35   Thumb Code     2  startup_tm4c123.o(.text)
    QEI1_Handler                             0x00002b37   Thumb Code     2  startup_tm4c123.o(.text)
    CAN0_Handler                             0x00002b39   Thumb Code     2  startup_tm4c123.o(.text)
    CAN1_Handler                             0x00002b3b   Thumb Code     2  startup_tm4c123.o(.text)
    CAN2_Handler                             0x00002b3d   Thumb Code     2  startup_tm4c123.o(.text)
    HIB_Handler                              0x00002b3f   Thumb Code     2  startup_tm4c123.o(.text)
    USB0_Handler                             0x00002b41   Thumb Code     2  startup_tm4c123.o(.text)
    PWM0_3_Handler                           0x00002b43   Thumb Code     2  startup_tm4c123.o(.text)
    UDMA_Handler                             0x00002b45   Thumb Code     2  startup_tm4c123.o(.text)
    UDMAERR_Handler                          0x00002b47   Thumb Code     2  startup_tm4c123.o(.text)
    ADC1SS0_Handler                          0x00002b49   Thumb Code     2  startup_tm4c123.o(.text)
    ADC1SS1_Handler                          0x00002b4b   Thumb Code     2  startup_tm4c123.o(.text)
    ADC1SS2_Handler                          0x00002b4d   Thumb Code     2  startup_tm4c123.o(.text)
    ADC1SS3_Handler                          0x00002b4f   Thumb Code     2  startup_tm4c123.o(.text)
    GPIOJ_Handler                            0x00002b51   Thumb Code     2  startup_tm4c123.o(.text)
    GPIOK_Handler                            0x00002b53   Thumb Code     2  startup_tm4c123.o(.text)
    GPIOL_Handler                            0x00002b55   Thumb Code     2  startup_tm4c123.o(.text)
    SSI2_Handler                             0x00002b57   Thumb Code     2  startup_tm4c123.o(.text)
    SSI3_Handler                             0x00002b59   Thumb Code     2  startup_tm4c123.o(.text)
    UART3_Handler                            0x00002b5b   Thumb Code     2  startup_tm4c123.o(.text)
    UART4_Handler                            0x00002b5d   Thumb Code     2  startup_tm4c123.o(.text)
    UART5_Handler                            0x00002b5f   Thumb Code     2  startup_tm4c123.o(.text)
    UART6_Handler                            0x00002b61   Thumb Code     2  startup_tm4c123.o(.text)
    UART7_Handler                            0x00002b63   Thumb Code     2  startup_tm4c123.o(.text)
    I2C2_Handler                             0x00002b65   Thumb Code     2  startup_tm4c123.o(.text)
    I2C3_Handler                             0x00002b67   Thumb Code     2  startup_tm4c123.o(.text)
    TIMER4B_Handler                          0x00002b6b   Thumb Code     2  startup_tm4c123.o(.text)
    TIMER5B_Handler                          0x00002b6f   Thumb Code     2  startup_tm4c123.o(.text)
    WTIMER0A_Handler                         0x00002b71   Thumb Code     2  startup_tm4c123.o(.text)
    WTIMER0B_Handler                         0x00002b73   Thumb Code     2  startup_tm4c123.o(.text)
    WTIMER1A_Handler                         0x00002b75   Thumb Code     2  startup_tm4c123.o(.text)
    WTIMER1B_Handler                         0x00002b77   Thumb Code     2  startup_tm4c123.o(.text)
    WTIMER2A_Handler                         0x00002b79   Thumb Code     2  startup_tm4c123.o(.text)
    WTIMER2B_Handler                         0x00002b7b   Thumb Code     2  startup_tm4c123.o(.text)
    WTIMER3A_Handler                         0x00002b7d   Thumb Code     2  startup_tm4c123.o(.text)
    WTIMER3B_Handler                         0x00002b7f   Thumb Code     2  startup_tm4c123.o(.text)
    WTIMER4A_Handler                         0x00002b81   Thumb Code     2  startup_tm4c123.o(.text)
    WTIMER4B_Handler                         0x00002b83   Thumb Code     2  startup_tm4c123.o(.text)
    WTIMER5A_Handler                         0x00002b85   Thumb Code     2  startup_tm4c123.o(.text)
    WTIMER5B_Handler                         0x00002b87   Thumb Code     2  startup_tm4c123.o(.text)
    FPU_Handler                              0x00002b89   Thumb Code     2  startup_tm4c123.o(.text)
    I2C4_Handler                             0x00002b8b   Thumb Code     2  startup_tm4c123.o(.text)
    I2C5_Handler                             0x00002b8d   Thumb Code     2  startup_tm4c123.o(.text)
    GPIOM_Handler                            0x00002b8f   Thumb Code     2  startup_tm4c123.o(.text)
    GPION_Handler                            0x00002b91   Thumb Code     2  startup_tm4c123.o(.text)
    QEI2_Handler                             0x00002b93   Thumb Code     2  startup_tm4c123.o(.text)
    GPIOP0_Handler                           0x00002b95   Thumb Code     2  startup_tm4c123.o(.text)
    GPIOP1_Handler                           0x00002b97   Thumb Code     2  startup_tm4c123.o(.text)
    GPIOP2_Handler                           0x00002b99   Thumb Code     2  startup_tm4c123.o(.text)
    GPIOP3_Handler                           0x00002b9b   Thumb Code     2  startup_tm4c123.o(.text)
    GPIOP4_Handler                           0x00002b9d   Thumb Code     2  startup_tm4c123.o(.text)
    GPIOP5_Handler                           0x00002b9f   Thumb Code     2  startup_tm4c123.o(.text)
    GPIOP6_Handler                           0x00002ba1   Thumb Code     2  startup_tm4c123.o(.text)
    GPIOP7_Handler                           0x00002ba3   Thumb Code     2  startup_tm4c123.o(.text)
    GPIOQ0_Handler                           0x00002ba5   Thumb Code     2  startup_tm4c123.o(.text)
    GPIOQ1_Handler                           0x00002ba7   Thumb Code     2  startup_tm4c123.o(.text)
    GPIOQ2_Handler                           0x00002ba9   Thumb Code     2  startup_tm4c123.o(.text)
    GPIOQ3_Handler                           0x00002bab   Thumb Code     2  startup_tm4c123.o(.text)
    GPIOQ4_Handler                           0x00002bad   Thumb Code     2  startup_tm4c123.o(.text)
    GPIOQ5_Handler                           0x00002baf   Thumb Code     2  startup_tm4c123.o(.text)
    GPIOQ6_Handler                           0x00002bb1   Thumb Code     2  startup_tm4c123.o(.text)
    GPIOQ7_Handler                           0x00002bb3   Thumb Code     2  startup_tm4c123.o(.text)
    GPIOR_Handler                            0x00002bb5   Thumb Code     2  startup_tm4c123.o(.text)
    GPIOS_Handler                            0x00002bb7   Thumb Code     2  startup_tm4c123.o(.text)
    PMW1_0_Handler                           0x00002bb9   Thumb Code     2  startup_tm4c123.o(.text)
    PWM1_1_Handler                           0x00002bbb   Thumb Code     2  startup_tm4c123.o(.text)
    PWM1_2_Handler                           0x00002bbd   Thumb Code     2  startup_tm4c123.o(.text)
    PWM1_3_Handler                           0x00002bbf   Thumb Code     2  startup_tm4c123.o(.text)
    PWM1_FAULT_Handler                       0x00002bc1   Thumb Code     2  startup_tm4c123.o(.text)
    SystemCoreClockUpdate                    0x00002c83   Thumb Code   184  system_tm4c123.o(.text)
    SystemInit                               0x00002d3b   Thumb Code   112  system_tm4c123.o(.text)
    __scatterload                            0x00002e1d   Thumb Code    28  init.o(.text)
    __scatterload_rt2                        0x00002e1d   Thumb Code     0  init.o(.text)
    __scatterload_copy                       0x00002e41   Thumb Code    14  handlers.o(i.__scatterload_copy)
    __scatterload_null                       0x00002e4f   Thumb Code     2  handlers.o(i.__scatterload_null)
    __scatterload_zeroinit                   0x00002e51   Thumb Code    14  handlers.o(i.__scatterload_zeroinit)
    malloc                                   0x00002e61   Thumb Code    92  malloc.o(i.malloc)
    space_shipBitmaps                        0x00002ecc   Data         252  project_images.o(.constdata)
    space_shipWidthPixels                    0x00002fc8   Data           1  project_images.o(.constdata)
    space_shipHeightPixels                   0x00002fc9   Data           1  project_images.o(.constdata)
    invaderBitmaps                           0x00002fca   Data          54  project_images.o(.constdata)
    invaderWidthPixels                       0x00003000   Data           1  project_images.o(.constdata)
    invaderHeightPixels                      0x00003001   Data           1  project_images.o(.constdata)
    target1Bitmaps                           0x00003002   Data        1250  project_images.o(.constdata)
    target1WidthPixels                       0x000034e4   Data           1  project_images.o(.constdata)
    target1HeightPixels                      0x000034e5   Data           1  project_images.o(.constdata)
    target2Bitmaps                           0x000034e6   Data         300  project_images.o(.constdata)
    target2WidthPixels                       0x00003612   Data           1  project_images.o(.constdata)
    target2HeightPixels                      0x00003613   Data           1  project_images.o(.constdata)
    car1Bitmaps                              0x00003614   Data         100  project_images.o(.constdata)
    car1WidthPixels                          0x00003678   Data           1  project_images.o(.constdata)
    car1HeightPixels                         0x00003679   Data           1  project_images.o(.constdata)
    car2Bitmaps                              0x0000367a   Data         140  project_images.o(.constdata)
    car2WidthPixels                          0x00003706   Data           1  project_images.o(.constdata)
    car2HeightPixels                         0x00003707   Data           1  project_images.o(.constdata)
    welcomeScreenTitleBitmaps                0x00003708   Data        1034  project_images.o(.constdata)
    welcomeScreenTitleWidthPixels            0x00003b12   Data           1  project_images.o(.constdata)
    welcomeScreenTitleHeightPixels           0x00003b13   Data           1  project_images.o(.constdata)
    touchAnywhereBitmaps                     0x00003b14   Data        1056  project_images.o(.constdata)
    touchAnywhereWidthPixels                 0x00003f34   Data           1  project_images.o(.constdata)
    touchAnywhereHeightPixels                0x00003f35   Data           1  project_images.o(.constdata)
    gameOverBitmaps                          0x00003f36   Data         480  project_images.o(.constdata)
    gameOverWidthPixels                      0x00004116   Data           1  project_images.o(.constdata)
    gameOverHeightPixels                     0x00004117   Data           1  project_images.o(.constdata)
    highScoreBitmaps                         0x00004118   Data         300  project_images.o(.constdata)
    highScoreWidthPixels                     0x00004244   Data           1  project_images.o(.constdata)
    highScoreHeightPixels                    0x00004245   Data           1  project_images.o(.constdata)
    virus_noDetailBitmaps                    0x00004246   Data          72  project_images.o(.constdata)
    virus_noDetailWidthPixels                0x0000428e   Data           1  project_images.o(.constdata)
    virus_noDetailHeightPixels               0x0000428f   Data           1  project_images.o(.constdata)
    virus_detailBitmaps                      0x00004290   Data          72  project_images.o(.constdata)
    virus_detailWidthPixels                  0x000042d8   Data           1  project_images.o(.constdata)
    virus_detailHeightPixels                 0x000042d9   Data           1  project_images.o(.constdata)
    Region$$Table$$Base                      0x000042dc   Number         0  anon$$obj.o(Region$$Table)
    Region$$Table$$Limit                     0x000042fc   Number         0  anon$$obj.o(Region$$Table)
    touch_edge21                             0x2000000a   Data           1  project_interrupts.o(.data)
    touch_edge22                             0x2000000b   Data           1  project_interrupts.o(.data)
    LED                                      0x2000000c   Data           4  project_interrupts.o(.data)
    touch_edge11                             0x20000010   Data           1  project_interrupts.o(.data)
    touch_edge12                             0x20000011   Data           1  project_interrupts.o(.data)
    touch_edge31                             0x20000012   Data           1  project_interrupts.o(.data)
    touch_edge32                             0x20000013   Data           1  project_interrupts.o(.data)
    CAR11_X_COORD                            0x20000014   Data           2  hw3.o(.data)
    CAR11_Y_COORD                            0x20000016   Data           2  hw3.o(.data)
    CAR12_X_COORD                            0x20000018   Data           2  hw3.o(.data)
    CAR12_Y_COORD                            0x2000001a   Data           2  hw3.o(.data)
    CAR21_X_COORD                            0x2000001c   Data           2  hw3.o(.data)
    CAR21_Y_COORD                            0x2000001e   Data           2  hw3.o(.data)
    CAR22_X_COORD                            0x20000020   Data           2  hw3.o(.data)
    CAR22_Y_COORD                            0x20000022   Data           2  hw3.o(.data)
    VIRUS1_X_COORD                           0x20000024   Data           2  hw3.o(.data)
    VIRUS1_Y_COORD                           0x20000026   Data           2  hw3.o(.data)
    VIRUS2_X_COORD                           0x20000028   Data           2  hw3.o(.data)
    VIRUS2_Y_COORD                           0x2000002a   Data           2  hw3.o(.data)
    PLAYER_X_COORD                           0x2000002c   Data           2  hw3.o(.data)
    PLAYER_Y_COORD                           0x2000002e   Data           2  hw3.o(.data)
    virusFrameCounter                        0x20000030   Data           1  hw3.o(.data)
    ALERT_VIRUS1                             0x20000031   Data           1  hw3.o(.data)
    ALERT_CAR1                               0x20000032   Data           1  hw3.o(.data)
    ALERT_TRUCK1                             0x20000033   Data           1  hw3.o(.data)
    ALERT_VIRUS2                             0x20000034   Data           1  hw3.o(.data)
    ALERT_CAR2                               0x20000035   Data           1  hw3.o(.data)
    ALERT_TRUCK2                             0x20000036   Data           1  hw3.o(.data)
    ALERT_PLAYER                             0x20000037   Data           1  hw3.o(.data)
    SWITCH_IMAGE                             0x20000038   Data           1  hw3.o(.data)
    virusBitMapVar                           0x2000003c   Data           4  hw3.o(.data)
    STUDENT_NAME                             0x20000040   Data          37  hw3.o(.data)
    screen_height                            0x20000068   Data           4  hw3.o(.data)
    screen_width                             0x2000006c   Data           4  hw3.o(.data)
    game_state                               0x20000070   Data           1  hw3.o(.data)
    SystemCoreClock                          0x20000074   Data           4  system_tm4c123.o(.data)
    __stdout                                 0x20000078   Data           4  stdout.o(.data)
    __microlib_freelist                      0x2000007c   Data           4  mvars.o(.data)
    __microlib_freelist_initialised          0x20000080   Data           4  mvars.o(.data)
    ship                                     0x20000084   Data          16  hw3.o(.bss)
    invader                                  0x20000094   Data          16  hw3.o(.bss)
    UART0_Tx_Buffer                          0x200000a4   Data          14  serial_debug.o(.bss)
    UART0_Rx_Buffer                          0x200000b2   Data          14  serial_debug.o(.bss)
    __heap_base                              0x200000c0   Data           0  startup_tm4c123.o(HEAP)
    __heap_limit                             0x200000c0   Data           0  startup_tm4c123.o(HEAP)
    __initial_sp                             0x200010c0   Data           0  startup_tm4c123.o(STACK)



==============================================================================

Memory Map of the image

  Image Entry point : 0x00002ad1

  Load Region LR_1 (Base: 0x00000000, Size: 0x00004380, Max: 0xffffffff, ABSOLUTE)

    Execution Region ER_RO (Exec base: 0x00000000, Load base: 0x00000000, Size: 0x000042fc, Max: 0xffffffff, ABSOLUTE)

    Exec Addr    Load Addr    Size         Type   Attr      Idx    E Section Name        Object

    0x00000000   0x00000000   0x0000026c   Data   RO          703    RESET               startup_tm4c123.o
    0x0000026c   0x0000026c   0x00000000   Code   RO          738  * .ARM.Collect$$$$00000000  mc_w.l(entry.o)
    0x0000026c   0x0000026c   0x00000004   Code   RO          770    .ARM.Collect$$$$00000001  mc_w.l(entry2.o)
    0x00000270   0x00000270   0x00000004   Code   RO          773    .ARM.Collect$$$$00000004  mc_w.l(entry5.o)
    0x00000274   0x00000274   0x00000000   Code   RO          775    .ARM.Collect$$$$00000008  mc_w.l(entry7b.o)
    0x00000274   0x00000274   0x00000000   Code   RO          777    .ARM.Collect$$$$0000000A  mc_w.l(entry8b.o)
    0x00000274   0x00000274   0x00000008   Code   RO          778    .ARM.Collect$$$$0000000B  mc_w.l(entry9a.o)
    0x0000027c   0x0000027c   0x00000000   Code   RO          780    .ARM.Collect$$$$0000000D  mc_w.l(entry10a.o)
    0x0000027c   0x0000027c   0x00000000   Code   RO          782    .ARM.Collect$$$$0000000F  mc_w.l(entry11a.o)
    0x0000027c   0x0000027c   0x00000004   Code   RO          771    .ARM.Collect$$$$00002712  mc_w.l(entry2.o)
    0x00000280   0x00000280   0x00000014   Code   RO            4    .text               main.o
    0x00000294   0x00000294   0x00000030   Code   RO          143    .text               project_hardware_init.o
    0x000002c4   0x000002c4   0x00000468   Code   RO          167    .text               project_interrupts.o
    0x0000072c   0x0000072c   0x00000118   Code   RO          237    .text               ps2-new.o
    0x00000844   0x00000844   0x000008cc   Code   RO          265    .text               hw3.o
    0x00001110   0x00001110   0x000002c4   Code   RO          320    .text               gpio_port.o
    0x000013d4   0x000013d4   0x00000208   Code   RO          344    .text               i2c.o
    0x000015dc   0x000015dc   0x0000007c   Code   RO          365    .text               pc_buffer.o
    0x00001658   0x00001658   0x00000248   Code   RO          410    .text               timers.o
    0x000018a0   0x000018a0   0x00000284   Code   RO          434    .text               uart.o
    0x00001b24   0x00001b24   0x000001a4   Code   RO          543    .text               ft6x06.o
    0x00001cc8   0x00001cc8   0x000000c4   Code   RO          567    .text               launchpad_io.o
    0x00001d8c   0x00001d8c   0x00000b46   Code   RO          591    .text               lcd.o
    0x000028d2   0x000028d2   0x00000002   PAD
    0x000028d4   0x000028d4   0x000001fc   Code   RO          615    .text               serial_debug.o
    0x00002ad0   0x00002ad0   0x000000fc   Code   RO          704  * .text               startup_tm4c123.o
    0x00002bcc   0x00002bcc   0x00000250   Code   RO          711    .text               system_tm4c123.o
    0x00002e1c   0x00002e1c   0x00000024   Code   RO          790    .text               mc_w.l(init.o)
    0x00002e40   0x00002e40   0x0000000e   Code   RO          794    i.__scatterload_copy  mc_w.l(handlers.o)
    0x00002e4e   0x00002e4e   0x00000002   Code   RO          795    i.__scatterload_null  mc_w.l(handlers.o)
    0x00002e50   0x00002e50   0x0000000e   Code   RO          796    i.__scatterload_zeroinit  mc_w.l(handlers.o)
    0x00002e5e   0x00002e5e   0x00000002   PAD
    0x00002e60   0x00002e60   0x0000006c   Code   RO          743    i.malloc            mc_w.l(malloc.o)
    0x00002ecc   0x00002ecc   0x0000140e   Data   RO          222    .constdata          project_images.o
    0x000042da   0x000042da   0x00000002   PAD
    0x000042dc   0x000042dc   0x00000020   Data   RO          792    Region$$Table       anon$$obj.o


    Execution Region ER_RW (Exec base: 0x20000000, Load base: 0x000042fc, Size: 0x00000084, Max: 0xffffffff, ABSOLUTE)

    Exec Addr    Load Addr    Size         Type   Attr      Idx    E Section Name        Object

    0x20000000   0x000042fc   0x00000014   Data   RW          168    .data               project_interrupts.o
    0x20000014   0x00004310   0x0000005d   Data   RW          267    .data               hw3.o
    0x20000071   0x0000436d   0x00000002   Data   RW          617    .data               serial_debug.o
    0x20000073   0x0000436f   0x00000001   PAD
    0x20000074   0x00004370   0x00000004   Data   RW          712    .data               system_tm4c123.o
    0x20000078   0x00004374   0x00000004   Data   RW          741    .data               mc_w.l(stdout.o)
    0x2000007c   0x00004378   0x00000004   Data   RW          788    .data               mc_w.l(mvars.o)
    0x20000080   0x0000437c   0x00000004   Data   RW          789    .data               mc_w.l(mvars.o)


    Execution Region ER_ZI (Exec base: 0x20000084, Load base: 0x00004380, Size: 0x0000103c, Max: 0xffffffff, ABSOLUTE)

    Exec Addr    Load Addr    Size         Type   Attr      Idx    E Section Name        Object

    0x20000084        -       0x00000020   Zero   RW          266    .bss                hw3.o
    0x200000a4        -       0x0000001c   Zero   RW          616    .bss                serial_debug.o
    0x200000c0        -       0x00000000   Zero   RW          702    HEAP                startup_tm4c123.o
    0x200000c0        -       0x00001000   Zero   RW          701    STACK               startup_tm4c123.o


==============================================================================

Image component sizes


      Code (inc. data)   RO Data    RW Data    ZI Data      Debug   Object Name

       420          4          0          0          0       2412   ft6x06.o
       708         32          0          0          0       5338   gpio_port.o
      2252        340          0         93         32       5202   hw3.o
       520         24          0          0          0       3757   i2c.o
       196         26          0          0          0       2074   launchpad_io.o
      2886         28          0          0          0       8312   lcd.o
        20          0          0          0          0      30322   main.o
       124          0          0          0          0       2019   pc_buffer.o
        48          8          0          0          0        502   project_hardware_init.o
         0          0       5134          0          0       2621   project_images.o
      1128        194          0         20          0       2692   project_interrupts.o
       280         24          0          0          0      31611   ps2-new.o
       508         24          0          2         28       5881   serial_debug.o
       252         10        620          0       4096       5432   startup_tm4c123.o
       592        138          0          4          0       1537   system_tm4c123.o
       584         24          0          0          0       2873   timers.o
       644         50          0          0          0       3572   uart.o

    ----------------------------------------------------------------------
     11164        926       5788        120       4156     116157   Object Totals
         0          0         32          0          0          0   (incl. Generated)
         2          0          2          1          0          0   (incl. Padding)

    ----------------------------------------------------------------------

      Code (inc. data)   RO Data    RW Data    ZI Data      Debug   Library Member Name

         0          0          0          0          0          0   entry.o
         0          0          0          0          0          0   entry10a.o
         0          0          0          0          0          0   entry11a.o
         8          4          0          0          0          0   entry2.o
         4          0          0          0          0          0   entry5.o
         0          0          0          0          0          0   entry7b.o
         0          0          0          0          0          0   entry8b.o
         8          4          0          0          0          0   entry9a.o
        30          0          0          0          0          0   handlers.o
        36          8          0          0          0         68   init.o
       108         16          0          0          0         84   malloc.o
         0          0          0          8          0          0   mvars.o
         0          0          0          4          0          0   stdout.o

    ----------------------------------------------------------------------
       196         32          0         12          0        152   Library Totals
         2          0          0          0          0          0   (incl. Padding)

    ----------------------------------------------------------------------

      Code (inc. data)   RO Data    RW Data    ZI Data      Debug   Library Name

       194         32          0         12          0        152   mc_w.l

    ----------------------------------------------------------------------
       196         32          0         12          0        152   Library Totals

    ----------------------------------------------------------------------

==============================================================================


      Code (inc. data)   RO Data    RW Data    ZI Data      Debug   

     11360        958       5788        132       4156     114113   Grand Totals
     11360        958       5788        132       4156     114113   ELF Image Totals
     11360        958       5788        132          0          0   ROM Totals

==============================================================================

    Total RO  Size (Code + RO Data)                17148 (  16.75kB)
    Total RW  Size (RW Data + ZI Data)              4288 (   4.19kB)
    Total ROM Size (Code + RO Data + RW Data)      17280 (  16.88kB)

==============================================================================

