Component: ARM Compiler 5.06 update 6 (build 750) Tool: armlink [4d35ed]

==============================================================================

Section Cross References

    main.o(.text) refers to hw3.o(.text) for hw3_main
    project_interrupts.o(.text) refers to hw3.o(.text) for contact_edge
    project_interrupts.o(.text) refers to lcd.o(.text) for lcd_draw_image
    project_interrupts.o(.text) refers to project_interrupts.o(.data) for PS2_X_DATA
    project_interrupts.o(.text) refers to project_images.o(.constdata) for invaderWidthPixels
    project_interrupts.o(.text) refers to hw3.o(.data) for INVADER_Y_COORD
    hw3_staff.o(.text) refers to hw3_staff.o(.data) for lfsr
    hw3_staff.o(.text) refers to hw3_staff.o(.constdata) for MOV_DIR
    ps2-new.o(.text) refers to gpio_port.o(.text) for gpio_enable_port
    hw3.o(.text) refers to lcd.o(.text) for lcd_config_gpio
    hw3.o(.text) refers to ps2-new.o(.text) for ps2_initialize
    hw3.o(.text) refers to timers.o(.text) for gp_timer_config_32
    hw3.o(.text) refers to hw3.o(.data) for screen_height
    hw3.o(.text) refers to hw3.o(.bss) for ship
    hw3.o(.text) refers to project_images.o(.constdata) for target1Bitmaps
    pc_buffer.o(.text) refers to malloc.o(i.malloc) for malloc
    accel.o(.text) refers to spi_select.o(.text) for spi_select_init
    accel.o(.text) refers to gpio_port.o(.text) for gpio_enable_port
    accel.o(.text) refers to spi.o(.text) for initialize_spi
    eeprom.o(.text) refers to i2c.o(.text) for i2cVerifyBaseAddr
    eeprom.o(.text) refers to gpio_port.o(.text) for gpio_enable_port
    ft6x06.o(.text) refers to i2c.o(.text) for I2CMasterBusy
    ft6x06.o(.text) refers to gpio_port.o(.text) for gpio_enable_port
    lcd.o(.text) refers to gpio_port.o(.text) for gpio_enable_port
    serial_debug.o(.text) refers to pc_buffer.o(.text) for pc_buffer_empty
    serial_debug.o(.text) refers to main.o(.text) for DisableInterrupts
    serial_debug.o(.text) refers to uart.o(.text) for uart_tx_poll
    serial_debug.o(.text) refers to gpio_port.o(.text) for gpio_enable_port
    serial_debug.o(.text) refers to serial_debug.o(.data) for Tx_Interrupts_Enabled
    serial_debug.o(.text) refers to serial_debug.o(.bss) for UART0_Tx_Buffer
    serial_debug.o(.text) refers to stdout.o(.data) for __stdout
    spi_select.o(.text) refers to gpio_port.o(.text) for gpio_enable_port
    startup_tm4c123.o(RESET) refers to startup_tm4c123.o(STACK) for __initial_sp
    startup_tm4c123.o(RESET) refers to startup_tm4c123.o(.text) for Reset_Handler
    startup_tm4c123.o(RESET) refers to serial_debug.o(.text) for UART0_Handler
    startup_tm4c123.o(RESET) refers to project_interrupts.o(.text) for ADC0SS2_Handler
    startup_tm4c123.o(.text) refers to system_tm4c123.o(.text) for SystemInit
    startup_tm4c123.o(.text) refers to entry.o(.ARM.Collect$$$$00000000) for __main
    system_tm4c123.o(.text) refers to system_tm4c123.o(.data) for SystemCoreClock
    entry.o(.ARM.Collect$$$$00000000) refers (Special) to entry10a.o(.ARM.Collect$$$$0000000D) for __rt_final_cpp
    entry.o(.ARM.Collect$$$$00000000) refers (Special) to entry11a.o(.ARM.Collect$$$$0000000F) for __rt_final_exit
    entry.o(.ARM.Collect$$$$00000000) refers (Special) to entry7b.o(.ARM.Collect$$$$00000008) for _main_clock
    entry.o(.ARM.Collect$$$$00000000) refers (Special) to entry8b.o(.ARM.Collect$$$$0000000A) for _main_cpp_init
    entry.o(.ARM.Collect$$$$00000000) refers (Special) to entry9a.o(.ARM.Collect$$$$0000000B) for _main_init
    entry.o(.ARM.Collect$$$$00000000) refers (Special) to entry5.o(.ARM.Collect$$$$00000004) for _main_scatterload
    entry.o(.ARM.Collect$$$$00000000) refers (Special) to entry2.o(.ARM.Collect$$$$00000001) for _main_stk
    malloc.o(i.free) refers to mvars.o(.data) for __microlib_freelist
    malloc.o(i.malloc) refers to mvars.o(.data) for __microlib_freelist_initialised
    malloc.o(i.malloc) refers to mvars.o(.data) for __microlib_freelist
    malloc.o(i.malloc) refers to startup_tm4c123.o(HEAP) for __heap_base
    mallocr.o(i.__free$realloc) refers to mvars.o(.data) for __microlib_freelist
    mallocr.o(i.__malloc$realloc) refers to mallocr.o(i.internal_alloc) for internal_alloc
    mallocr.o(i.__malloc$realloc) refers to mvars.o(.data) for __microlib_freelist_initialised
    mallocr.o(i.__malloc$realloc) refers to startup_tm4c123.o(HEAP) for __heap_base
    mallocr.o(i.__malloc$realloc) refers to mvars.o(.data) for __microlib_freelist
    mallocr.o(i.internal_alloc) refers to memcpya.o(.text) for __aeabi_memcpy
    mallocr.o(i.internal_alloc) refers to mvars.o(.data) for __microlib_freelist
    mallocr.o(i.realloc) refers to mallocr.o(i.__free$realloc) for __free$realloc
    mallocr.o(i.realloc) refers to mallocr.o(i.internal_alloc) for internal_alloc
    mallocr.o(i.realloc) refers to mallocr.o(i.__malloc$realloc) for __malloc$realloc
    mallocr.o(i.realloc) refers to mvars.o(.data) for __microlib_freelist
    malloca.o(i.__aligned_malloc) refers to mvars.o(.data) for __microlib_freelist_initialised
    malloca.o(i.__aligned_malloc) refers to mvars.o(.data) for __microlib_freelist
    malloca.o(i.__aligned_malloc) refers to startup_tm4c123.o(HEAP) for __heap_base
    malloca.o(i.__free$memalign) refers to mvars.o(.data) for __microlib_freelist
    malloca.o(i.__malloc$memalign) refers to malloca.o(i.__aligned_malloc) for __aligned_malloc
    mallocra.o(i.__aligned_malloc$realloc) refers to mallocra.o(i.internal_alloc) for internal_alloc
    mallocra.o(i.__aligned_malloc$realloc) refers to mvars.o(.data) for __microlib_freelist_initialised
    mallocra.o(i.__aligned_malloc$realloc) refers to startup_tm4c123.o(HEAP) for __heap_base
    mallocra.o(i.__aligned_malloc$realloc) refers to mvars.o(.data) for __microlib_freelist
    mallocra.o(i.__free$realloc$memalign) refers to mvars.o(.data) for __microlib_freelist
    mallocra.o(i.__malloc$realloc$memalign) refers to mallocra.o(i.__aligned_malloc$realloc) for __aligned_malloc$realloc
    mallocra.o(i.__realloc$memalign) refers to mallocra.o(i.__free$realloc$memalign) for __free$realloc$memalign
    mallocra.o(i.__realloc$memalign) refers to mallocra.o(i.internal_alloc) for internal_alloc
    mallocra.o(i.__realloc$memalign) refers to mallocra.o(i.__malloc$realloc$memalign) for __malloc$realloc$memalign
    mallocra.o(i.__realloc$memalign) refers to mvars.o(.data) for __microlib_freelist
    mallocra.o(i.internal_alloc) refers to memcpya.o(.text) for __aeabi_memcpy
    mallocra.o(i.internal_alloc) refers to mvars.o(.data) for __microlib_freelist
    entry2.o(.ARM.Collect$$$$00000001) refers to entry2.o(.ARM.Collect$$$$00002712) for __lit__00000000
    entry2.o(.ARM.Collect$$$$00002712) refers to startup_tm4c123.o(STACK) for __initial_sp
    entry2.o(__vectab_stack_and_reset_area) refers to startup_tm4c123.o(STACK) for __initial_sp
    entry2.o(__vectab_stack_and_reset_area) refers to entry.o(.ARM.Collect$$$$00000000) for __main
    entry5.o(.ARM.Collect$$$$00000004) refers to init.o(.text) for __scatterload
    entry9a.o(.ARM.Collect$$$$0000000B) refers to main.o(.text) for main
    entry9b.o(.ARM.Collect$$$$0000000C) refers to main.o(.text) for main
    init.o(.text) refers to entry5.o(.ARM.Collect$$$$00000004) for __main_after_scatterload


==============================================================================

Removing Unused input sections from the image.

    Removing main.o(.rev16_text), (4 bytes).
    Removing main.o(.revsh_text), (4 bytes).
    Removing main.o(.rrx_text), (6 bytes).
    Removing project_hardware_init.o(.rev16_text), (4 bytes).
    Removing project_hardware_init.o(.revsh_text), (4 bytes).
    Removing project_hardware_init.o(.rrx_text), (6 bytes).
    Removing project_interrupts.o(.rev16_text), (4 bytes).
    Removing project_interrupts.o(.revsh_text), (4 bytes).
    Removing project_interrupts.o(.rrx_text), (6 bytes).
    Removing hw3_staff.o(.rev16_text), (4 bytes).
    Removing hw3_staff.o(.revsh_text), (4 bytes).
    Removing hw3_staff.o(.rrx_text), (6 bytes).
    Removing hw3_staff.o(.text), (124 bytes).
    Removing hw3_staff.o(.constdata), (20 bytes).
    Removing hw3_staff.o(.data), (2 bytes).
    Removing ps2-new.o(.rev16_text), (4 bytes).
    Removing ps2-new.o(.revsh_text), (4 bytes).
    Removing ps2-new.o(.rrx_text), (6 bytes).
    Removing hw3.o(.rev16_text), (4 bytes).
    Removing hw3.o(.revsh_text), (4 bytes).
    Removing hw3.o(.rrx_text), (6 bytes).
    Removing adc.o(.rev16_text), (4 bytes).
    Removing adc.o(.revsh_text), (4 bytes).
    Removing adc.o(.rrx_text), (6 bytes).
    Removing adc.o(.text), (296 bytes).
    Removing gpio_port.o(.rev16_text), (4 bytes).
    Removing gpio_port.o(.revsh_text), (4 bytes).
    Removing gpio_port.o(.rrx_text), (6 bytes).
    Removing i2c.o(.rev16_text), (4 bytes).
    Removing i2c.o(.revsh_text), (4 bytes).
    Removing i2c.o(.rrx_text), (6 bytes).
    Removing i2c.o(.text), (520 bytes).
    Removing spi.o(.rev16_text), (4 bytes).
    Removing spi.o(.revsh_text), (4 bytes).
    Removing spi.o(.rrx_text), (6 bytes).
    Removing spi.o(.text), (352 bytes).
    Removing timers.o(.rev16_text), (4 bytes).
    Removing timers.o(.revsh_text), (4 bytes).
    Removing timers.o(.rrx_text), (6 bytes).
    Removing uart.o(.rev16_text), (4 bytes).
    Removing uart.o(.revsh_text), (4 bytes).
    Removing uart.o(.rrx_text), (6 bytes).
    Removing gptimer.o(.rev16_text), (4 bytes).
    Removing gptimer.o(.revsh_text), (4 bytes).
    Removing gptimer.o(.rrx_text), (6 bytes).
    Removing gptimer.o(.text), (892 bytes).
    Removing accel.o(.rev16_text), (4 bytes).
    Removing accel.o(.revsh_text), (4 bytes).
    Removing accel.o(.rrx_text), (6 bytes).
    Removing accel.o(.text), (224 bytes).
    Removing eeprom.o(.rev16_text), (4 bytes).
    Removing eeprom.o(.revsh_text), (4 bytes).
    Removing eeprom.o(.rrx_text), (6 bytes).
    Removing eeprom.o(.text), (456 bytes).
    Removing ft6x06.o(.rev16_text), (4 bytes).
    Removing ft6x06.o(.revsh_text), (4 bytes).
    Removing ft6x06.o(.rrx_text), (6 bytes).
    Removing ft6x06.o(.text), (404 bytes).
    Removing launchpad_io.o(.rev16_text), (4 bytes).
    Removing launchpad_io.o(.revsh_text), (4 bytes).
    Removing launchpad_io.o(.rrx_text), (6 bytes).
    Removing launchpad_io.o(.text), (196 bytes).
    Removing lcd.o(.rev16_text), (4 bytes).
    Removing lcd.o(.revsh_text), (4 bytes).
    Removing lcd.o(.rrx_text), (6 bytes).
    Removing serial_debug.o(.rev16_text), (4 bytes).
    Removing serial_debug.o(.revsh_text), (4 bytes).
    Removing serial_debug.o(.rrx_text), (6 bytes).
    Removing spi_select.o(.rev16_text), (4 bytes).
    Removing spi_select.o(.revsh_text), (4 bytes).
    Removing spi_select.o(.rrx_text), (6 bytes).
    Removing spi_select.o(.text), (164 bytes).
    Removing ws2812b.o(FLASH), (160 bytes).
    Removing ece353_images.o(.constdata), (5991 bytes).
    Removing lcd_images.o(.constdata), (4864 bytes).
    Removing system_tm4c123.o(.rev16_text), (4 bytes).
    Removing system_tm4c123.o(.revsh_text), (4 bytes).
    Removing system_tm4c123.o(.rrx_text), (6 bytes).

78 unused section(s) (total 14959 bytes) removed from the image.

==============================================================================

Image Symbol Table

    Local Symbols

    Symbol Name                              Value     Ov Type        Size  Object(Section)

    RESET                                    0x00000000   Section      620  startup_tm4c123.o(RESET)
    ../clib/microlib/init/entry.s            0x00000000   Number         0  entry.o ABSOLUTE
    ../clib/microlib/init/entry.s            0x00000000   Number         0  entry11b.o ABSOLUTE
    ../clib/microlib/init/entry.s            0x00000000   Number         0  entry11a.o ABSOLUTE
    ../clib/microlib/init/entry.s            0x00000000   Number         0  entry10b.o ABSOLUTE
    ../clib/microlib/init/entry.s            0x00000000   Number         0  entry9b.o ABSOLUTE
    ../clib/microlib/init/entry.s            0x00000000   Number         0  entry9a.o ABSOLUTE
    ../clib/microlib/init/entry.s            0x00000000   Number         0  entry8b.o ABSOLUTE
    ../clib/microlib/init/entry.s            0x00000000   Number         0  entry8a.o ABSOLUTE
    ../clib/microlib/init/entry.s            0x00000000   Number         0  entry7b.o ABSOLUTE
    ../clib/microlib/init/entry.s            0x00000000   Number         0  entry7a.o ABSOLUTE
    ../clib/microlib/init/entry.s            0x00000000   Number         0  entry5.o ABSOLUTE
    ../clib/microlib/init/entry.s            0x00000000   Number         0  entry2.o ABSOLUTE
    ../clib/microlib/init/entry.s            0x00000000   Number         0  entry10a.o ABSOLUTE
    ../clib/microlib/malloc/malloc.c         0x00000000   Number         0  mallocr.o ABSOLUTE
    ../clib/microlib/malloc/malloc.c         0x00000000   Number         0  malloc.o ABSOLUTE
    ../clib/microlib/malloc/malloc.c         0x00000000   Number         0  mallocra.o ABSOLUTE
    ../clib/microlib/malloc/malloc.c         0x00000000   Number         0  malloca.o ABSOLUTE
    ../clib/microlib/malloc/mvars.c          0x00000000   Number         0  mvars.o ABSOLUTE
    ../clib/microlib/stdio/streams.c         0x00000000   Number         0  stdout.o ABSOLUTE
    ../clib/microlib/string/memcpy.c         0x00000000   Number         0  memcpya.o ABSOLUTE
    ../clib/microlib/string/memcpy.c         0x00000000   Number         0  memcpyb.o ABSOLUTE
    ..\\ece353_project_game\\drivers\\c\\adc.c 0x00000000   Number         0  adc.o ABSOLUTE
    ..\\ece353_project_game\\drivers\\c\\gpio_port.c 0x00000000   Number         0  gpio_port.o ABSOLUTE
    ..\\ece353_project_game\\drivers\\c\\i2c.c 0x00000000   Number         0  i2c.o ABSOLUTE
    ..\\ece353_project_game\\drivers\\c\\spi.c 0x00000000   Number         0  spi.o ABSOLUTE
    ..\\ece353_project_game\\drivers\\c\\timers.c 0x00000000   Number         0  timers.o ABSOLUTE
    ..\\ece353_project_game\\drivers\\c\\uart.c 0x00000000   Number         0  uart.o ABSOLUTE
    ..\\ece353_project_game\\peripherals\\c\\accel.c 0x00000000   Number         0  accel.o ABSOLUTE
    ..\\ece353_project_game\\peripherals\\c\\eeprom.c 0x00000000   Number         0  eeprom.o ABSOLUTE
    ..\\ece353_project_game\\peripherals\\c\\ft6x06.c 0x00000000   Number         0  ft6x06.o ABSOLUTE
    ..\\ece353_project_game\\peripherals\\c\\launchpad_io.c 0x00000000   Number         0  launchpad_io.o ABSOLUTE
    ..\\ece353_project_game\\peripherals\\c\\lcd.c 0x00000000   Number         0  lcd.o ABSOLUTE
    ..\\ece353_project_game\\peripherals\\c\\serial_debug.c 0x00000000   Number         0  serial_debug.o ABSOLUTE
    ..\\ece353_project_game\\peripherals\\c\\spi_select.c 0x00000000   Number         0  spi_select.o ABSOLUTE
    ..\ece353_project_game\drivers\c\adc.c   0x00000000   Number         0  adc.o ABSOLUTE
    ..\ece353_project_game\drivers\c\gpio_port.c 0x00000000   Number         0  gpio_port.o ABSOLUTE
    ..\ece353_project_game\drivers\c\i2c.c   0x00000000   Number         0  i2c.o ABSOLUTE
    ..\ece353_project_game\drivers\c\pc_buffer.c 0x00000000   Number         0  pc_buffer.o ABSOLUTE
    ..\ece353_project_game\drivers\c\spi.c   0x00000000   Number         0  spi.o ABSOLUTE
    ..\ece353_project_game\drivers\c\timers.c 0x00000000   Number         0  timers.o ABSOLUTE
    ..\ece353_project_game\drivers\c\uart.c  0x00000000   Number         0  uart.o ABSOLUTE
    ..\ece353_project_game\peripherals\c\accel.c 0x00000000   Number         0  accel.o ABSOLUTE
    ..\ece353_project_game\peripherals\c\eeprom.c 0x00000000   Number         0  eeprom.o ABSOLUTE
    ..\ece353_project_game\peripherals\c\ft6x06.c 0x00000000   Number         0  ft6x06.o ABSOLUTE
    ..\ece353_project_game\peripherals\c\launchpad_io.c 0x00000000   Number         0  launchpad_io.o ABSOLUTE
    ..\ece353_project_game\peripherals\c\lcd.c 0x00000000   Number         0  lcd.o ABSOLUTE
    ..\ece353_project_game\peripherals\c\serial_debug.c 0x00000000   Number         0  serial_debug.o ABSOLUTE
    ..\ece353_project_game\peripherals\c\spi_select.c 0x00000000   Number         0  spi_select.o ABSOLUTE
    ..\ece353_project_game\peripherals\c\ws2812b.s 0x00000000   Number         0  ws2812b.o ABSOLUTE
    RTE\Device\TM4C123GH6PM\startup_TM4C123.s 0x00000000   Number         0  startup_tm4c123.o ABSOLUTE
    RTE\Device\TM4C123GH6PM\system_TM4C123.c 0x00000000   Number         0  system_tm4c123.o ABSOLUTE
    RTE\\Device\\TM4C123GH6PM\\system_TM4C123.c 0x00000000   Number         0  system_tm4c123.o ABSOLUTE
    dc.s                                     0x00000000   Number         0  dc.o ABSOLUTE
    drivers\\c\\gptimer.c                    0x00000000   Number         0  gptimer.o ABSOLUTE
    drivers\c\gptimer.c                      0x00000000   Number         0  gptimer.o ABSOLUTE
    handlers.s                               0x00000000   Number         0  handlers.o ABSOLUTE
    hw3.c                                    0x00000000   Number         0  hw3.o ABSOLUTE
    hw3.c                                    0x00000000   Number         0  hw3.o ABSOLUTE
    hw3_staff.c                              0x00000000   Number         0  hw3_staff.o ABSOLUTE
    hw3_staff.c                              0x00000000   Number         0  hw3_staff.o ABSOLUTE
    init.s                                   0x00000000   Number         0  init.o ABSOLUTE
    main.c                                   0x00000000   Number         0  main.o ABSOLUTE
    main.c                                   0x00000000   Number         0  main.o ABSOLUTE
    peripherals\c\ece353_images.c            0x00000000   Number         0  ece353_images.o ABSOLUTE
    peripherals\c\lcd_images.c               0x00000000   Number         0  lcd_images.o ABSOLUTE
    project_hardware_init.c                  0x00000000   Number         0  project_hardware_init.o ABSOLUTE
    project_hardware_init.c                  0x00000000   Number         0  project_hardware_init.o ABSOLUTE
    project_images.c                         0x00000000   Number         0  project_images.o ABSOLUTE
    project_interrupts.c                     0x00000000   Number         0  project_interrupts.o ABSOLUTE
    project_interrupts.c                     0x00000000   Number         0  project_interrupts.o ABSOLUTE
    ps2-new.c                                0x00000000   Number         0  ps2-new.o ABSOLUTE
    ps2-new.c                                0x00000000   Number         0  ps2-new.o ABSOLUTE
    .ARM.Collect$$$$00000000                 0x0000026c   Section        0  entry.o(.ARM.Collect$$$$00000000)
    .ARM.Collect$$$$00000001                 0x0000026c   Section        4  entry2.o(.ARM.Collect$$$$00000001)
    .ARM.Collect$$$$00000004                 0x00000270   Section        4  entry5.o(.ARM.Collect$$$$00000004)
    .ARM.Collect$$$$00000008                 0x00000274   Section        0  entry7b.o(.ARM.Collect$$$$00000008)
    .ARM.Collect$$$$0000000A                 0x00000274   Section        0  entry8b.o(.ARM.Collect$$$$0000000A)
    .ARM.Collect$$$$0000000B                 0x00000274   Section        8  entry9a.o(.ARM.Collect$$$$0000000B)
    .ARM.Collect$$$$0000000D                 0x0000027c   Section        0  entry10a.o(.ARM.Collect$$$$0000000D)
    .ARM.Collect$$$$0000000F                 0x0000027c   Section        0  entry11a.o(.ARM.Collect$$$$0000000F)
    .ARM.Collect$$$$00002712                 0x0000027c   Section        4  entry2.o(.ARM.Collect$$$$00002712)
    __lit__00000000                          0x0000027c   Data           4  entry2.o(.ARM.Collect$$$$00002712)
    .text                                    0x00000280   Section        0  main.o(.text)
    .text                                    0x00000290   Section        0  project_interrupts.o(.text)
    .text                                    0x00000434   Section        0  ps2-new.o(.text)
    initialize_adc_gpio_pins                 0x00000435   Thumb Code    34  ps2-new.o(.text)
    ps2_configure_adc                        0x00000457   Thumb Code   118  ps2-new.o(.text)
    .text                                    0x0000054c   Section        0  hw3.o(.text)
    .text                                    0x00000974   Section        0  gpio_port.o(.text)
    verify_base_addr                         0x00000975   Thumb Code    64  gpio_port.o(.text)
    .text                                    0x00000c38   Section        0  pc_buffer.o(.text)
    .text                                    0x00000cb4   Section        0  timers.o(.text)
    verify_base_addr                         0x00000cb5   Thumb Code    64  timers.o(.text)
    get_clock_masks                          0x00000d3f   Thumb Code   106  timers.o(.text)
    .text                                    0x00000efc   Section        0  uart.o(.text)
    .text                                    0x00001180   Section        0  lcd.o(.text)
    lcd_write_cmd_u8                         0x0000119b   Thumb Code    40  lcd.o(.text)
    lcd_write_data_u8                        0x000011c3   Thumb Code    28  lcd.o(.text)
    lcd_write_data_u16                       0x000011df   Thumb Code    48  lcd.o(.text)
    .text                                    0x00001cc8   Section        0  serial_debug.o(.text)
    .text                                    0x00001ee4   Section      252  startup_tm4c123.o(.text)
    $v0                                      0x00001ee4   Number         0  startup_tm4c123.o(.text)
    .text                                    0x00001fe0   Section        0  system_tm4c123.o(.text)
    getOscClk                                0x00001fe1   Thumb Code   182  system_tm4c123.o(.text)
    .text                                    0x00002230   Section       36  init.o(.text)
    i.__scatterload_copy                     0x00002254   Section       14  handlers.o(i.__scatterload_copy)
    i.__scatterload_null                     0x00002262   Section        2  handlers.o(i.__scatterload_null)
    i.__scatterload_zeroinit                 0x00002264   Section       14  handlers.o(i.__scatterload_zeroinit)
    i.malloc                                 0x00002274   Section        0  malloc.o(i.malloc)
    .constdata                               0x000022e0   Section     2705  project_images.o(.constdata)
    .data                                    0x20000000   Section        9  project_interrupts.o(.data)
    PS2_X_DATA                               0x20000000   Data           2  project_interrupts.o(.data)
    PS2_Y_DATA                               0x20000002   Data           2  project_interrupts.o(.data)
    PS2_DIR                                  0x20000004   Data           1  project_interrupts.o(.data)
    SHIP_DIR                                 0x20000005   Data           1  project_interrupts.o(.data)
    move_count                               0x20000006   Data           2  project_interrupts.o(.data)
    .data                                    0x2000000c   Section       57  hw3.o(.data)
    .data                                    0x20000045   Section        2  serial_debug.o(.data)
    Rx_Interrupts_Enabled                    0x20000045   Data           1  serial_debug.o(.data)
    Tx_Interrupts_Enabled                    0x20000046   Data           1  serial_debug.o(.data)
    .data                                    0x20000048   Section        4  system_tm4c123.o(.data)
    .data                                    0x2000004c   Section        4  stdout.o(.data)
    .data                                    0x20000050   Section        4  mvars.o(.data)
    .data                                    0x20000054   Section        4  mvars.o(.data)
    .bss                                     0x20000058   Section       32  hw3.o(.bss)
    .bss                                     0x20000078   Section       28  serial_debug.o(.bss)
    HEAP                                     0x20000098   Section        0  startup_tm4c123.o(HEAP)
    STACK                                    0x20000098   Section     4096  startup_tm4c123.o(STACK)

    Global Symbols

    Symbol Name                              Value     Ov Type        Size  Object(Section)

    BuildAttributes$$THM_ISAv4$E$P$D$K$B$S$7EM$VFPi3$EXTD16$VFPS$VFMA$PE$A:L22UL41UL21$X:L11$S22US41US21$IEEE1$IW$USESV6$~STKCKD$USESV7$~SHL$OSPACE$EBA8$MICROLIB$REQ8$EABIv2 0x00000000   Number         0  anon$$obj.o ABSOLUTE
    __ARM_use_no_argv                        0x00000000   Number         0  main.o ABSOLUTE
    __Vectors                                0x00000000   Data           4  startup_tm4c123.o(RESET)
    __cpp_initialize__aeabi_                  - Undefined Weak Reference
    __cxa_finalize                            - Undefined Weak Reference
    __decompress                              - Undefined Weak Reference
    _clock_init                               - Undefined Weak Reference
    _microlib_exit                            - Undefined Weak Reference
    __Vectors_End                            0x0000026c   Data           0  startup_tm4c123.o(RESET)
    __Vectors_Size                           0x0000026c   Number         0  startup_tm4c123.o ABSOLUTE
    __main                                   0x0000026d   Thumb Code     0  entry.o(.ARM.Collect$$$$00000000)
    _main_stk                                0x0000026d   Thumb Code     0  entry2.o(.ARM.Collect$$$$00000001)
    _main_scatterload                        0x00000271   Thumb Code     0  entry5.o(.ARM.Collect$$$$00000004)
    __main_after_scatterload                 0x00000275   Thumb Code     0  entry5.o(.ARM.Collect$$$$00000004)
    _main_clock                              0x00000275   Thumb Code     0  entry7b.o(.ARM.Collect$$$$00000008)
    _main_cpp_init                           0x00000275   Thumb Code     0  entry8b.o(.ARM.Collect$$$$0000000A)
    _main_init                               0x00000275   Thumb Code     0  entry9a.o(.ARM.Collect$$$$0000000B)
    __rt_final_cpp                           0x0000027d   Thumb Code     0  entry10a.o(.ARM.Collect$$$$0000000D)
    __rt_final_exit                          0x0000027d   Thumb Code     0  entry11a.o(.ARM.Collect$$$$0000000F)
    DisableInterrupts                        0x00000281   Thumb Code     4  main.o(.text)
    EnableInterrupts                         0x00000285   Thumb Code     4  main.o(.text)
    main                                     0x00000289   Thumb Code     8  main.o(.text)
    ps2_get_direction                        0x00000291   Thumb Code    80  project_interrupts.o(.text)
    TIMER2A_Handler                          0x000002e1   Thumb Code    72  project_interrupts.o(.text)
    TIMER3A_Handler                          0x00000329   Thumb Code   120  project_interrupts.o(.text)
    TIMER4A_Handler                          0x000003a1   Thumb Code    26  project_interrupts.o(.text)
    ADC0SS2_Handler                          0x000003bb   Thumb Code    44  project_interrupts.o(.text)
    ps2_initialize_adc                       0x000004cd   Thumb Code    88  ps2-new.o(.text)
    ps2_initialize                           0x00000525   Thumb Code    12  ps2-new.o(.text)
    ps2_get_x                                0x00000531   Thumb Code     2  ps2-new.o(.text)
    ps2_get_y                                0x00000533   Thumb Code     2  ps2-new.o(.text)
    contact_edge                             0x0000054d   Thumb Code   202  hw3.o(.text)
    move_image                               0x00000617   Thumb Code    64  hw3.o(.text)
    check_game_over                          0x00000657   Thumb Code   204  hw3.o(.text)
    init_hardware                            0x00000723   Thumb Code    72  hw3.o(.text)
    hw3_main                                 0x0000076b   Thumb Code   402  hw3.o(.text)
    gpio_get_irq_num                         0x000009b5   Thumb Code    74  gpio_port.o(.text)
    gpio_enable_port                         0x000009ff   Thumb Code   156  gpio_port.o(.text)
    gpio_config_digital_enable               0x00000a9b   Thumb Code    34  gpio_port.o(.text)
    gpio_config_enable_output                0x00000abd   Thumb Code    34  gpio_port.o(.text)
    gpio_config_enable_input                 0x00000adf   Thumb Code    34  gpio_port.o(.text)
    gpio_config_enable_pullup                0x00000b01   Thumb Code    34  gpio_port.o(.text)
    gpio_config_enable_pulldown              0x00000b23   Thumb Code    34  gpio_port.o(.text)
    gpio_config_analog_enable                0x00000b45   Thumb Code    34  gpio_port.o(.text)
    gpio_config_alternate_function           0x00000b67   Thumb Code    34  gpio_port.o(.text)
    gpio_config_port_control                 0x00000b89   Thumb Code    54  gpio_port.o(.text)
    gpio_config_open_drain                   0x00000bbf   Thumb Code    34  gpio_port.o(.text)
    gpio_config_falling_edge_irq             0x00000be1   Thumb Code    56  gpio_port.o(.text)
    pc_buffer_init                           0x00000c39   Thumb Code    26  pc_buffer.o(.text)
    pc_buffer_add                            0x00000c53   Thumb Code    28  pc_buffer.o(.text)
    pc_buffer_remove                         0x00000c6f   Thumb Code    30  pc_buffer.o(.text)
    pc_buffer_empty                          0x00000c8d   Thumb Code    18  pc_buffer.o(.text)
    pc_buffer_full                           0x00000c9f   Thumb Code    22  pc_buffer.o(.text)
    timer_get_irq_num                        0x00000cf5   Thumb Code    74  timers.o(.text)
    gp_timer_wait                            0x00000da9   Thumb Code    64  timers.o(.text)
    gp_timer_config_32                       0x00000de9   Thumb Code   252  timers.o(.text)
    verify_uart_base                         0x00000efd   Thumb Code    54  uart.o(.text)
    uart_get_rcgc_mask                       0x00000f33   Thumb Code    68  uart.o(.text)
    uart_get_pr_mask                         0x00000f77   Thumb Code    68  uart.o(.text)
    uart_get_irq_num                         0x00000fbb   Thumb Code    68  uart.o(.text)
    uart_tx_poll                             0x00000fff   Thumb Code    38  uart.o(.text)
    uart_tx_poll_string                      0x00001025   Thumb Code    50  uart.o(.text)
    uart_rx_poll                             0x00001057   Thumb Code    70  uart.o(.text)
    uart_init                                0x0000109d   Thumb Code   210  uart.o(.text)
    delayms                                  0x00001181   Thumb Code    26  lcd.o(.text)
    lcd_set_pos                              0x0000120f   Thumb Code    58  lcd.o(.text)
    lcd_clear_screen                         0x00001249   Thumb Code    52  lcd.o(.text)
    lcd_draw_box                             0x0000127d   Thumb Code   138  lcd.o(.text)
    lcd_draw_rectangle                       0x00001307   Thumb Code    82  lcd.o(.text)
    lcd_draw_rectangle_centered              0x00001359   Thumb Code   152  lcd.o(.text)
    lcd_draw_pixel                           0x000013f1   Thumb Code    28  lcd.o(.text)
    lcd_draw_char                            0x0000140d   Thumb Code   556  lcd.o(.text)
    lcd_draw_image                           0x00001639   Thumb Code   242  lcd.o(.text)
    lcd_draw_color_image                     0x0000172b   Thumb Code   142  lcd.o(.text)
    lcd_config_gpio                          0x000017b9   Thumb Code   190  lcd.o(.text)
    lcd_config_screen                        0x00001877   Thumb Code   548  lcd.o(.text)
    lcd_draw_line                            0x00001a9b   Thumb Code   200  lcd.o(.text)
    lcd_draw_circle                          0x00001b63   Thumb Code   356  lcd.o(.text)
    serial_debug_rx                          0x00001cc9   Thumb Code    46  serial_debug.o(.text)
    serial_debug_tx                          0x00001cf7   Thumb Code    72  serial_debug.o(.text)
    fputc                                    0x00001d3f   Thumb Code    66  serial_debug.o(.text)
    fgetc                                    0x00001d81   Thumb Code    50  serial_debug.o(.text)
    init_serial_debug                        0x00001db3   Thumb Code   144  serial_debug.o(.text)
    UART0_Handler                            0x00001e43   Thumb Code   136  serial_debug.o(.text)
    Reset_Handler                            0x00001ee5   Thumb Code     8  startup_tm4c123.o(.text)
    NMI_Handler                              0x00001eed   Thumb Code     2  startup_tm4c123.o(.text)
    HardFault_Handler                        0x00001eef   Thumb Code     2  startup_tm4c123.o(.text)
    MemManage_Handler                        0x00001ef1   Thumb Code     2  startup_tm4c123.o(.text)
    BusFault_Handler                         0x00001ef3   Thumb Code     2  startup_tm4c123.o(.text)
    UsageFault_Handler                       0x00001ef5   Thumb Code     2  startup_tm4c123.o(.text)
    SVC_Handler                              0x00001ef7   Thumb Code     2  startup_tm4c123.o(.text)
    DebugMon_Handler                         0x00001ef9   Thumb Code     2  startup_tm4c123.o(.text)
    PendSV_Handler                           0x00001efb   Thumb Code     2  startup_tm4c123.o(.text)
    SysTick_Handler                          0x00001efd   Thumb Code     2  startup_tm4c123.o(.text)
    GPIOA_Handler                            0x00001eff   Thumb Code     2  startup_tm4c123.o(.text)
    GPIOB_Handler                            0x00001f01   Thumb Code     2  startup_tm4c123.o(.text)
    GPIOC_Handler                            0x00001f03   Thumb Code     2  startup_tm4c123.o(.text)
    GPIOD_Handler                            0x00001f05   Thumb Code     2  startup_tm4c123.o(.text)
    GPIOE_Handler                            0x00001f07   Thumb Code     2  startup_tm4c123.o(.text)
    UART1_Handler                            0x00001f0b   Thumb Code     2  startup_tm4c123.o(.text)
    SSI0_Handler                             0x00001f0d   Thumb Code     2  startup_tm4c123.o(.text)
    I2C0_Handler                             0x00001f0f   Thumb Code     2  startup_tm4c123.o(.text)
    PMW0_FAULT_Handler                       0x00001f11   Thumb Code     2  startup_tm4c123.o(.text)
    PWM0_0_Handler                           0x00001f13   Thumb Code     2  startup_tm4c123.o(.text)
    PWM0_1_Handler                           0x00001f15   Thumb Code     2  startup_tm4c123.o(.text)
    PWM0_2_Handler                           0x00001f17   Thumb Code     2  startup_tm4c123.o(.text)
    QEI0_Handler                             0x00001f19   Thumb Code     2  startup_tm4c123.o(.text)
    ADC0SS0_Handler                          0x00001f1b   Thumb Code     2  startup_tm4c123.o(.text)
    ADC0SS1_Handler                          0x00001f1d   Thumb Code     2  startup_tm4c123.o(.text)
    ADC0SS3_Handler                          0x00001f21   Thumb Code     2  startup_tm4c123.o(.text)
    WDT0_Handler                             0x00001f23   Thumb Code     2  startup_tm4c123.o(.text)
    TIMER0A_Handler                          0x00001f25   Thumb Code     2  startup_tm4c123.o(.text)
    TIMER0B_Handler                          0x00001f27   Thumb Code     2  startup_tm4c123.o(.text)
    TIMER1A_Handler                          0x00001f29   Thumb Code     2  startup_tm4c123.o(.text)
    TIMER1B_Handler                          0x00001f2b   Thumb Code     2  startup_tm4c123.o(.text)
    TIMER2B_Handler                          0x00001f2f   Thumb Code     2  startup_tm4c123.o(.text)
    COMP0_Handler                            0x00001f31   Thumb Code     2  startup_tm4c123.o(.text)
    COMP1_Handler                            0x00001f33   Thumb Code     2  startup_tm4c123.o(.text)
    COMP2_Handler                            0x00001f35   Thumb Code     2  startup_tm4c123.o(.text)
    SYSCTL_Handler                           0x00001f37   Thumb Code     2  startup_tm4c123.o(.text)
    FLASH_Handler                            0x00001f39   Thumb Code     2  startup_tm4c123.o(.text)
    GPIOF_Handler                            0x00001f3b   Thumb Code     2  startup_tm4c123.o(.text)
    GPIOG_Handler                            0x00001f3d   Thumb Code     2  startup_tm4c123.o(.text)
    GPIOH_Handler                            0x00001f3f   Thumb Code     2  startup_tm4c123.o(.text)
    UART2_Handler                            0x00001f41   Thumb Code     2  startup_tm4c123.o(.text)
    SSI1_Handler                             0x00001f43   Thumb Code     2  startup_tm4c123.o(.text)
    TIMER3B_Handler                          0x00001f47   Thumb Code     2  startup_tm4c123.o(.text)
    I2C1_Handler                             0x00001f49   Thumb Code     2  startup_tm4c123.o(.text)
    QEI1_Handler                             0x00001f4b   Thumb Code     2  startup_tm4c123.o(.text)
    CAN0_Handler                             0x00001f4d   Thumb Code     2  startup_tm4c123.o(.text)
    CAN1_Handler                             0x00001f4f   Thumb Code     2  startup_tm4c123.o(.text)
    CAN2_Handler                             0x00001f51   Thumb Code     2  startup_tm4c123.o(.text)
    HIB_Handler                              0x00001f53   Thumb Code     2  startup_tm4c123.o(.text)
    USB0_Handler                             0x00001f55   Thumb Code     2  startup_tm4c123.o(.text)
    PWM0_3_Handler                           0x00001f57   Thumb Code     2  startup_tm4c123.o(.text)
    UDMA_Handler                             0x00001f59   Thumb Code     2  startup_tm4c123.o(.text)
    UDMAERR_Handler                          0x00001f5b   Thumb Code     2  startup_tm4c123.o(.text)
    ADC1SS0_Handler                          0x00001f5d   Thumb Code     2  startup_tm4c123.o(.text)
    ADC1SS1_Handler                          0x00001f5f   Thumb Code     2  startup_tm4c123.o(.text)
    ADC1SS2_Handler                          0x00001f61   Thumb Code     2  startup_tm4c123.o(.text)
    ADC1SS3_Handler                          0x00001f63   Thumb Code     2  startup_tm4c123.o(.text)
    GPIOJ_Handler                            0x00001f65   Thumb Code     2  startup_tm4c123.o(.text)
    GPIOK_Handler                            0x00001f67   Thumb Code     2  startup_tm4c123.o(.text)
    GPIOL_Handler                            0x00001f69   Thumb Code     2  startup_tm4c123.o(.text)
    SSI2_Handler                             0x00001f6b   Thumb Code     2  startup_tm4c123.o(.text)
    SSI3_Handler                             0x00001f6d   Thumb Code     2  startup_tm4c123.o(.text)
    UART3_Handler                            0x00001f6f   Thumb Code     2  startup_tm4c123.o(.text)
    UART4_Handler                            0x00001f71   Thumb Code     2  startup_tm4c123.o(.text)
    UART5_Handler                            0x00001f73   Thumb Code     2  startup_tm4c123.o(.text)
    UART6_Handler                            0x00001f75   Thumb Code     2  startup_tm4c123.o(.text)
    UART7_Handler                            0x00001f77   Thumb Code     2  startup_tm4c123.o(.text)
    I2C2_Handler                             0x00001f79   Thumb Code     2  startup_tm4c123.o(.text)
    I2C3_Handler                             0x00001f7b   Thumb Code     2  startup_tm4c123.o(.text)
    TIMER4B_Handler                          0x00001f7f   Thumb Code     2  startup_tm4c123.o(.text)
    TIMER5A_Handler                          0x00001f81   Thumb Code     2  startup_tm4c123.o(.text)
    TIMER5B_Handler                          0x00001f83   Thumb Code     2  startup_tm4c123.o(.text)
    WTIMER0A_Handler                         0x00001f85   Thumb Code     2  startup_tm4c123.o(.text)
    WTIMER0B_Handler                         0x00001f87   Thumb Code     2  startup_tm4c123.o(.text)
    WTIMER1A_Handler                         0x00001f89   Thumb Code     2  startup_tm4c123.o(.text)
    WTIMER1B_Handler                         0x00001f8b   Thumb Code     2  startup_tm4c123.o(.text)
    WTIMER2A_Handler                         0x00001f8d   Thumb Code     2  startup_tm4c123.o(.text)
    WTIMER2B_Handler                         0x00001f8f   Thumb Code     2  startup_tm4c123.o(.text)
    WTIMER3A_Handler                         0x00001f91   Thumb Code     2  startup_tm4c123.o(.text)
    WTIMER3B_Handler                         0x00001f93   Thumb Code     2  startup_tm4c123.o(.text)
    WTIMER4A_Handler                         0x00001f95   Thumb Code     2  startup_tm4c123.o(.text)
    WTIMER4B_Handler                         0x00001f97   Thumb Code     2  startup_tm4c123.o(.text)
    WTIMER5A_Handler                         0x00001f99   Thumb Code     2  startup_tm4c123.o(.text)
    WTIMER5B_Handler                         0x00001f9b   Thumb Code     2  startup_tm4c123.o(.text)
    FPU_Handler                              0x00001f9d   Thumb Code     2  startup_tm4c123.o(.text)
    I2C4_Handler                             0x00001f9f   Thumb Code     2  startup_tm4c123.o(.text)
    I2C5_Handler                             0x00001fa1   Thumb Code     2  startup_tm4c123.o(.text)
    GPIOM_Handler                            0x00001fa3   Thumb Code     2  startup_tm4c123.o(.text)
    GPION_Handler                            0x00001fa5   Thumb Code     2  startup_tm4c123.o(.text)
    QEI2_Handler                             0x00001fa7   Thumb Code     2  startup_tm4c123.o(.text)
    GPIOP0_Handler                           0x00001fa9   Thumb Code     2  startup_tm4c123.o(.text)
    GPIOP1_Handler                           0x00001fab   Thumb Code     2  startup_tm4c123.o(.text)
    GPIOP2_Handler                           0x00001fad   Thumb Code     2  startup_tm4c123.o(.text)
    GPIOP3_Handler                           0x00001faf   Thumb Code     2  startup_tm4c123.o(.text)
    GPIOP4_Handler                           0x00001fb1   Thumb Code     2  startup_tm4c123.o(.text)
    GPIOP5_Handler                           0x00001fb3   Thumb Code     2  startup_tm4c123.o(.text)
    GPIOP6_Handler                           0x00001fb5   Thumb Code     2  startup_tm4c123.o(.text)
    GPIOP7_Handler                           0x00001fb7   Thumb Code     2  startup_tm4c123.o(.text)
    GPIOQ0_Handler                           0x00001fb9   Thumb Code     2  startup_tm4c123.o(.text)
    GPIOQ1_Handler                           0x00001fbb   Thumb Code     2  startup_tm4c123.o(.text)
    GPIOQ2_Handler                           0x00001fbd   Thumb Code     2  startup_tm4c123.o(.text)
    GPIOQ3_Handler                           0x00001fbf   Thumb Code     2  startup_tm4c123.o(.text)
    GPIOQ4_Handler                           0x00001fc1   Thumb Code     2  startup_tm4c123.o(.text)
    GPIOQ5_Handler                           0x00001fc3   Thumb Code     2  startup_tm4c123.o(.text)
    GPIOQ6_Handler                           0x00001fc5   Thumb Code     2  startup_tm4c123.o(.text)
    GPIOQ7_Handler                           0x00001fc7   Thumb Code     2  startup_tm4c123.o(.text)
    GPIOR_Handler                            0x00001fc9   Thumb Code     2  startup_tm4c123.o(.text)
    GPIOS_Handler                            0x00001fcb   Thumb Code     2  startup_tm4c123.o(.text)
    PMW1_0_Handler                           0x00001fcd   Thumb Code     2  startup_tm4c123.o(.text)
    PWM1_1_Handler                           0x00001fcf   Thumb Code     2  startup_tm4c123.o(.text)
    PWM1_2_Handler                           0x00001fd1   Thumb Code     2  startup_tm4c123.o(.text)
    PWM1_3_Handler                           0x00001fd3   Thumb Code     2  startup_tm4c123.o(.text)
    PWM1_FAULT_Handler                       0x00001fd5   Thumb Code     2  startup_tm4c123.o(.text)
    SystemCoreClockUpdate                    0x00002097   Thumb Code   184  system_tm4c123.o(.text)
    SystemInit                               0x0000214f   Thumb Code   112  system_tm4c123.o(.text)
    __scatterload                            0x00002231   Thumb Code    28  init.o(.text)
    __scatterload_rt2                        0x00002231   Thumb Code     0  init.o(.text)
    __scatterload_copy                       0x00002255   Thumb Code    14  handlers.o(i.__scatterload_copy)
    __scatterload_null                       0x00002263   Thumb Code     2  handlers.o(i.__scatterload_null)
    __scatterload_zeroinit                   0x00002265   Thumb Code    14  handlers.o(i.__scatterload_zeroinit)
    malloc                                   0x00002275   Thumb Code    92  malloc.o(i.malloc)
    space_shipBitmaps                        0x000022e0   Data         252  project_images.o(.constdata)
    space_shipWidthPixels                    0x000023dc   Data           1  project_images.o(.constdata)
    space_shipHeightPixels                   0x000023dd   Data           1  project_images.o(.constdata)
    invaderBitmaps                           0x000023de   Data         671  project_images.o(.constdata)
    invaderWidthPixels                       0x0000267d   Data           1  project_images.o(.constdata)
    invaderHeightPixels                      0x0000267e   Data           1  project_images.o(.constdata)
    target1Bitmaps                           0x0000267f   Data        1250  project_images.o(.constdata)
    target1WidthPixels                       0x00002b61   Data           1  project_images.o(.constdata)
    target1HeightPixels                      0x00002b62   Data           1  project_images.o(.constdata)
    target2Bitmaps                           0x00002b63   Data         300  project_images.o(.constdata)
    target2WidthPixels                       0x00002c8f   Data           1  project_images.o(.constdata)
    target2HeightPixels                      0x00002c90   Data           1  project_images.o(.constdata)
    car1Bitmaps                              0x00002c91   Data          80  project_images.o(.constdata)
    car1WidthPixels                          0x00002ce1   Data           1  project_images.o(.constdata)
    car1HeightPixels                         0x00002ce2   Data           1  project_images.o(.constdata)
    car2Bitmaps                              0x00002ce3   Data         140  project_images.o(.constdata)
    car2WidthPixels                          0x00002d6f   Data           1  project_images.o(.constdata)
    car2HeightPixels                         0x00002d70   Data           1  project_images.o(.constdata)
    Region$$Table$$Base                      0x00002d74   Number         0  anon$$obj.o(Region$$Table)
    Region$$Table$$Limit                     0x00002d94   Number         0  anon$$obj.o(Region$$Table)
    touch_edge                               0x20000008   Data           1  project_interrupts.o(.data)
    SHIP_X_COORD                             0x2000000c   Data           2  hw3.o(.data)
    SHIP_Y_COORD                             0x2000000e   Data           2  hw3.o(.data)
    INVADER_X_COORD                          0x20000010   Data           2  hw3.o(.data)
    INVADER_Y_COORD                          0x20000012   Data           2  hw3.o(.data)
    ALERT_SPACE_SHIP                         0x20000014   Data           1  hw3.o(.data)
    ALERT_INVADER                            0x20000015   Data           1  hw3.o(.data)
    STUDENT_NAME                             0x20000016   Data          37  hw3.o(.data)
    screen_height                            0x2000003c   Data           4  hw3.o(.data)
    screen_width                             0x20000040   Data           4  hw3.o(.data)
    game_state                               0x20000044   Data           1  hw3.o(.data)
    SystemCoreClock                          0x20000048   Data           4  system_tm4c123.o(.data)
    __stdout                                 0x2000004c   Data           4  stdout.o(.data)
    __microlib_freelist                      0x20000050   Data           4  mvars.o(.data)
    __microlib_freelist_initialised          0x20000054   Data           4  mvars.o(.data)
    ship                                     0x20000058   Data          16  hw3.o(.bss)
    invader                                  0x20000068   Data          16  hw3.o(.bss)
    UART0_Tx_Buffer                          0x20000078   Data          14  serial_debug.o(.bss)
    UART0_Rx_Buffer                          0x20000086   Data          14  serial_debug.o(.bss)
    __heap_base                              0x20000098   Data           0  startup_tm4c123.o(HEAP)
    __heap_limit                             0x20000098   Data           0  startup_tm4c123.o(HEAP)
    __initial_sp                             0x20001098   Data           0  startup_tm4c123.o(STACK)



==============================================================================

Memory Map of the image

  Image Entry point : 0x00001ee5

  Load Region LR_1 (Base: 0x00000000, Size: 0x00002dec, Max: 0xffffffff, ABSOLUTE)

    Execution Region ER_RO (Exec base: 0x00000000, Load base: 0x00000000, Size: 0x00002d94, Max: 0xffffffff, ABSOLUTE)

    Exec Addr    Load Addr    Size         Type   Attr      Idx    E Section Name        Object

    0x00000000   0x00000000   0x0000026c   Data   RO          686    RESET               startup_tm4c123.o
    0x0000026c   0x0000026c   0x00000000   Code   RO          721  * .ARM.Collect$$$$00000000  mc_w.l(entry.o)
    0x0000026c   0x0000026c   0x00000004   Code   RO          753    .ARM.Collect$$$$00000001  mc_w.l(entry2.o)
    0x00000270   0x00000270   0x00000004   Code   RO          756    .ARM.Collect$$$$00000004  mc_w.l(entry5.o)
    0x00000274   0x00000274   0x00000000   Code   RO          758    .ARM.Collect$$$$00000008  mc_w.l(entry7b.o)
    0x00000274   0x00000274   0x00000000   Code   RO          760    .ARM.Collect$$$$0000000A  mc_w.l(entry8b.o)
    0x00000274   0x00000274   0x00000008   Code   RO          761    .ARM.Collect$$$$0000000B  mc_w.l(entry9a.o)
    0x0000027c   0x0000027c   0x00000000   Code   RO          763    .ARM.Collect$$$$0000000D  mc_w.l(entry10a.o)
    0x0000027c   0x0000027c   0x00000000   Code   RO          765    .ARM.Collect$$$$0000000F  mc_w.l(entry11a.o)
    0x0000027c   0x0000027c   0x00000004   Code   RO          754    .ARM.Collect$$$$00002712  mc_w.l(entry2.o)
    0x00000280   0x00000280   0x00000010   Code   RO            4    .text               main.o
    0x00000290   0x00000290   0x000001a4   Code   RO          142    .text               project_interrupts.o
    0x00000434   0x00000434   0x00000118   Code   RO          208    .text               ps2-new.o
    0x0000054c   0x0000054c   0x00000428   Code   RO          236    .text               hw3.o
    0x00000974   0x00000974   0x000002c4   Code   RO          291    .text               gpio_port.o
    0x00000c38   0x00000c38   0x0000007c   Code   RO          339    .text               pc_buffer.o
    0x00000cb4   0x00000cb4   0x00000248   Code   RO          387    .text               timers.o
    0x00000efc   0x00000efc   0x00000284   Code   RO          411    .text               uart.o
    0x00001180   0x00001180   0x00000b46   Code   RO          574    .text               lcd.o
    0x00001cc6   0x00001cc6   0x00000002   PAD
    0x00001cc8   0x00001cc8   0x0000021c   Code   RO          598    .text               serial_debug.o
    0x00001ee4   0x00001ee4   0x000000fc   Code   RO          687  * .text               startup_tm4c123.o
    0x00001fe0   0x00001fe0   0x00000250   Code   RO          694    .text               system_tm4c123.o
    0x00002230   0x00002230   0x00000024   Code   RO          773    .text               mc_w.l(init.o)
    0x00002254   0x00002254   0x0000000e   Code   RO          777    i.__scatterload_copy  mc_w.l(handlers.o)
    0x00002262   0x00002262   0x00000002   Code   RO          778    i.__scatterload_null  mc_w.l(handlers.o)
    0x00002264   0x00002264   0x0000000e   Code   RO          779    i.__scatterload_zeroinit  mc_w.l(handlers.o)
    0x00002272   0x00002272   0x00000002   PAD
    0x00002274   0x00002274   0x0000006c   Code   RO          726    i.malloc            mc_w.l(malloc.o)
    0x000022e0   0x000022e0   0x00000a91   Data   RO          193    .constdata          project_images.o
    0x00002d71   0x00002d71   0x00000003   PAD
    0x00002d74   0x00002d74   0x00000020   Data   RO          775    Region$$Table       anon$$obj.o


    Execution Region ER_RW (Exec base: 0x20000000, Load base: 0x00002d94, Size: 0x00000058, Max: 0xffffffff, ABSOLUTE)

    Exec Addr    Load Addr    Size         Type   Attr      Idx    E Section Name        Object

    0x20000000   0x00002d94   0x00000009   Data   RW          143    .data               project_interrupts.o
    0x20000009   0x00002d9d   0x00000003   PAD
    0x2000000c   0x00002da0   0x00000039   Data   RW          238    .data               hw3.o
    0x20000045   0x00002dd9   0x00000002   Data   RW          600    .data               serial_debug.o
    0x20000047   0x00002ddb   0x00000001   PAD
    0x20000048   0x00002ddc   0x00000004   Data   RW          695    .data               system_tm4c123.o
    0x2000004c   0x00002de0   0x00000004   Data   RW          724    .data               mc_w.l(stdout.o)
    0x20000050   0x00002de4   0x00000004   Data   RW          771    .data               mc_w.l(mvars.o)
    0x20000054   0x00002de8   0x00000004   Data   RW          772    .data               mc_w.l(mvars.o)


    Execution Region ER_ZI (Exec base: 0x20000058, Load base: 0x00002dec, Size: 0x00001040, Max: 0xffffffff, ABSOLUTE)

    Exec Addr    Load Addr    Size         Type   Attr      Idx    E Section Name        Object

    0x20000058        -       0x00000020   Zero   RW          237    .bss                hw3.o
    0x20000078        -       0x0000001c   Zero   RW          599    .bss                serial_debug.o
    0x20000094   0x00002dec   0x00000004   PAD
    0x20000098        -       0x00000000   Zero   RW          685    HEAP                startup_tm4c123.o
    0x20000098        -       0x00001000   Zero   RW          684    STACK               startup_tm4c123.o


==============================================================================

Image component sizes


      Code (inc. data)   RO Data    RW Data    ZI Data      Debug   Object Name

       708         32          0          0          0       5242   gpio_port.o
      1064        132          0         57         32       3916   hw3.o
      2886         28          0          0          0       8312   lcd.o
        16          0          0          0          0      28478   main.o
       124          0          0          0          0       2535   pc_buffer.o
         0          0       2705          0          0       1421   project_images.o
       420         78          0          9          0       1837   project_interrupts.o
       280         24          0          0          0      31611   ps2-new.o
       540         26          0          2         28       5697   serial_debug.o
       252         10        620          0       4096       5432   startup_tm4c123.o
       592        138          0          4          0       1537   system_tm4c123.o
       584         24          0          0          0       2873   timers.o
       644         50          0          0          0       3572   uart.o

    ----------------------------------------------------------------------
      8112        542       3360         76       4160     102463   Object Totals
         0          0         32          0          0          0   (incl. Generated)
         2          0          3          4          4          0   (incl. Padding)

    ----------------------------------------------------------------------

      Code (inc. data)   RO Data    RW Data    ZI Data      Debug   Library Member Name

         0          0          0          0          0          0   entry.o
         0          0          0          0          0          0   entry10a.o
         0          0          0          0          0          0   entry11a.o
         8          4          0          0          0          0   entry2.o
         4          0          0          0          0          0   entry5.o
         0          0          0          0          0          0   entry7b.o
         0          0          0          0          0          0   entry8b.o
         8          4          0          0          0          0   entry9a.o
        30          0          0          0          0          0   handlers.o
        36          8          0          0          0         68   init.o
       108         16          0          0          0         84   malloc.o
         0          0          0          8          0          0   mvars.o
         0          0          0          4          0          0   stdout.o

    ----------------------------------------------------------------------
       196         32          0         12          0        152   Library Totals
         2          0          0          0          0          0   (incl. Padding)

    ----------------------------------------------------------------------

      Code (inc. data)   RO Data    RW Data    ZI Data      Debug   Library Name

       194         32          0         12          0        152   mc_w.l

    ----------------------------------------------------------------------
       196         32          0         12          0        152   Library Totals

    ----------------------------------------------------------------------

==============================================================================


      Code (inc. data)   RO Data    RW Data    ZI Data      Debug   

      8308        574       3360         88       4160     101119   Grand Totals
      8308        574       3360         88       4160     101119   ELF Image Totals
      8308        574       3360         88          0          0   ROM Totals

==============================================================================

    Total RO  Size (Code + RO Data)                11668 (  11.39kB)
    Total RW  Size (RW Data + ZI Data)              4248 (   4.15kB)
    Total ROM Size (Code + RO Data + RW Data)      11756 (  11.48kB)

==============================================================================

