Component: ARM Compiler 5.06 update 6 (build 750) Tool: armlink [4d35ed]

==============================================================================

Section Cross References

    main.o(.text) refers to project_hardware_init.o(.text) for initializeBoard
    main.o(.text) refers to hw3.o(.text) for hw3_main
    project_hardware_init.o(.text) refers to main.o(.text) for DisableInterrupts
    project_hardware_init.o(.text) refers to timers.o(.text) for gp_timer_config_32
    project_hardware_init.o(.text) refers to serial_debug.o(.text) for init_serial_debug
    project_hardware_init.o(.text) refers to ft6x06.o(.text) for ft6x06_init
    project_interrupts.o(.text) refers to hw3.o(.text) for contact_edge
    project_interrupts.o(.text) refers to lcd.o(.text) for lcd_draw_rectangle_centered
    project_interrupts.o(.text) refers to project_interrupts.o(.data) for PS2_X_DATA
    project_interrupts.o(.text) refers to project_images.o(.constdata) for car1WidthPixels
    project_interrupts.o(.text) refers to hw3.o(.data) for CAR21_X_COORD
    hw3_staff.o(.text) refers to hw3_staff.o(.data) for lfsr
    hw3_staff.o(.text) refers to hw3_staff.o(.constdata) for MOV_DIR
    ps2-new.o(.text) refers to gpio_port.o(.text) for gpio_enable_port
    hw3.o(.text) refers to lcd.o(.text) for lcd_config_gpio
    hw3.o(.text) refers to ps2-new.o(.text) for ps2_initialize
    hw3.o(.text) refers to timers.o(.text) for gp_timer_config_32
    hw3.o(.text) refers to ft6x06.o(.text) for ft6x06_read_td_status
    hw3.o(.text) refers to hw3.o(.data) for screen_height
    hw3.o(.text) refers to hw3.o(.bss) for ship
    hw3.o(.text) refers to project_images.o(.constdata) for welcomeScreenTitleBitmaps
    pc_buffer.o(.text) refers to malloc.o(i.malloc) for malloc
    accel.o(.text) refers to spi_select.o(.text) for spi_select_init
    accel.o(.text) refers to gpio_port.o(.text) for gpio_enable_port
    accel.o(.text) refers to spi.o(.text) for initialize_spi
    eeprom.o(.text) refers to i2c.o(.text) for i2cVerifyBaseAddr
    eeprom.o(.text) refers to gpio_port.o(.text) for gpio_enable_port
    ft6x06.o(.text) refers to i2c.o(.text) for I2CMasterBusy
    ft6x06.o(.text) refers to gpio_port.o(.text) for gpio_enable_port
    lcd.o(.text) refers to gpio_port.o(.text) for gpio_enable_port
    serial_debug.o(.text) refers to gpio_port.o(.text) for gpio_enable_port
    serial_debug.o(.text) refers to pc_buffer.o(.text) for pc_buffer_init
    serial_debug.o(.text) refers to uart.o(.text) for uart_init
    serial_debug.o(.text) refers to main.o(.text) for DisableInterrupts
    serial_debug.o(.text) refers to serial_debug.o(.data) for Rx_Interrupts_Enabled
    serial_debug.o(.text) refers to serial_debug.o(.bss) for UART0_Tx_Buffer
    serial_debug.o(.text) refers to stdout.o(.data) for __stdout
    spi_select.o(.text) refers to gpio_port.o(.text) for gpio_enable_port
    startup_tm4c123.o(RESET) refers to startup_tm4c123.o(STACK) for __initial_sp
    startup_tm4c123.o(RESET) refers to startup_tm4c123.o(.text) for Reset_Handler
    startup_tm4c123.o(RESET) refers to serial_debug.o(.text) for UART0_Handler
    startup_tm4c123.o(RESET) refers to project_interrupts.o(.text) for ADC0SS2_Handler
    startup_tm4c123.o(.text) refers to system_tm4c123.o(.text) for SystemInit
    startup_tm4c123.o(.text) refers to entry.o(.ARM.Collect$$$$00000000) for __main
    system_tm4c123.o(.text) refers to system_tm4c123.o(.data) for SystemCoreClock
    entry.o(.ARM.Collect$$$$00000000) refers (Special) to entry10a.o(.ARM.Collect$$$$0000000D) for __rt_final_cpp
    entry.o(.ARM.Collect$$$$00000000) refers (Special) to entry11a.o(.ARM.Collect$$$$0000000F) for __rt_final_exit
    entry.o(.ARM.Collect$$$$00000000) refers (Special) to entry7b.o(.ARM.Collect$$$$00000008) for _main_clock
    entry.o(.ARM.Collect$$$$00000000) refers (Special) to entry8b.o(.ARM.Collect$$$$0000000A) for _main_cpp_init
    entry.o(.ARM.Collect$$$$00000000) refers (Special) to entry9a.o(.ARM.Collect$$$$0000000B) for _main_init
    entry.o(.ARM.Collect$$$$00000000) refers (Special) to entry5.o(.ARM.Collect$$$$00000004) for _main_scatterload
    entry.o(.ARM.Collect$$$$00000000) refers (Special) to entry2.o(.ARM.Collect$$$$00000001) for _main_stk
    malloc.o(i.free) refers to mvars.o(.data) for __microlib_freelist
    malloc.o(i.malloc) refers to mvars.o(.data) for __microlib_freelist_initialised
    malloc.o(i.malloc) refers to mvars.o(.data) for __microlib_freelist
    malloc.o(i.malloc) refers to startup_tm4c123.o(HEAP) for __heap_base
    mallocr.o(i.__free$realloc) refers to mvars.o(.data) for __microlib_freelist
    mallocr.o(i.__malloc$realloc) refers to mallocr.o(i.internal_alloc) for internal_alloc
    mallocr.o(i.__malloc$realloc) refers to mvars.o(.data) for __microlib_freelist_initialised
    mallocr.o(i.__malloc$realloc) refers to startup_tm4c123.o(HEAP) for __heap_base
    mallocr.o(i.__malloc$realloc) refers to mvars.o(.data) for __microlib_freelist
    mallocr.o(i.internal_alloc) refers to memcpya.o(.text) for __aeabi_memcpy
    mallocr.o(i.internal_alloc) refers to mvars.o(.data) for __microlib_freelist
    mallocr.o(i.realloc) refers to mallocr.o(i.__free$realloc) for __free$realloc
    mallocr.o(i.realloc) refers to mallocr.o(i.internal_alloc) for internal_alloc
    mallocr.o(i.realloc) refers to mallocr.o(i.__malloc$realloc) for __malloc$realloc
    mallocr.o(i.realloc) refers to mvars.o(.data) for __microlib_freelist
    malloca.o(i.__aligned_malloc) refers to mvars.o(.data) for __microlib_freelist_initialised
    malloca.o(i.__aligned_malloc) refers to mvars.o(.data) for __microlib_freelist
    malloca.o(i.__aligned_malloc) refers to startup_tm4c123.o(HEAP) for __heap_base
    malloca.o(i.__free$memalign) refers to mvars.o(.data) for __microlib_freelist
    malloca.o(i.__malloc$memalign) refers to malloca.o(i.__aligned_malloc) for __aligned_malloc
    mallocra.o(i.__aligned_malloc$realloc) refers to mallocra.o(i.internal_alloc) for internal_alloc
    mallocra.o(i.__aligned_malloc$realloc) refers to mvars.o(.data) for __microlib_freelist_initialised
    mallocra.o(i.__aligned_malloc$realloc) refers to startup_tm4c123.o(HEAP) for __heap_base
    mallocra.o(i.__aligned_malloc$realloc) refers to mvars.o(.data) for __microlib_freelist
    mallocra.o(i.__free$realloc$memalign) refers to mvars.o(.data) for __microlib_freelist
    mallocra.o(i.__malloc$realloc$memalign) refers to mallocra.o(i.__aligned_malloc$realloc) for __aligned_malloc$realloc
    mallocra.o(i.__realloc$memalign) refers to mallocra.o(i.__free$realloc$memalign) for __free$realloc$memalign
    mallocra.o(i.__realloc$memalign) refers to mallocra.o(i.internal_alloc) for internal_alloc
    mallocra.o(i.__realloc$memalign) refers to mallocra.o(i.__malloc$realloc$memalign) for __malloc$realloc$memalign
    mallocra.o(i.__realloc$memalign) refers to mvars.o(.data) for __microlib_freelist
    mallocra.o(i.internal_alloc) refers to memcpya.o(.text) for __aeabi_memcpy
    mallocra.o(i.internal_alloc) refers to mvars.o(.data) for __microlib_freelist
    entry2.o(.ARM.Collect$$$$00000001) refers to entry2.o(.ARM.Collect$$$$00002712) for __lit__00000000
    entry2.o(.ARM.Collect$$$$00002712) refers to startup_tm4c123.o(STACK) for __initial_sp
    entry2.o(__vectab_stack_and_reset_area) refers to startup_tm4c123.o(STACK) for __initial_sp
    entry2.o(__vectab_stack_and_reset_area) refers to entry.o(.ARM.Collect$$$$00000000) for __main
    entry5.o(.ARM.Collect$$$$00000004) refers to init.o(.text) for __scatterload
    entry9a.o(.ARM.Collect$$$$0000000B) refers to main.o(.text) for main
    entry9b.o(.ARM.Collect$$$$0000000C) refers to main.o(.text) for main
    init.o(.text) refers to entry5.o(.ARM.Collect$$$$00000004) for __main_after_scatterload


==============================================================================

Removing Unused input sections from the image.

    Removing main.o(.rev16_text), (4 bytes).
    Removing main.o(.revsh_text), (4 bytes).
    Removing main.o(.rrx_text), (6 bytes).
    Removing project_hardware_init.o(.rev16_text), (4 bytes).
    Removing project_hardware_init.o(.revsh_text), (4 bytes).
    Removing project_hardware_init.o(.rrx_text), (6 bytes).
    Removing project_interrupts.o(.rev16_text), (4 bytes).
    Removing project_interrupts.o(.revsh_text), (4 bytes).
    Removing project_interrupts.o(.rrx_text), (6 bytes).
    Removing hw3_staff.o(.rev16_text), (4 bytes).
    Removing hw3_staff.o(.revsh_text), (4 bytes).
    Removing hw3_staff.o(.rrx_text), (6 bytes).
    Removing hw3_staff.o(.text), (124 bytes).
    Removing hw3_staff.o(.constdata), (20 bytes).
    Removing hw3_staff.o(.data), (2 bytes).
    Removing ps2-new.o(.rev16_text), (4 bytes).
    Removing ps2-new.o(.revsh_text), (4 bytes).
    Removing ps2-new.o(.rrx_text), (6 bytes).
    Removing hw3.o(.rev16_text), (4 bytes).
    Removing hw3.o(.revsh_text), (4 bytes).
    Removing hw3.o(.rrx_text), (6 bytes).
    Removing adc.o(.rev16_text), (4 bytes).
    Removing adc.o(.revsh_text), (4 bytes).
    Removing adc.o(.rrx_text), (6 bytes).
    Removing adc.o(.text), (296 bytes).
    Removing gpio_port.o(.rev16_text), (4 bytes).
    Removing gpio_port.o(.revsh_text), (4 bytes).
    Removing gpio_port.o(.rrx_text), (6 bytes).
    Removing i2c.o(.rev16_text), (4 bytes).
    Removing i2c.o(.revsh_text), (4 bytes).
    Removing i2c.o(.rrx_text), (6 bytes).
    Removing spi.o(.rev16_text), (4 bytes).
    Removing spi.o(.revsh_text), (4 bytes).
    Removing spi.o(.rrx_text), (6 bytes).
    Removing spi.o(.text), (352 bytes).
    Removing timers.o(.rev16_text), (4 bytes).
    Removing timers.o(.revsh_text), (4 bytes).
    Removing timers.o(.rrx_text), (6 bytes).
    Removing uart.o(.rev16_text), (4 bytes).
    Removing uart.o(.revsh_text), (4 bytes).
    Removing uart.o(.rrx_text), (6 bytes).
    Removing gptimer.o(.rev16_text), (4 bytes).
    Removing gptimer.o(.revsh_text), (4 bytes).
    Removing gptimer.o(.rrx_text), (6 bytes).
    Removing gptimer.o(.text), (892 bytes).
    Removing accel.o(.rev16_text), (4 bytes).
    Removing accel.o(.revsh_text), (4 bytes).
    Removing accel.o(.rrx_text), (6 bytes).
    Removing accel.o(.text), (224 bytes).
    Removing eeprom.o(.rev16_text), (4 bytes).
    Removing eeprom.o(.revsh_text), (4 bytes).
    Removing eeprom.o(.rrx_text), (6 bytes).
    Removing eeprom.o(.text), (456 bytes).
    Removing ft6x06.o(.rev16_text), (4 bytes).
    Removing ft6x06.o(.revsh_text), (4 bytes).
    Removing ft6x06.o(.rrx_text), (6 bytes).
    Removing launchpad_io.o(.rev16_text), (4 bytes).
    Removing launchpad_io.o(.revsh_text), (4 bytes).
    Removing launchpad_io.o(.rrx_text), (6 bytes).
    Removing launchpad_io.o(.text), (196 bytes).
    Removing lcd.o(.rev16_text), (4 bytes).
    Removing lcd.o(.revsh_text), (4 bytes).
    Removing lcd.o(.rrx_text), (6 bytes).
    Removing serial_debug.o(.rev16_text), (4 bytes).
    Removing serial_debug.o(.revsh_text), (4 bytes).
    Removing serial_debug.o(.rrx_text), (6 bytes).
    Removing spi_select.o(.rev16_text), (4 bytes).
    Removing spi_select.o(.revsh_text), (4 bytes).
    Removing spi_select.o(.rrx_text), (6 bytes).
    Removing spi_select.o(.text), (164 bytes).
    Removing ws2812b.o(FLASH), (160 bytes).
    Removing ece353_images.o(.constdata), (5991 bytes).
    Removing lcd_images.o(.constdata), (4864 bytes).
    Removing system_tm4c123.o(.rev16_text), (4 bytes).
    Removing system_tm4c123.o(.revsh_text), (4 bytes).
    Removing system_tm4c123.o(.rrx_text), (6 bytes).

76 unused section(s) (total 14035 bytes) removed from the image.

==============================================================================

Image Symbol Table

    Local Symbols

    Symbol Name                              Value     Ov Type        Size  Object(Section)

    RESET                                    0x00000000   Section      620  startup_tm4c123.o(RESET)
    ../clib/microlib/init/entry.s            0x00000000   Number         0  entry10b.o ABSOLUTE
    ../clib/microlib/init/entry.s            0x00000000   Number         0  entry.o ABSOLUTE
    ../clib/microlib/init/entry.s            0x00000000   Number         0  entry11a.o ABSOLUTE
    ../clib/microlib/init/entry.s            0x00000000   Number         0  entry2.o ABSOLUTE
    ../clib/microlib/init/entry.s            0x00000000   Number         0  entry10a.o ABSOLUTE
    ../clib/microlib/init/entry.s            0x00000000   Number         0  entry9b.o ABSOLUTE
    ../clib/microlib/init/entry.s            0x00000000   Number         0  entry9a.o ABSOLUTE
    ../clib/microlib/init/entry.s            0x00000000   Number         0  entry8b.o ABSOLUTE
    ../clib/microlib/init/entry.s            0x00000000   Number         0  entry8a.o ABSOLUTE
    ../clib/microlib/init/entry.s            0x00000000   Number         0  entry7b.o ABSOLUTE
    ../clib/microlib/init/entry.s            0x00000000   Number         0  entry7a.o ABSOLUTE
    ../clib/microlib/init/entry.s            0x00000000   Number         0  entry5.o ABSOLUTE
    ../clib/microlib/init/entry.s            0x00000000   Number         0  entry11b.o ABSOLUTE
    ../clib/microlib/malloc/malloc.c         0x00000000   Number         0  malloc.o ABSOLUTE
    ../clib/microlib/malloc/malloc.c         0x00000000   Number         0  mallocr.o ABSOLUTE
    ../clib/microlib/malloc/malloc.c         0x00000000   Number         0  malloca.o ABSOLUTE
    ../clib/microlib/malloc/malloc.c         0x00000000   Number         0  mallocra.o ABSOLUTE
    ../clib/microlib/malloc/mvars.c          0x00000000   Number         0  mvars.o ABSOLUTE
    ../clib/microlib/stdio/streams.c         0x00000000   Number         0  stdout.o ABSOLUTE
    ../clib/microlib/string/memcpy.c         0x00000000   Number         0  memcpyb.o ABSOLUTE
    ../clib/microlib/string/memcpy.c         0x00000000   Number         0  memcpya.o ABSOLUTE
    ..\\ece353_project_game\\drivers\\c\\adc.c 0x00000000   Number         0  adc.o ABSOLUTE
    ..\\ece353_project_game\\drivers\\c\\gpio_port.c 0x00000000   Number         0  gpio_port.o ABSOLUTE
    ..\\ece353_project_game\\drivers\\c\\i2c.c 0x00000000   Number         0  i2c.o ABSOLUTE
    ..\\ece353_project_game\\drivers\\c\\spi.c 0x00000000   Number         0  spi.o ABSOLUTE
    ..\\ece353_project_game\\drivers\\c\\timers.c 0x00000000   Number         0  timers.o ABSOLUTE
    ..\\ece353_project_game\\drivers\\c\\uart.c 0x00000000   Number         0  uart.o ABSOLUTE
    ..\\ece353_project_game\\peripherals\\c\\accel.c 0x00000000   Number         0  accel.o ABSOLUTE
    ..\\ece353_project_game\\peripherals\\c\\eeprom.c 0x00000000   Number         0  eeprom.o ABSOLUTE
    ..\\ece353_project_game\\peripherals\\c\\ft6x06.c 0x00000000   Number         0  ft6x06.o ABSOLUTE
    ..\\ece353_project_game\\peripherals\\c\\launchpad_io.c 0x00000000   Number         0  launchpad_io.o ABSOLUTE
    ..\\ece353_project_game\\peripherals\\c\\lcd.c 0x00000000   Number         0  lcd.o ABSOLUTE
    ..\\ece353_project_game\\peripherals\\c\\serial_debug.c 0x00000000   Number         0  serial_debug.o ABSOLUTE
    ..\\ece353_project_game\\peripherals\\c\\spi_select.c 0x00000000   Number         0  spi_select.o ABSOLUTE
    ..\ece353_project_game\drivers\c\adc.c   0x00000000   Number         0  adc.o ABSOLUTE
    ..\ece353_project_game\drivers\c\gpio_port.c 0x00000000   Number         0  gpio_port.o ABSOLUTE
    ..\ece353_project_game\drivers\c\i2c.c   0x00000000   Number         0  i2c.o ABSOLUTE
    ..\ece353_project_game\drivers\c\pc_buffer.c 0x00000000   Number         0  pc_buffer.o ABSOLUTE
    ..\ece353_project_game\drivers\c\spi.c   0x00000000   Number         0  spi.o ABSOLUTE
    ..\ece353_project_game\drivers\c\timers.c 0x00000000   Number         0  timers.o ABSOLUTE
    ..\ece353_project_game\drivers\c\uart.c  0x00000000   Number         0  uart.o ABSOLUTE
    ..\ece353_project_game\peripherals\c\accel.c 0x00000000   Number         0  accel.o ABSOLUTE
    ..\ece353_project_game\peripherals\c\eeprom.c 0x00000000   Number         0  eeprom.o ABSOLUTE
    ..\ece353_project_game\peripherals\c\ft6x06.c 0x00000000   Number         0  ft6x06.o ABSOLUTE
    ..\ece353_project_game\peripherals\c\launchpad_io.c 0x00000000   Number         0  launchpad_io.o ABSOLUTE
    ..\ece353_project_game\peripherals\c\lcd.c 0x00000000   Number         0  lcd.o ABSOLUTE
    ..\ece353_project_game\peripherals\c\serial_debug.c 0x00000000   Number         0  serial_debug.o ABSOLUTE
    ..\ece353_project_game\peripherals\c\spi_select.c 0x00000000   Number         0  spi_select.o ABSOLUTE
    ..\ece353_project_game\peripherals\c\ws2812b.s 0x00000000   Number         0  ws2812b.o ABSOLUTE
    RTE\Device\TM4C123GH6PM\startup_TM4C123.s 0x00000000   Number         0  startup_tm4c123.o ABSOLUTE
    RTE\Device\TM4C123GH6PM\system_TM4C123.c 0x00000000   Number         0  system_tm4c123.o ABSOLUTE
    RTE\\Device\\TM4C123GH6PM\\system_TM4C123.c 0x00000000   Number         0  system_tm4c123.o ABSOLUTE
    dc.s                                     0x00000000   Number         0  dc.o ABSOLUTE
    drivers\\c\\gptimer.c                    0x00000000   Number         0  gptimer.o ABSOLUTE
    drivers\c\gptimer.c                      0x00000000   Number         0  gptimer.o ABSOLUTE
    handlers.s                               0x00000000   Number         0  handlers.o ABSOLUTE
    hw3.c                                    0x00000000   Number         0  hw3.o ABSOLUTE
    hw3.c                                    0x00000000   Number         0  hw3.o ABSOLUTE
    hw3_staff.c                              0x00000000   Number         0  hw3_staff.o ABSOLUTE
    hw3_staff.c                              0x00000000   Number         0  hw3_staff.o ABSOLUTE
    init.s                                   0x00000000   Number         0  init.o ABSOLUTE
    main.c                                   0x00000000   Number         0  main.o ABSOLUTE
    main.c                                   0x00000000   Number         0  main.o ABSOLUTE
    peripherals\c\ece353_images.c            0x00000000   Number         0  ece353_images.o ABSOLUTE
    peripherals\c\lcd_images.c               0x00000000   Number         0  lcd_images.o ABSOLUTE
    project_hardware_init.c                  0x00000000   Number         0  project_hardware_init.o ABSOLUTE
    project_hardware_init.c                  0x00000000   Number         0  project_hardware_init.o ABSOLUTE
    project_images.c                         0x00000000   Number         0  project_images.o ABSOLUTE
    project_interrupts.c                     0x00000000   Number         0  project_interrupts.o ABSOLUTE
    project_interrupts.c                     0x00000000   Number         0  project_interrupts.o ABSOLUTE
    ps2-new.c                                0x00000000   Number         0  ps2-new.o ABSOLUTE
    ps2-new.c                                0x00000000   Number         0  ps2-new.o ABSOLUTE
    .ARM.Collect$$$$00000000                 0x0000026c   Section        0  entry.o(.ARM.Collect$$$$00000000)
    .ARM.Collect$$$$00000001                 0x0000026c   Section        4  entry2.o(.ARM.Collect$$$$00000001)
    .ARM.Collect$$$$00000004                 0x00000270   Section        4  entry5.o(.ARM.Collect$$$$00000004)
    .ARM.Collect$$$$00000008                 0x00000274   Section        0  entry7b.o(.ARM.Collect$$$$00000008)
    .ARM.Collect$$$$0000000A                 0x00000274   Section        0  entry8b.o(.ARM.Collect$$$$0000000A)
    .ARM.Collect$$$$0000000B                 0x00000274   Section        8  entry9a.o(.ARM.Collect$$$$0000000B)
    .ARM.Collect$$$$0000000D                 0x0000027c   Section        0  entry10a.o(.ARM.Collect$$$$0000000D)
    .ARM.Collect$$$$0000000F                 0x0000027c   Section        0  entry11a.o(.ARM.Collect$$$$0000000F)
    .ARM.Collect$$$$00002712                 0x0000027c   Section        4  entry2.o(.ARM.Collect$$$$00002712)
    __lit__00000000                          0x0000027c   Data           4  entry2.o(.ARM.Collect$$$$00002712)
    .text                                    0x00000280   Section        0  main.o(.text)
    .text                                    0x00000294   Section        0  project_hardware_init.o(.text)
    .text                                    0x000002c4   Section        0  project_interrupts.o(.text)
    .text                                    0x00000588   Section        0  ps2-new.o(.text)
    initialize_adc_gpio_pins                 0x00000589   Thumb Code    34  ps2-new.o(.text)
    ps2_configure_adc                        0x000005ab   Thumb Code   118  ps2-new.o(.text)
    .text                                    0x000006a0   Section        0  hw3.o(.text)
    .text                                    0x00000cc4   Section        0  gpio_port.o(.text)
    verify_base_addr                         0x00000cc5   Thumb Code    64  gpio_port.o(.text)
    .text                                    0x00000f88   Section        0  i2c.o(.text)
    .text                                    0x00001190   Section        0  pc_buffer.o(.text)
    .text                                    0x0000120c   Section        0  timers.o(.text)
    verify_base_addr                         0x0000120d   Thumb Code    64  timers.o(.text)
    get_clock_masks                          0x00001297   Thumb Code   106  timers.o(.text)
    .text                                    0x00001454   Section        0  uart.o(.text)
    .text                                    0x000016d8   Section        0  ft6x06.o(.text)
    ft6x06_set_addr                          0x000016d9   Thumb Code    52  ft6x06.o(.text)
    ft6x06_read_data                         0x0000170d   Thumb Code    52  ft6x06.o(.text)
    .text                                    0x0000187c   Section        0  lcd.o(.text)
    lcd_write_cmd_u8                         0x00001897   Thumb Code    40  lcd.o(.text)
    lcd_write_data_u8                        0x000018bf   Thumb Code    28  lcd.o(.text)
    lcd_write_data_u16                       0x000018db   Thumb Code    48  lcd.o(.text)
    .text                                    0x000023c4   Section        0  serial_debug.o(.text)
    .text                                    0x000025c0   Section      252  startup_tm4c123.o(.text)
    $v0                                      0x000025c0   Number         0  startup_tm4c123.o(.text)
    .text                                    0x000026bc   Section        0  system_tm4c123.o(.text)
    getOscClk                                0x000026bd   Thumb Code   182  system_tm4c123.o(.text)
    .text                                    0x0000290c   Section       36  init.o(.text)
    i.__scatterload_copy                     0x00002930   Section       14  handlers.o(i.__scatterload_copy)
    i.__scatterload_null                     0x0000293e   Section        2  handlers.o(i.__scatterload_null)
    i.__scatterload_zeroinit                 0x00002940   Section       14  handlers.o(i.__scatterload_zeroinit)
    i.malloc                                 0x00002950   Section        0  malloc.o(i.malloc)
    .constdata                               0x000029bc   Section     5603  project_images.o(.constdata)
    .data                                    0x20000000   Section       10  project_interrupts.o(.data)
    PS2_X_DATA                               0x20000000   Data           2  project_interrupts.o(.data)
    PS2_Y_DATA                               0x20000002   Data           2  project_interrupts.o(.data)
    PS2_DIR                                  0x20000004   Data           1  project_interrupts.o(.data)
    SHIP_DIR                                 0x20000005   Data           1  project_interrupts.o(.data)
    move_count                               0x20000006   Data           2  project_interrupts.o(.data)
    .data                                    0x2000000c   Section       69  hw3.o(.data)
    .data                                    0x20000051   Section        2  serial_debug.o(.data)
    Rx_Interrupts_Enabled                    0x20000051   Data           1  serial_debug.o(.data)
    Tx_Interrupts_Enabled                    0x20000052   Data           1  serial_debug.o(.data)
    .data                                    0x20000054   Section        4  system_tm4c123.o(.data)
    .data                                    0x20000058   Section        4  stdout.o(.data)
    .data                                    0x2000005c   Section        4  mvars.o(.data)
    .data                                    0x20000060   Section        4  mvars.o(.data)
    .bss                                     0x20000064   Section       32  hw3.o(.bss)
    .bss                                     0x20000084   Section       28  serial_debug.o(.bss)
    HEAP                                     0x200000a0   Section        0  startup_tm4c123.o(HEAP)
    STACK                                    0x200000a0   Section     4096  startup_tm4c123.o(STACK)

    Global Symbols

    Symbol Name                              Value     Ov Type        Size  Object(Section)

    BuildAttributes$$THM_ISAv4$E$P$D$K$B$S$7EM$VFPi3$EXTD16$VFPS$VFMA$PE$A:L22UL41UL21$X:L11$S22US41US21$IEEE1$IW$USESV6$~STKCKD$USESV7$~SHL$OSPACE$EBA8$MICROLIB$REQ8$EABIv2 0x00000000   Number         0  anon$$obj.o ABSOLUTE
    __ARM_use_no_argv                        0x00000000   Number         0  main.o ABSOLUTE
    __Vectors                                0x00000000   Data           4  startup_tm4c123.o(RESET)
    __cpp_initialize__aeabi_                  - Undefined Weak Reference
    __cxa_finalize                            - Undefined Weak Reference
    __decompress                              - Undefined Weak Reference
    _clock_init                               - Undefined Weak Reference
    _microlib_exit                            - Undefined Weak Reference
    __Vectors_End                            0x0000026c   Data           0  startup_tm4c123.o(RESET)
    __Vectors_Size                           0x0000026c   Number         0  startup_tm4c123.o ABSOLUTE
    __main                                   0x0000026d   Thumb Code     0  entry.o(.ARM.Collect$$$$00000000)
    _main_stk                                0x0000026d   Thumb Code     0  entry2.o(.ARM.Collect$$$$00000001)
    _main_scatterload                        0x00000271   Thumb Code     0  entry5.o(.ARM.Collect$$$$00000004)
    __main_after_scatterload                 0x00000275   Thumb Code     0  entry5.o(.ARM.Collect$$$$00000004)
    _main_clock                              0x00000275   Thumb Code     0  entry7b.o(.ARM.Collect$$$$00000008)
    _main_cpp_init                           0x00000275   Thumb Code     0  entry8b.o(.ARM.Collect$$$$0000000A)
    _main_init                               0x00000275   Thumb Code     0  entry9a.o(.ARM.Collect$$$$0000000B)
    __rt_final_cpp                           0x0000027d   Thumb Code     0  entry10a.o(.ARM.Collect$$$$0000000D)
    __rt_final_exit                          0x0000027d   Thumb Code     0  entry11a.o(.ARM.Collect$$$$0000000F)
    DisableInterrupts                        0x00000281   Thumb Code     4  main.o(.text)
    EnableInterrupts                         0x00000285   Thumb Code     4  main.o(.text)
    main                                     0x00000289   Thumb Code    12  main.o(.text)
    initializeBoard                          0x00000295   Thumb Code    40  project_hardware_init.o(.text)
    ps2_get_direction                        0x000002c5   Thumb Code    80  project_interrupts.o(.text)
    TIMER0A_Handler                          0x00000315   Thumb Code   188  project_interrupts.o(.text)
    TIMER2A_Handler                          0x000003d1   Thumb Code    72  project_interrupts.o(.text)
    TIMER3A_Handler                          0x00000419   Thumb Code   188  project_interrupts.o(.text)
    TIMER4A_Handler                          0x000004d5   Thumb Code    26  project_interrupts.o(.text)
    ADC0SS2_Handler                          0x000004ef   Thumb Code    44  project_interrupts.o(.text)
    ps2_initialize_adc                       0x00000621   Thumb Code    88  ps2-new.o(.text)
    ps2_initialize                           0x00000679   Thumb Code    12  ps2-new.o(.text)
    ps2_get_x                                0x00000685   Thumb Code     2  ps2-new.o(.text)
    ps2_get_y                                0x00000687   Thumb Code     2  ps2-new.o(.text)
    contact_edge                             0x000006a1   Thumb Code   202  hw3.o(.text)
    move_image                               0x0000076b   Thumb Code    64  hw3.o(.text)
    check_game_over                          0x000007ab   Thumb Code   204  hw3.o(.text)
    init_hardware                            0x00000877   Thumb Code    72  hw3.o(.text)
    hw3_main                                 0x000008bf   Thumb Code   944  hw3.o(.text)
    gpio_get_irq_num                         0x00000d05   Thumb Code    74  gpio_port.o(.text)
    gpio_enable_port                         0x00000d4f   Thumb Code   156  gpio_port.o(.text)
    gpio_config_digital_enable               0x00000deb   Thumb Code    34  gpio_port.o(.text)
    gpio_config_enable_output                0x00000e0d   Thumb Code    34  gpio_port.o(.text)
    gpio_config_enable_input                 0x00000e2f   Thumb Code    34  gpio_port.o(.text)
    gpio_config_enable_pullup                0x00000e51   Thumb Code    34  gpio_port.o(.text)
    gpio_config_enable_pulldown              0x00000e73   Thumb Code    34  gpio_port.o(.text)
    gpio_config_analog_enable                0x00000e95   Thumb Code    34  gpio_port.o(.text)
    gpio_config_alternate_function           0x00000eb7   Thumb Code    34  gpio_port.o(.text)
    gpio_config_port_control                 0x00000ed9   Thumb Code    54  gpio_port.o(.text)
    gpio_config_open_drain                   0x00000f0f   Thumb Code    34  gpio_port.o(.text)
    gpio_config_falling_edge_irq             0x00000f31   Thumb Code    56  gpio_port.o(.text)
    initializeI2CMaster                      0x00000f89   Thumb Code   160  i2c.o(.text)
    i2cVerifyBaseAddr                        0x00001029   Thumb Code    36  i2c.o(.text)
    i2cSetSlaveAddr                          0x0000104d   Thumb Code    30  i2c.o(.text)
    i2cStop                                  0x0000106b   Thumb Code    26  i2c.o(.text)
    I2CMasterBusy                            0x00001085   Thumb Code    34  i2c.o(.text)
    I2CMasterAdrAck                          0x000010a7   Thumb Code    34  i2c.o(.text)
    I2CMasterDatAck                          0x000010c9   Thumb Code    34  i2c.o(.text)
    i2cSendByte                              0x000010eb   Thumb Code    82  i2c.o(.text)
    i2cGetByte                               0x0000113d   Thumb Code    60  i2c.o(.text)
    pc_buffer_init                           0x00001191   Thumb Code    26  pc_buffer.o(.text)
    pc_buffer_add                            0x000011ab   Thumb Code    28  pc_buffer.o(.text)
    pc_buffer_remove                         0x000011c7   Thumb Code    30  pc_buffer.o(.text)
    pc_buffer_empty                          0x000011e5   Thumb Code    18  pc_buffer.o(.text)
    pc_buffer_full                           0x000011f7   Thumb Code    22  pc_buffer.o(.text)
    timer_get_irq_num                        0x0000124d   Thumb Code    74  timers.o(.text)
    gp_timer_wait                            0x00001301   Thumb Code    64  timers.o(.text)
    gp_timer_config_32                       0x00001341   Thumb Code   252  timers.o(.text)
    verify_uart_base                         0x00001455   Thumb Code    54  uart.o(.text)
    uart_get_rcgc_mask                       0x0000148b   Thumb Code    68  uart.o(.text)
    uart_get_pr_mask                         0x000014cf   Thumb Code    68  uart.o(.text)
    uart_get_irq_num                         0x00001513   Thumb Code    68  uart.o(.text)
    uart_tx_poll                             0x00001557   Thumb Code    38  uart.o(.text)
    uart_tx_poll_string                      0x0000157d   Thumb Code    50  uart.o(.text)
    uart_rx_poll                             0x000015af   Thumb Code    70  uart.o(.text)
    uart_init                                0x000015f5   Thumb Code   210  uart.o(.text)
    ft6x06_read_td_status                    0x00001741   Thumb Code    24  ft6x06.o(.text)
    ft6x06_read_x                            0x00001759   Thumb Code    52  ft6x06.o(.text)
    ft6x06_read_y                            0x0000178d   Thumb Code    80  ft6x06.o(.text)
    ft6x06_init                              0x000017dd   Thumb Code   156  ft6x06.o(.text)
    delayms                                  0x0000187d   Thumb Code    26  lcd.o(.text)
    lcd_set_pos                              0x0000190b   Thumb Code    58  lcd.o(.text)
    lcd_clear_screen                         0x00001945   Thumb Code    52  lcd.o(.text)
    lcd_draw_box                             0x00001979   Thumb Code   138  lcd.o(.text)
    lcd_draw_rectangle                       0x00001a03   Thumb Code    82  lcd.o(.text)
    lcd_draw_rectangle_centered              0x00001a55   Thumb Code   152  lcd.o(.text)
    lcd_draw_pixel                           0x00001aed   Thumb Code    28  lcd.o(.text)
    lcd_draw_char                            0x00001b09   Thumb Code   556  lcd.o(.text)
    lcd_draw_image                           0x00001d35   Thumb Code   242  lcd.o(.text)
    lcd_draw_color_image                     0x00001e27   Thumb Code   142  lcd.o(.text)
    lcd_config_gpio                          0x00001eb5   Thumb Code   190  lcd.o(.text)
    lcd_config_screen                        0x00001f73   Thumb Code   548  lcd.o(.text)
    lcd_draw_line                            0x00002197   Thumb Code   200  lcd.o(.text)
    lcd_draw_circle                          0x0000225f   Thumb Code   356  lcd.o(.text)
    init_serial_debug                        0x000023c5   Thumb Code    90  serial_debug.o(.text)
    serial_debug_rx                          0x0000241f   Thumb Code    58  serial_debug.o(.text)
    serial_debug_tx                          0x00002459   Thumb Code    82  serial_debug.o(.text)
    fputc                                    0x000024ab   Thumb Code    66  serial_debug.o(.text)
    fgetc                                    0x000024ed   Thumb Code    50  serial_debug.o(.text)
    UART0_Handler                            0x0000251f   Thumb Code   138  serial_debug.o(.text)
    Reset_Handler                            0x000025c1   Thumb Code     8  startup_tm4c123.o(.text)
    NMI_Handler                              0x000025c9   Thumb Code     2  startup_tm4c123.o(.text)
    HardFault_Handler                        0x000025cb   Thumb Code     2  startup_tm4c123.o(.text)
    MemManage_Handler                        0x000025cd   Thumb Code     2  startup_tm4c123.o(.text)
    BusFault_Handler                         0x000025cf   Thumb Code     2  startup_tm4c123.o(.text)
    UsageFault_Handler                       0x000025d1   Thumb Code     2  startup_tm4c123.o(.text)
    SVC_Handler                              0x000025d3   Thumb Code     2  startup_tm4c123.o(.text)
    DebugMon_Handler                         0x000025d5   Thumb Code     2  startup_tm4c123.o(.text)
    PendSV_Handler                           0x000025d7   Thumb Code     2  startup_tm4c123.o(.text)
    SysTick_Handler                          0x000025d9   Thumb Code     2  startup_tm4c123.o(.text)
    GPIOA_Handler                            0x000025db   Thumb Code     2  startup_tm4c123.o(.text)
    GPIOB_Handler                            0x000025dd   Thumb Code     2  startup_tm4c123.o(.text)
    GPIOC_Handler                            0x000025df   Thumb Code     2  startup_tm4c123.o(.text)
    GPIOD_Handler                            0x000025e1   Thumb Code     2  startup_tm4c123.o(.text)
    GPIOE_Handler                            0x000025e3   Thumb Code     2  startup_tm4c123.o(.text)
    UART1_Handler                            0x000025e7   Thumb Code     2  startup_tm4c123.o(.text)
    SSI0_Handler                             0x000025e9   Thumb Code     2  startup_tm4c123.o(.text)
    I2C0_Handler                             0x000025eb   Thumb Code     2  startup_tm4c123.o(.text)
    PMW0_FAULT_Handler                       0x000025ed   Thumb Code     2  startup_tm4c123.o(.text)
    PWM0_0_Handler                           0x000025ef   Thumb Code     2  startup_tm4c123.o(.text)
    PWM0_1_Handler                           0x000025f1   Thumb Code     2  startup_tm4c123.o(.text)
    PWM0_2_Handler                           0x000025f3   Thumb Code     2  startup_tm4c123.o(.text)
    QEI0_Handler                             0x000025f5   Thumb Code     2  startup_tm4c123.o(.text)
    ADC0SS0_Handler                          0x000025f7   Thumb Code     2  startup_tm4c123.o(.text)
    ADC0SS1_Handler                          0x000025f9   Thumb Code     2  startup_tm4c123.o(.text)
    ADC0SS3_Handler                          0x000025fd   Thumb Code     2  startup_tm4c123.o(.text)
    WDT0_Handler                             0x000025ff   Thumb Code     2  startup_tm4c123.o(.text)
    TIMER0B_Handler                          0x00002603   Thumb Code     2  startup_tm4c123.o(.text)
    TIMER1A_Handler                          0x00002605   Thumb Code     2  startup_tm4c123.o(.text)
    TIMER1B_Handler                          0x00002607   Thumb Code     2  startup_tm4c123.o(.text)
    TIMER2B_Handler                          0x0000260b   Thumb Code     2  startup_tm4c123.o(.text)
    COMP0_Handler                            0x0000260d   Thumb Code     2  startup_tm4c123.o(.text)
    COMP1_Handler                            0x0000260f   Thumb Code     2  startup_tm4c123.o(.text)
    COMP2_Handler                            0x00002611   Thumb Code     2  startup_tm4c123.o(.text)
    SYSCTL_Handler                           0x00002613   Thumb Code     2  startup_tm4c123.o(.text)
    FLASH_Handler                            0x00002615   Thumb Code     2  startup_tm4c123.o(.text)
    GPIOF_Handler                            0x00002617   Thumb Code     2  startup_tm4c123.o(.text)
    GPIOG_Handler                            0x00002619   Thumb Code     2  startup_tm4c123.o(.text)
    GPIOH_Handler                            0x0000261b   Thumb Code     2  startup_tm4c123.o(.text)
    UART2_Handler                            0x0000261d   Thumb Code     2  startup_tm4c123.o(.text)
    SSI1_Handler                             0x0000261f   Thumb Code     2  startup_tm4c123.o(.text)
    TIMER3B_Handler                          0x00002623   Thumb Code     2  startup_tm4c123.o(.text)
    I2C1_Handler                             0x00002625   Thumb Code     2  startup_tm4c123.o(.text)
    QEI1_Handler                             0x00002627   Thumb Code     2  startup_tm4c123.o(.text)
    CAN0_Handler                             0x00002629   Thumb Code     2  startup_tm4c123.o(.text)
    CAN1_Handler                             0x0000262b   Thumb Code     2  startup_tm4c123.o(.text)
    CAN2_Handler                             0x0000262d   Thumb Code     2  startup_tm4c123.o(.text)
    HIB_Handler                              0x0000262f   Thumb Code     2  startup_tm4c123.o(.text)
    USB0_Handler                             0x00002631   Thumb Code     2  startup_tm4c123.o(.text)
    PWM0_3_Handler                           0x00002633   Thumb Code     2  startup_tm4c123.o(.text)
    UDMA_Handler                             0x00002635   Thumb Code     2  startup_tm4c123.o(.text)
    UDMAERR_Handler                          0x00002637   Thumb Code     2  startup_tm4c123.o(.text)
    ADC1SS0_Handler                          0x00002639   Thumb Code     2  startup_tm4c123.o(.text)
    ADC1SS1_Handler                          0x0000263b   Thumb Code     2  startup_tm4c123.o(.text)
    ADC1SS2_Handler                          0x0000263d   Thumb Code     2  startup_tm4c123.o(.text)
    ADC1SS3_Handler                          0x0000263f   Thumb Code     2  startup_tm4c123.o(.text)
    GPIOJ_Handler                            0x00002641   Thumb Code     2  startup_tm4c123.o(.text)
    GPIOK_Handler                            0x00002643   Thumb Code     2  startup_tm4c123.o(.text)
    GPIOL_Handler                            0x00002645   Thumb Code     2  startup_tm4c123.o(.text)
    SSI2_Handler                             0x00002647   Thumb Code     2  startup_tm4c123.o(.text)
    SSI3_Handler                             0x00002649   Thumb Code     2  startup_tm4c123.o(.text)
    UART3_Handler                            0x0000264b   Thumb Code     2  startup_tm4c123.o(.text)
    UART4_Handler                            0x0000264d   Thumb Code     2  startup_tm4c123.o(.text)
    UART5_Handler                            0x0000264f   Thumb Code     2  startup_tm4c123.o(.text)
    UART6_Handler                            0x00002651   Thumb Code     2  startup_tm4c123.o(.text)
    UART7_Handler                            0x00002653   Thumb Code     2  startup_tm4c123.o(.text)
    I2C2_Handler                             0x00002655   Thumb Code     2  startup_tm4c123.o(.text)
    I2C3_Handler                             0x00002657   Thumb Code     2  startup_tm4c123.o(.text)
    TIMER4B_Handler                          0x0000265b   Thumb Code     2  startup_tm4c123.o(.text)
    TIMER5A_Handler                          0x0000265d   Thumb Code     2  startup_tm4c123.o(.text)
    TIMER5B_Handler                          0x0000265f   Thumb Code     2  startup_tm4c123.o(.text)
    WTIMER0A_Handler                         0x00002661   Thumb Code     2  startup_tm4c123.o(.text)
    WTIMER0B_Handler                         0x00002663   Thumb Code     2  startup_tm4c123.o(.text)
    WTIMER1A_Handler                         0x00002665   Thumb Code     2  startup_tm4c123.o(.text)
    WTIMER1B_Handler                         0x00002667   Thumb Code     2  startup_tm4c123.o(.text)
    WTIMER2A_Handler                         0x00002669   Thumb Code     2  startup_tm4c123.o(.text)
    WTIMER2B_Handler                         0x0000266b   Thumb Code     2  startup_tm4c123.o(.text)
    WTIMER3A_Handler                         0x0000266d   Thumb Code     2  startup_tm4c123.o(.text)
    WTIMER3B_Handler                         0x0000266f   Thumb Code     2  startup_tm4c123.o(.text)
    WTIMER4A_Handler                         0x00002671   Thumb Code     2  startup_tm4c123.o(.text)
    WTIMER4B_Handler                         0x00002673   Thumb Code     2  startup_tm4c123.o(.text)
    WTIMER5A_Handler                         0x00002675   Thumb Code     2  startup_tm4c123.o(.text)
    WTIMER5B_Handler                         0x00002677   Thumb Code     2  startup_tm4c123.o(.text)
    FPU_Handler                              0x00002679   Thumb Code     2  startup_tm4c123.o(.text)
    I2C4_Handler                             0x0000267b   Thumb Code     2  startup_tm4c123.o(.text)
    I2C5_Handler                             0x0000267d   Thumb Code     2  startup_tm4c123.o(.text)
    GPIOM_Handler                            0x0000267f   Thumb Code     2  startup_tm4c123.o(.text)
    GPION_Handler                            0x00002681   Thumb Code     2  startup_tm4c123.o(.text)
    QEI2_Handler                             0x00002683   Thumb Code     2  startup_tm4c123.o(.text)
    GPIOP0_Handler                           0x00002685   Thumb Code     2  startup_tm4c123.o(.text)
    GPIOP1_Handler                           0x00002687   Thumb Code     2  startup_tm4c123.o(.text)
    GPIOP2_Handler                           0x00002689   Thumb Code     2  startup_tm4c123.o(.text)
    GPIOP3_Handler                           0x0000268b   Thumb Code     2  startup_tm4c123.o(.text)
    GPIOP4_Handler                           0x0000268d   Thumb Code     2  startup_tm4c123.o(.text)
    GPIOP5_Handler                           0x0000268f   Thumb Code     2  startup_tm4c123.o(.text)
    GPIOP6_Handler                           0x00002691   Thumb Code     2  startup_tm4c123.o(.text)
    GPIOP7_Handler                           0x00002693   Thumb Code     2  startup_tm4c123.o(.text)
    GPIOQ0_Handler                           0x00002695   Thumb Code     2  startup_tm4c123.o(.text)
    GPIOQ1_Handler                           0x00002697   Thumb Code     2  startup_tm4c123.o(.text)
    GPIOQ2_Handler                           0x00002699   Thumb Code     2  startup_tm4c123.o(.text)
    GPIOQ3_Handler                           0x0000269b   Thumb Code     2  startup_tm4c123.o(.text)
    GPIOQ4_Handler                           0x0000269d   Thumb Code     2  startup_tm4c123.o(.text)
    GPIOQ5_Handler                           0x0000269f   Thumb Code     2  startup_tm4c123.o(.text)
    GPIOQ6_Handler                           0x000026a1   Thumb Code     2  startup_tm4c123.o(.text)
    GPIOQ7_Handler                           0x000026a3   Thumb Code     2  startup_tm4c123.o(.text)
    GPIOR_Handler                            0x000026a5   Thumb Code     2  startup_tm4c123.o(.text)
    GPIOS_Handler                            0x000026a7   Thumb Code     2  startup_tm4c123.o(.text)
    PMW1_0_Handler                           0x000026a9   Thumb Code     2  startup_tm4c123.o(.text)
    PWM1_1_Handler                           0x000026ab   Thumb Code     2  startup_tm4c123.o(.text)
    PWM1_2_Handler                           0x000026ad   Thumb Code     2  startup_tm4c123.o(.text)
    PWM1_3_Handler                           0x000026af   Thumb Code     2  startup_tm4c123.o(.text)
    PWM1_FAULT_Handler                       0x000026b1   Thumb Code     2  startup_tm4c123.o(.text)
    SystemCoreClockUpdate                    0x00002773   Thumb Code   184  system_tm4c123.o(.text)
    SystemInit                               0x0000282b   Thumb Code   112  system_tm4c123.o(.text)
    __scatterload                            0x0000290d   Thumb Code    28  init.o(.text)
    __scatterload_rt2                        0x0000290d   Thumb Code     0  init.o(.text)
    __scatterload_copy                       0x00002931   Thumb Code    14  handlers.o(i.__scatterload_copy)
    __scatterload_null                       0x0000293f   Thumb Code     2  handlers.o(i.__scatterload_null)
    __scatterload_zeroinit                   0x00002941   Thumb Code    14  handlers.o(i.__scatterload_zeroinit)
    malloc                                   0x00002951   Thumb Code    92  malloc.o(i.malloc)
    space_shipBitmaps                        0x000029bc   Data         252  project_images.o(.constdata)
    space_shipWidthPixels                    0x00002ab8   Data           1  project_images.o(.constdata)
    space_shipHeightPixels                   0x00002ab9   Data           1  project_images.o(.constdata)
    invaderBitmaps                           0x00002aba   Data         671  project_images.o(.constdata)
    invaderWidthPixels                       0x00002d59   Data           1  project_images.o(.constdata)
    invaderHeightPixels                      0x00002d5a   Data           1  project_images.o(.constdata)
    target1Bitmaps                           0x00002d5b   Data        1250  project_images.o(.constdata)
    target1WidthPixels                       0x0000323d   Data           1  project_images.o(.constdata)
    target1HeightPixels                      0x0000323e   Data           1  project_images.o(.constdata)
    target2Bitmaps                           0x0000323f   Data         300  project_images.o(.constdata)
    target2WidthPixels                       0x0000336b   Data           1  project_images.o(.constdata)
    target2HeightPixels                      0x0000336c   Data           1  project_images.o(.constdata)
    car1Bitmaps                              0x0000336d   Data         100  project_images.o(.constdata)
    car1WidthPixels                          0x000033d1   Data           1  project_images.o(.constdata)
    car1HeightPixels                         0x000033d2   Data           1  project_images.o(.constdata)
    car2Bitmaps                              0x000033d3   Data         140  project_images.o(.constdata)
    car2WidthPixels                          0x0000345f   Data           1  project_images.o(.constdata)
    car2HeightPixels                         0x00003460   Data           1  project_images.o(.constdata)
    welcomeScreenTitleBitmaps                0x00003461   Data        1034  project_images.o(.constdata)
    welcomeScreenTitleWidthPixels            0x0000386b   Data           1  project_images.o(.constdata)
    welcomeScreenTitleHeightPixels           0x0000386c   Data           1  project_images.o(.constdata)
    touchAnywhereBitmaps                     0x0000386d   Data        1056  project_images.o(.constdata)
    touchAnywhereWidthPixels                 0x00003c8d   Data           1  project_images.o(.constdata)
    touchAnywhereHeightPixels                0x00003c8e   Data           1  project_images.o(.constdata)
    gameOverBitmaps                          0x00003c8f   Data         480  project_images.o(.constdata)
    gameOverWidthPixels                      0x00003e6f   Data           1  project_images.o(.constdata)
    gameOverHeightPixels                     0x00003e70   Data           1  project_images.o(.constdata)
    highScoreBitmaps                         0x00003e71   Data         300  project_images.o(.constdata)
    highScoreWidthPixels                     0x00003f9d   Data           1  project_images.o(.constdata)
    highScoreHeightPixels                    0x00003f9e   Data           1  project_images.o(.constdata)
    Region$$Table$$Base                      0x00003fa0   Number         0  anon$$obj.o(Region$$Table)
    Region$$Table$$Limit                     0x00003fc0   Number         0  anon$$obj.o(Region$$Table)
    touch_edge1                              0x20000008   Data           1  project_interrupts.o(.data)
    touch_edge2                              0x20000009   Data           1  project_interrupts.o(.data)
    CAR11_X_COORD                            0x2000000c   Data           2  hw3.o(.data)
    CAR11_Y_COORD                            0x2000000e   Data           2  hw3.o(.data)
    CAR12_X_COORD                            0x20000010   Data           2  hw3.o(.data)
    CAR12_Y_COORD                            0x20000012   Data           2  hw3.o(.data)
    CAR21_X_COORD                            0x20000014   Data           2  hw3.o(.data)
    CAR21_Y_COORD                            0x20000016   Data           2  hw3.o(.data)
    CAR22_X_COORD                            0x20000018   Data           2  hw3.o(.data)
    CAR22_Y_COORD                            0x2000001a   Data           2  hw3.o(.data)
    PLAYER_X_COORD                           0x2000001c   Data           2  hw3.o(.data)
    PLAYER_Y_COORD                           0x2000001e   Data           2  hw3.o(.data)
    ALERT_CAR                                0x20000020   Data           1  hw3.o(.data)
    ALERT_TRUCK                              0x20000021   Data           1  hw3.o(.data)
    ALERT_PLAYER                             0x20000022   Data           1  hw3.o(.data)
    STUDENT_NAME                             0x20000023   Data          37  hw3.o(.data)
    screen_height                            0x20000048   Data           4  hw3.o(.data)
    screen_width                             0x2000004c   Data           4  hw3.o(.data)
    game_state                               0x20000050   Data           1  hw3.o(.data)
    SystemCoreClock                          0x20000054   Data           4  system_tm4c123.o(.data)
    __stdout                                 0x20000058   Data           4  stdout.o(.data)
    __microlib_freelist                      0x2000005c   Data           4  mvars.o(.data)
    __microlib_freelist_initialised          0x20000060   Data           4  mvars.o(.data)
    ship                                     0x20000064   Data          16  hw3.o(.bss)
    invader                                  0x20000074   Data          16  hw3.o(.bss)
    UART0_Tx_Buffer                          0x20000084   Data          14  serial_debug.o(.bss)
    UART0_Rx_Buffer                          0x20000092   Data          14  serial_debug.o(.bss)
    __heap_base                              0x200000a0   Data           0  startup_tm4c123.o(HEAP)
    __heap_limit                             0x200000a0   Data           0  startup_tm4c123.o(HEAP)
    __initial_sp                             0x200010a0   Data           0  startup_tm4c123.o(STACK)



==============================================================================

Memory Map of the image

  Image Entry point : 0x000025c1

  Load Region LR_1 (Base: 0x00000000, Size: 0x00004024, Max: 0xffffffff, ABSOLUTE)

    Execution Region ER_RO (Exec base: 0x00000000, Load base: 0x00000000, Size: 0x00003fc0, Max: 0xffffffff, ABSOLUTE)

    Exec Addr    Load Addr    Size         Type   Attr      Idx    E Section Name        Object

    0x00000000   0x00000000   0x0000026c   Data   RO          703    RESET               startup_tm4c123.o
    0x0000026c   0x0000026c   0x00000000   Code   RO          738  * .ARM.Collect$$$$00000000  mc_w.l(entry.o)
    0x0000026c   0x0000026c   0x00000004   Code   RO          770    .ARM.Collect$$$$00000001  mc_w.l(entry2.o)
    0x00000270   0x00000270   0x00000004   Code   RO          773    .ARM.Collect$$$$00000004  mc_w.l(entry5.o)
    0x00000274   0x00000274   0x00000000   Code   RO          775    .ARM.Collect$$$$00000008  mc_w.l(entry7b.o)
    0x00000274   0x00000274   0x00000000   Code   RO          777    .ARM.Collect$$$$0000000A  mc_w.l(entry8b.o)
    0x00000274   0x00000274   0x00000008   Code   RO          778    .ARM.Collect$$$$0000000B  mc_w.l(entry9a.o)
    0x0000027c   0x0000027c   0x00000000   Code   RO          780    .ARM.Collect$$$$0000000D  mc_w.l(entry10a.o)
    0x0000027c   0x0000027c   0x00000000   Code   RO          782    .ARM.Collect$$$$0000000F  mc_w.l(entry11a.o)
    0x0000027c   0x0000027c   0x00000004   Code   RO          771    .ARM.Collect$$$$00002712  mc_w.l(entry2.o)
    0x00000280   0x00000280   0x00000014   Code   RO            4    .text               main.o
    0x00000294   0x00000294   0x00000030   Code   RO          143    .text               project_hardware_init.o
    0x000002c4   0x000002c4   0x000002c4   Code   RO          167    .text               project_interrupts.o
    0x00000588   0x00000588   0x00000118   Code   RO          237    .text               ps2-new.o
    0x000006a0   0x000006a0   0x00000624   Code   RO          265    .text               hw3.o
    0x00000cc4   0x00000cc4   0x000002c4   Code   RO          320    .text               gpio_port.o
    0x00000f88   0x00000f88   0x00000208   Code   RO          344    .text               i2c.o
    0x00001190   0x00001190   0x0000007c   Code   RO          365    .text               pc_buffer.o
    0x0000120c   0x0000120c   0x00000248   Code   RO          410    .text               timers.o
    0x00001454   0x00001454   0x00000284   Code   RO          434    .text               uart.o
    0x000016d8   0x000016d8   0x000001a4   Code   RO          543    .text               ft6x06.o
    0x0000187c   0x0000187c   0x00000b46   Code   RO          591    .text               lcd.o
    0x000023c2   0x000023c2   0x00000002   PAD
    0x000023c4   0x000023c4   0x000001fc   Code   RO          615    .text               serial_debug.o
    0x000025c0   0x000025c0   0x000000fc   Code   RO          704  * .text               startup_tm4c123.o
    0x000026bc   0x000026bc   0x00000250   Code   RO          711    .text               system_tm4c123.o
    0x0000290c   0x0000290c   0x00000024   Code   RO          790    .text               mc_w.l(init.o)
    0x00002930   0x00002930   0x0000000e   Code   RO          794    i.__scatterload_copy  mc_w.l(handlers.o)
    0x0000293e   0x0000293e   0x00000002   Code   RO          795    i.__scatterload_null  mc_w.l(handlers.o)
    0x00002940   0x00002940   0x0000000e   Code   RO          796    i.__scatterload_zeroinit  mc_w.l(handlers.o)
    0x0000294e   0x0000294e   0x00000002   PAD
    0x00002950   0x00002950   0x0000006c   Code   RO          743    i.malloc            mc_w.l(malloc.o)
    0x000029bc   0x000029bc   0x000015e3   Data   RO          222    .constdata          project_images.o
    0x00003f9f   0x00003f9f   0x00000001   PAD
    0x00003fa0   0x00003fa0   0x00000020   Data   RO          792    Region$$Table       anon$$obj.o


    Execution Region ER_RW (Exec base: 0x20000000, Load base: 0x00003fc0, Size: 0x00000064, Max: 0xffffffff, ABSOLUTE)

    Exec Addr    Load Addr    Size         Type   Attr      Idx    E Section Name        Object

    0x20000000   0x00003fc0   0x0000000a   Data   RW          168    .data               project_interrupts.o
    0x2000000a   0x00003fca   0x00000002   PAD
    0x2000000c   0x00003fcc   0x00000045   Data   RW          267    .data               hw3.o
    0x20000051   0x00004011   0x00000002   Data   RW          617    .data               serial_debug.o
    0x20000053   0x00004013   0x00000001   PAD
    0x20000054   0x00004014   0x00000004   Data   RW          712    .data               system_tm4c123.o
    0x20000058   0x00004018   0x00000004   Data   RW          741    .data               mc_w.l(stdout.o)
    0x2000005c   0x0000401c   0x00000004   Data   RW          788    .data               mc_w.l(mvars.o)
    0x20000060   0x00004020   0x00000004   Data   RW          789    .data               mc_w.l(mvars.o)


    Execution Region ER_ZI (Exec base: 0x20000064, Load base: 0x00004024, Size: 0x0000103c, Max: 0xffffffff, ABSOLUTE)

    Exec Addr    Load Addr    Size         Type   Attr      Idx    E Section Name        Object

    0x20000064        -       0x00000020   Zero   RW          266    .bss                hw3.o
    0x20000084        -       0x0000001c   Zero   RW          616    .bss                serial_debug.o
    0x200000a0        -       0x00000000   Zero   RW          702    HEAP                startup_tm4c123.o
    0x200000a0        -       0x00001000   Zero   RW          701    STACK               startup_tm4c123.o


==============================================================================

Image component sizes


      Code (inc. data)   RO Data    RW Data    ZI Data      Debug   Object Name

       420          4          0          0          0       2412   ft6x06.o
       708         32          0          0          0       5338   gpio_port.o
      1572        278          0         69         32       4500   hw3.o
       520         24          0          0          0       3757   i2c.o
      2886         28          0          0          0       8312   lcd.o
        20          0          0          0          0      30018   main.o
       124          0          0          0          0       2019   pc_buffer.o
        48          8          0          0          0        502   project_hardware_init.o
         0          0       5603          0          0       2217   project_images.o
       708        110          0         10          0       2082   project_interrupts.o
       280         24          0          0          0      31611   ps2-new.o
       508         24          0          2         28       5881   serial_debug.o
       252         10        620          0       4096       5432   startup_tm4c123.o
       592        138          0          4          0       1537   system_tm4c123.o
       584         24          0          0          0       2873   timers.o
       644         50          0          0          0       3572   uart.o

    ----------------------------------------------------------------------
      9868        754       6256         88       4156     112063   Object Totals
         0          0         32          0          0          0   (incl. Generated)
         2          0          1          3          0          0   (incl. Padding)

    ----------------------------------------------------------------------

      Code (inc. data)   RO Data    RW Data    ZI Data      Debug   Library Member Name

         0          0          0          0          0          0   entry.o
         0          0          0          0          0          0   entry10a.o
         0          0          0          0          0          0   entry11a.o
         8          4          0          0          0          0   entry2.o
         4          0          0          0          0          0   entry5.o
         0          0          0          0          0          0   entry7b.o
         0          0          0          0          0          0   entry8b.o
         8          4          0          0          0          0   entry9a.o
        30          0          0          0          0          0   handlers.o
        36          8          0          0          0         68   init.o
       108         16          0          0          0         84   malloc.o
         0          0          0          8          0          0   mvars.o
         0          0          0          4          0          0   stdout.o

    ----------------------------------------------------------------------
       196         32          0         12          0        152   Library Totals
         2          0          0          0          0          0   (incl. Padding)

    ----------------------------------------------------------------------

      Code (inc. data)   RO Data    RW Data    ZI Data      Debug   Library Name

       194         32          0         12          0        152   mc_w.l

    ----------------------------------------------------------------------
       196         32          0         12          0        152   Library Totals

    ----------------------------------------------------------------------

==============================================================================


      Code (inc. data)   RO Data    RW Data    ZI Data      Debug   

     10064        786       6256        100       4156     110219   Grand Totals
     10064        786       6256        100       4156     110219   ELF Image Totals
     10064        786       6256        100          0          0   ROM Totals

==============================================================================

    Total RO  Size (Code + RO Data)                16320 (  15.94kB)
    Total RW  Size (RW Data + ZI Data)              4256 (   4.16kB)
    Total ROM Size (Code + RO Data + RW Data)      16420 (  16.04kB)

==============================================================================

