<html>
<body>
<pre>
<h1>µVision Build Log</h1>
<h2>Tool Versions:</h2>
IDE-Version: µVision V5.29.0.0
Copyright (C) 2019 ARM Ltd and ARM Germany GmbH. All rights reserved.
License Information: Quinn K, UWMADISON, LIC=----
 
Tool Versions:
Toolchain:       MDK-Lite  Version: 5.29.0.0
Toolchain Path:  C:\Keil_v5\ARM\ARMCC\Bin
C Compiler:      Armcc.exe V5.06 update 6 (build 750)
Assembler:       Armasm.exe V5.06 update 6 (build 750)
Linker/Locator:  ArmLink.exe V5.06 update 6 (build 750)
Library Manager: ArmAr.exe V5.06 update 6 (build 750)
Hex Converter:   FromElf.exe V5.06 update 6 (build 750)
CPU DLL:         SARMCM3.DLL V5.29.0.0
Dialog DLL:      DCM.DLL V1.17.3.0
Target DLL:      lmidk-agdi.dll V???
Dialog DLL:      TCM.DLL V1.36.5.0
 
<h2>Project:</h2>
C:\Users\Qcon1\Documents\353\ece353_project_game\Project.uvprojx
Project File Date:  05/02/2020

<h2>Output:</h2>
*** Using Compiler 'V5.06 update 6 (build 750)', folder: 'C:\Keil_v5\ARM\ARMCC\Bin'
Rebuild target 'Project-F19'
compiling project_images.c...
compiling main.c...
hw3.h(87): warning:  #1-D: last line of file ends without a newline
  #endif
main.c: 1 warning, 0 errors
compiling ps2-new.c...
compiling project_interrupts.c...
hw3.h(87): warning:  #1-D: last line of file ends without a newline
  #endif
project_interrupts.c: 1 warning, 0 errors
compiling hw3_staff.c...
hw3.h(87): warning:  #1-D: last line of file ends without a newline
  #endif
hw3_staff.c: 1 warning, 0 errors
compiling project_hardware_init.c...
hw3.h(87): warning:  #1-D: last line of file ends without a newline
  #endif
project_hardware_init.c: 1 warning, 0 errors
compiling hw3.c...
hw3.h(87): warning:  #1-D: last line of file ends without a newline
  #endif
hw3.c: 1 warning, 0 errors
compiling adc.c...
..\ece353_project_game\drivers\c\adc.c(54): warning:  #188-D: enumerated type mixed with another type
         return ADC0SS0_IRQn + ss_num;
..\ece353_project_game\drivers\c\adc.c(58): warning:  #188-D: enumerated type mixed with another type
         return ADC1SS0_IRQn + ss_num;
..\ece353_project_game\drivers\c\adc.c(62): warning:  #188-D: enumerated type mixed with another type
         return 0;
..\ece353_project_game\drivers\c\adc.c(29): warning:  #177-D: function "verify_base_addr"  was declared but never referenced
  static bool verify_base_addr(uint32_t baseAddr)
..\ece353_project_game\drivers\c\adc.c: 4 warnings, 0 errors
compiling pc_buffer.c...
compiling gpio_port.c...
..\ece353_project_game\drivers\c\gpio_port.c(82): warning:  #188-D: enumerated type mixed with another type
         return 0;
..\ece353_project_game\drivers\c\gpio_port.c: 1 warning, 0 errors
compiling i2c.c...
compiling spi.c...
compiling uart.c...
..\ece353_project_game\drivers\c\uart.c(184): warning:  #188-D: enumerated type mixed with another type
         return 0;
..\ece353_project_game\drivers\c\uart.c: 1 warning, 0 errors
compiling timers.c...
..\ece353_project_game\drivers\c\timers.c(60): warning:  #188-D: enumerated type mixed with another type
         return 0;
..\ece353_project_game\drivers\c\timers.c: 1 warning, 0 errors
compiling accel.c...
..\ece353_project_game\peripherals\c\accel.c(10): warning:  #177-D: function "accel_CSN_low"  was declared but never referenced
  static __INLINE void  accel_CSN_low(void)
..\ece353_project_game\peripherals\c\accel.c(18): warning:  #177-D: function "accel_CSN_high"  was declared but never referenced
  static __INLINE void  accel_CSN_high(void)
..\ece353_project_game\peripherals\c\accel.c: 2 warnings, 0 errors
compiling gptimer.c...
assembling ws2812b.s...
compiling eeprom.c...
compiling ft6x06.c...
compiling ece353_images.c...
compiling launchpad_io.c...
compiling serial_debug.c...
compiling lcd_images.c...
compiling spi_select.c...
assembling startup_TM4C123.s...
compiling lcd.c...
compiling system_TM4C123.c...
linking...
Program Size: Code=8232 RO-data=3360 RW-data=88 ZI-data=4160  
".\obj\ece353_base_project.axf" - 0 Error(s), 14 Warning(s).

<h2>Software Packages used:</h2>

Package Vendor: ARM
                http://www.keil.com/pack/ARM.CMSIS.5.6.0.pack
                ARM.CMSIS.5.6.0
                CMSIS (Cortex Microcontroller Software Interface Standard)
   * Component: CORE Version: 5.3.0

Package Vendor: Keil
                http://www.keil.com/pack/Keil.TM4C_DFP.1.1.0.pack
                Keil.TM4C_DFP.1.1.0
                Texas Instruments Tiva C Series Device Support and Examples
   * Component: Startup Version: 1.0.1

<h2>Collection of Component include folders:</h2>
  .\RTE\_Project-F19
  C:\Users\Qcon1\AppData\Local\Arm\Packs\ARM\CMSIS\5.6.0\CMSIS\Core\Include
  C:\Users\Qcon1\AppData\Local\Arm\Packs\Keil\TM4C_DFP\1.1.0\Device\Include\TM4C123

<h2>Collection of Component Files used:</h2>

   * Component: ARM::CMSIS:CORE:5.3.0

   * Component: Keil::Device:Startup:1.0.1
      Include file:  Device\Include\TM4C123\TM4C123.h
      Source file:   Device\Source\ARM\startup_TM4C123.s
      Source file:   Device\Source\system_TM4C123.c
Build Time Elapsed:  00:00:02
</pre>
</body>
</html>
